[0.831s] Invoking command in '/home/cvl/CS_Animatronics/src/imu_receiver': CONDA_PROMPT_MODIFIER=(base) DEBUGINFOD_URLS=https://debuginfod.ubuntu.com PYTHONPATH=/home/cvl/CS_Animatronics/src/build/imu_receiver/prefix_override:/usr/lib/python3/dist-packages/colcon_core/task/python/colcon_distutils_commands:/home/cvl/CS_Animatronics/src/install/imu_receiver/lib/python3.12/site-packages:${PYTHONPATH} /usr/bin/python3 -W ignore:setup.py install is deprecated -W ignore:easy_install command is deprecated setup.py egg_info --egg-base ../build/imu_receiver build --build-base /home/cvl/CS_Animatronics/src/build/imu_receiver/build install --record /home/cvl/CS_Animatronics/src/build/imu_receiver/install.log --single-version-externally-managed install_data
[1.047s] running egg_info
[1.048s] creating ../build/imu_receiver/imu_receiver.egg-info
[1.065s] writing ../build/imu_receiver/imu_receiver.egg-info/PKG-INFO
[1.065s] writing dependency_links to ../build/imu_receiver/imu_receiver.egg-info/dependency_links.txt
[1.065s] writing entry points to ../build/imu_receiver/imu_receiver.egg-info/entry_points.txt
[1.065s] writing requirements to ../build/imu_receiver/imu_receiver.egg-info/requires.txt
[1.065s] writing top-level names to ../build/imu_receiver/imu_receiver.egg-info/top_level.txt
[1.066s] writing manifest file '../build/imu_receiver/imu_receiver.egg-info/SOURCES.txt'
[1.100s] reading manifest file '../build/imu_receiver/imu_receiver.egg-info/SOURCES.txt'
[1.101s] writing manifest file '../build/imu_receiver/imu_receiver.egg-info/SOURCES.txt'
[1.102s] running build
[1.102s] running build_py
[1.102s] creating /home/cvl/CS_Animatronics/src/build/imu_receiver/build
[1.102s] creating /home/cvl/CS_Animatronics/src/build/imu_receiver/build/lib
[1.102s] creating /home/cvl/CS_Animatronics/src/build/imu_receiver/build/lib/imu_receiver
[1.102s] copying imu_receiver/__init__.py -> /home/cvl/CS_Animatronics/src/build/imu_receiver/build/lib/imu_receiver
[1.102s] copying imu_receiver/imu_receiver_node.py -> /home/cvl/CS_Animatronics/src/build/imu_receiver/build/lib/imu_receiver
[1.102s] running install
[1.107s] running install_lib
[1.124s] creating /home/cvl/CS_Animatronics/src/install/imu_receiver/lib/python3.12/site-packages/imu_receiver
[1.125s] copying /home/cvl/CS_Animatronics/src/build/imu_receiver/build/lib/imu_receiver/__init__.py -> /home/cvl/CS_Animatronics/src/install/imu_receiver/lib/python3.12/site-packages/imu_receiver
[1.125s] copying /home/cvl/CS_Animatronics/src/build/imu_receiver/build/lib/imu_receiver/imu_receiver_node.py -> /home/cvl/CS_Animatronics/src/install/imu_receiver/lib/python3.12/site-packages/imu_receiver
[1.125s] byte-compiling /home/cvl/CS_Animatronics/src/install/imu_receiver/lib/python3.12/site-packages/imu_receiver/__init__.py to __init__.cpython-312.pyc
[1.125s] byte-compiling /home/cvl/CS_Animatronics/src/install/imu_receiver/lib/python3.12/site-packages/imu_receiver/imu_receiver_node.py to imu_receiver_node.cpython-312.pyc
[1.126s] running install_data
[1.126s] creating /home/cvl/CS_Animatronics/src/install/imu_receiver/share/ament_index
[1.126s] creating /home/cvl/CS_Animatronics/src/install/imu_receiver/share/ament_index/resource_index
[1.126s] creating /home/cvl/CS_Animatronics/src/install/imu_receiver/share/ament_index/resource_index/packages
[1.126s] copying resource/imu_receiver -> /home/cvl/CS_Animatronics/src/install/imu_receiver/share/ament_index/resource_index/packages
[1.126s] copying package.xml -> /home/cvl/CS_Animatronics/src/install/imu_receiver/share/imu_receiver
[1.126s] running install_egg_info
[1.145s] Copying ../build/imu_receiver/imu_receiver.egg-info to /home/cvl/CS_Animatronics/src/install/imu_receiver/lib/python3.12/site-packages/imu_receiver-0.0.0-py3.12.egg-info
[1.145s] running install_scripts
[1.252s] Installing imu_receiver_node script to /home/cvl/CS_Animatronics/src/install/imu_receiver/lib/imu_receiver
[1.252s] writing list of installed files to '/home/cvl/CS_Animatronics/src/build/imu_receiver/install.log'
[1.275s] Invoked command in '/home/cvl/CS_Animatronics/src/imu_receiver' returned '0': CONDA_PROMPT_MODIFIER=(base) DEBUGINFOD_URLS=https://debuginfod.ubuntu.com PYTHONPATH=/home/cvl/CS_Animatronics/src/build/imu_receiver/prefix_override:/usr/lib/python3/dist-packages/colcon_core/task/python/colcon_distutils_commands:/home/cvl/CS_Animatronics/src/install/imu_receiver/lib/python3.12/site-packages:${PYTHONPATH} /usr/bin/python3 -W ignore:setup.py install is deprecated -W ignore:easy_install command is deprecated setup.py egg_info --egg-base ../build/imu_receiver build --build-base /home/cvl/CS_Animatronics/src/build/imu_receiver/build install --record /home/cvl/CS_Animatronics/src/build/imu_receiver/install.log --single-version-externally-managed install_data
