[0.013s] Invoking command in '/home/cvl/CS_Animatronics/src/build/dynamixel_sdk': CMAKE_PREFIX_PATH=${CMAKE_PREFIX_PATH}:/opt/ros/jazzy CONDA_PROMPT_MODIFIER=(base) DEBUGINFOD_URLS=https://debuginfod.ubuntu.com /usr/bin/cmake /home/cvl/CS_Animatronics/src/dynamixel_sdk -DCMAKE_INSTALL_PREFIX=/home/cvl/CS_Animatronics/src/install/dynamixel_sdk
[0.207s] -- Found ament_cmake: 2.5.4 (/opt/ros/jazzy/share/ament_cmake/cmake)
[0.207s] -- Configuring incomplete, errors occurred!
[0.207s] Traceback (most recent call last):
[0.207s]   File "/opt/ros/jazzy/share/ament_cmake_core/cmake/core/package_xml_2_cmake.py", line 22, in <module>
[0.207s]     from catkin_pkg.package import parse_package_string
[0.207s] ModuleNotFoundError: No module named 'catkin_pkg'
[0.207s] [31mCMake Error at /opt/ros/jazzy/share/ament_cmake_core/cmake/core/ament_package_xml.cmake:95 (message):
[0.208s]   execute_process(/home/cvl/miniconda3/bin/python3
[0.208s]   /opt/ros/jazzy/share/ament_cmake_core/cmake/core/package_xml_2_cmake.py
[0.208s]   /home/cvl/CS_Animatronics/src/dynamixel_sdk/package.xml
[0.208s]   /home/cvl/CS_Animatronics/src/build/dynamixel_sdk/ament_cmake_core/package.cmake)
[0.208s]   returned error code 1
[0.208s] Call Stack (most recent call first):
[0.208s]   /opt/ros/jazzy/share/ament_cmake_core/cmake/core/ament_package_xml.cmake:49 (_ament_package_xml)
[0.208s]   /opt/ros/jazzy/share/ament_cmake_core/cmake/core/ament_package.cmake:63 (ament_package_xml)
[0.208s]   CMakeLists.txt:75 (ament_package)
[0.208s] 
[0.209s] [0m
[0.378s] Invoked command in '/home/cvl/CS_Animatronics/src/build/dynamixel_sdk' returned '1': CMAKE_PREFIX_PATH=${CMAKE_PREFIX_PATH}:/opt/ros/jazzy CONDA_PROMPT_MODIFIER=(base) DEBUGINFOD_URLS=https://debuginfod.ubuntu.com /usr/bin/cmake /home/cvl/CS_Animatronics/src/dynamixel_sdk -DCMAKE_INSTALL_PREFIX=/home/cvl/CS_Animatronics/src/install/dynamixel_sdk
