[1.074s] Invoking command in '/home/cvl/CS_Animatronics/src/controller_publisher': CONDA_PROMPT_MODIFIER=(base) DEBUGINFOD_URLS=https://debuginfod.ubuntu.com PYTHONPATH=/home/cvl/CS_Animatronics/src/build/controller_publisher/prefix_override:/usr/lib/python3/dist-packages/colcon_core/task/python/colcon_distutils_commands:/home/cvl/CS_Animatronics/src/install/controller_publisher/lib/python3.12/site-packages:${PYTHONPATH} /usr/bin/python3 -W ignore:setup.py install is deprecated -W ignore:easy_install command is deprecated setup.py egg_info --egg-base ../build/controller_publisher build --build-base /home/cvl/CS_Animatronics/src/build/controller_publisher/build install --record /home/cvl/CS_Animatronics/src/build/controller_publisher/install.log --single-version-externally-managed install_data
[1.314s] running egg_info
[1.332s] writing ../build/controller_publisher/controller_publisher.egg-info/PKG-INFO
[1.333s] writing dependency_links to ../build/controller_publisher/controller_publisher.egg-info/dependency_links.txt
[1.333s] writing entry points to ../build/controller_publisher/controller_publisher.egg-info/entry_points.txt
[1.333s] writing requirements to ../build/controller_publisher/controller_publisher.egg-info/requires.txt
[1.333s] writing top-level names to ../build/controller_publisher/controller_publisher.egg-info/top_level.txt
[1.371s] reading manifest file '../build/controller_publisher/controller_publisher.egg-info/SOURCES.txt'
[1.371s] writing manifest file '../build/controller_publisher/controller_publisher.egg-info/SOURCES.txt'
[1.372s] running build
[1.372s] running build_py
[1.372s] running install
[1.377s] running install_lib
[1.398s] running install_data
[1.398s] running install_egg_info
[1.420s] removing '/home/cvl/CS_Animatronics/src/install/controller_publisher/lib/python3.12/site-packages/controller_publisher-0.0.0-py3.12.egg-info' (and everything under it)
[1.420s] Copying ../build/controller_publisher/controller_publisher.egg-info to /home/cvl/CS_Animatronics/src/install/controller_publisher/lib/python3.12/site-packages/controller_publisher-0.0.0-py3.12.egg-info
[1.421s] running install_scripts
[1.534s] Installing controller_publisher script to /home/cvl/CS_Animatronics/src/install/controller_publisher/lib/controller_publisher
[1.534s] writing list of installed files to '/home/cvl/CS_Animatronics/src/build/controller_publisher/install.log'
[1.555s] Invoked command in '/home/cvl/CS_Animatronics/src/controller_publisher' returned '0': CONDA_PROMPT_MODIFIER=(base) DEBUGINFOD_URLS=https://debuginfod.ubuntu.com PYTHONPATH=/home/cvl/CS_Animatronics/src/build/controller_publisher/prefix_override:/usr/lib/python3/dist-packages/colcon_core/task/python/colcon_distutils_commands:/home/cvl/CS_Animatronics/src/install/controller_publisher/lib/python3.12/site-packages:${PYTHONPATH} /usr/bin/python3 -W ignore:setup.py install is deprecated -W ignore:easy_install command is deprecated setup.py egg_info --egg-base ../build/controller_publisher build --build-base /home/cvl/CS_Animatronics/src/build/controller_publisher/build install --record /home/cvl/CS_Animatronics/src/build/controller_publisher/install.log --single-version-externally-managed install_data
