[0.054s] Invoking command in '/home/csanimatronics/CS_Animatronics/src/build/motor_command_msg': CMAKE_PREFIX_PATH=${CMAKE_PREFIX_PATH}:/opt/ros/jazzy DEBUGINFOD_URLS=https://debuginfod.ubuntu.com /usr/bin/cmake /home/csanimatronics/CS_Animatronics/src/motor_commands -DCMAKE_INSTALL_PREFIX=/home/csanimatronics/CS_Animatronics/src/install/motor_command_msg
[0.272s] -- The C compiler identification is GNU 13.3.0
[0.457s] -- The CXX compiler identification is GNU 13.3.0
[0.509s] -- Detecting C compiler ABI info
[0.781s] -- Detecting C compiler ABI info - done
[0.838s] -- Check for working C compiler: /usr/bin/cc - skipped
[0.838s] -- Detecting C compile features
[0.838s] -- Detecting C compile features - done
[0.859s] -- Detecting CXX compiler ABI info
[1.168s] -- Detecting CXX compiler ABI info - done
[1.190s] -- Check for working CXX compiler: /usr/bin/c++ - skipped
[1.192s] -- Detecting CXX compile features
[1.196s] -- Detecting CXX compile features - done
[1.198s] -- Found ament_cmake: 2.5.3 (/opt/ros/jazzy/share/ament_cmake/cmake)
[1.606s] -- Found Python3: /usr/bin/python3 (found version "3.12.3") found components: Interpreter 
[1.884s] -- Found builtin_interfaces: 2.0.2 (/opt/ros/jazzy/share/builtin_interfaces/cmake)
[1.974s] -- Found rosidl_generator_c: 4.6.5 (/opt/ros/jazzy/share/rosidl_generator_c/cmake)
[1.997s] -- Found rosidl_generator_cpp: 4.6.5 (/opt/ros/jazzy/share/rosidl_generator_cpp/cmake)
[2.043s] -- Using all available rosidl_typesupport_c: rosidl_typesupport_fastrtps_c;rosidl_typesupport_introspection_c
[2.074s] -- Using all available rosidl_typesupport_cpp: rosidl_typesupport_fastrtps_cpp;rosidl_typesupport_introspection_cpp
[2.104s] -- Found rosidl_default_generators: 1.6.0 (/opt/ros/jazzy/share/rosidl_default_generators/cmake)
[2.139s] -- Found rosidl_adapter: 4.6.5 (/opt/ros/jazzy/share/rosidl_adapter/cmake)
[5.246s] -- Found ament_cmake_ros: 0.12.0 (/opt/ros/jazzy/share/ament_cmake_ros/cmake)
[7.000s] -- Using all available rosidl_typesupport_c: rosidl_typesupport_fastrtps_c;rosidl_typesupport_introspection_c
[7.561s] -- Using all available rosidl_typesupport_cpp: rosidl_typesupport_fastrtps_cpp;rosidl_typesupport_introspection_cpp
[7.564s] -- Found python_cmake_module: 0.11.1 (/opt/ros/jazzy/share/python_cmake_module/cmake)
[7.848s] -- Found PythonExtra: /usr/bin/python3  
[8.819s] -- Found Python3: /usr/bin/python3 (found version "3.12.3") found components: Interpreter Development NumPy Development.Module Development.Embed 
[8.891s] -- Configuring done (8.8s)
[8.953s] -- Generating done (0.0s)
[8.970s] -- Build files have been written to: /home/csanimatronics/CS_Animatronics/src/build/motor_command_msg
[9.002s] Invoked command in '/home/csanimatronics/CS_Animatronics/src/build/motor_command_msg' returned '0': CMAKE_PREFIX_PATH=${CMAKE_PREFIX_PATH}:/opt/ros/jazzy DEBUGINFOD_URLS=https://debuginfod.ubuntu.com /usr/bin/cmake /home/csanimatronics/CS_Animatronics/src/motor_commands -DCMAKE_INSTALL_PREFIX=/home/csanimatronics/CS_Animatronics/src/install/motor_command_msg
[9.004s] Invoking command in '/home/csanimatronics/CS_Animatronics/src/build/motor_command_msg': CMAKE_PREFIX_PATH=${CMAKE_PREFIX_PATH}:/opt/ros/jazzy DEBUGINFOD_URLS=https://debuginfod.ubuntu.com /usr/bin/cmake --build /home/csanimatronics/CS_Animatronics/src/build/motor_command_msg -- -j4 -l4
[9.112s] [  2%] [34m[1mGenerating type hashes for ROS interfaces[0m
[9.127s] [  2%] Built target ament_cmake_python_copy_motor_command_msg
[9.626s] [  2%] Built target motor_command_msg__rosidl_generator_type_description
[9.629s] running egg_info
[9.631s] creating motor_command_msg.egg-info
[9.648s] [  5%] [34m[1mGenerating C code for ROS interfaces[0m
[9.668s] writing motor_command_msg.egg-info/PKG-INFO
[9.668s] writing dependency_links to motor_command_msg.egg-info/dependency_links.txt
[9.668s] writing top-level names to motor_command_msg.egg-info/top_level.txt
[9.669s] writing manifest file 'motor_command_msg.egg-info/SOURCES.txt'
[9.725s] [  8%] [34m[1mGenerating C++ code for ROS interfaces[0m
[9.834s] reading manifest file 'motor_command_msg.egg-info/SOURCES.txt'
[9.835s] writing manifest file 'motor_command_msg.egg-info/SOURCES.txt'
[10.043s] [  8%] Built target ament_cmake_python_build_motor_command_msg_egg
[10.612s] [  8%] Built target motor_command_msg__cpp
[10.638s] [ 11%] [32mBuilding C object CMakeFiles/motor_command_msg__rosidl_generator_c.dir/rosidl_generator_c/motor_command_msg/msg/detail/id_angle__description.c.o[0m
[10.647s] [ 14%] [32mBuilding C object CMakeFiles/motor_command_msg__rosidl_generator_c.dir/rosidl_generator_c/motor_command_msg/msg/detail/id_angle__functions.c.o[0m
[10.650s] [ 17%] [32mBuilding C object CMakeFiles/motor_command_msg__rosidl_generator_c.dir/rosidl_generator_c/motor_command_msg/msg/detail/id_angle__type_support.c.o[0m
[10.776s] [ 20%] [32m[1mLinking C shared library libmotor_command_msg__rosidl_generator_c.so[0m
[10.920s] [ 20%] Built target motor_command_msg__rosidl_generator_c
[10.946s] [ 23%] [34m[1mGenerating C++ type support for eProsima Fast-RTPS[0m
[10.951s] [ 26%] [34m[1mGenerating C++ introspection for ROS interfaces[0m
[10.962s] [ 29%] [34m[1mGenerating C type support dispatch for ROS interfaces[0m
[10.972s] [ 32%] [34m[1mGenerating C introspection for ROS interfaces[0m
[11.874s] [ 35%] [32mBuilding C object CMakeFiles/motor_command_msg__rosidl_typesupport_introspection_c.dir/rosidl_typesupport_introspection_c/motor_command_msg/msg/detail/id_angle__type_support.c.o[0m
[11.898s] [ 38%] [32mBuilding CXX object CMakeFiles/motor_command_msg__rosidl_typesupport_fastrtps_cpp.dir/rosidl_typesupport_fastrtps_cpp/motor_command_msg/msg/detail/dds_fastrtps/id_angle__type_support.cpp.o[0m
[11.921s] [ 41%] [32mBuilding CXX object CMakeFiles/motor_command_msg__rosidl_typesupport_c.dir/rosidl_typesupport_c/motor_command_msg/msg/id_angle__type_support.cpp.o[0m
[11.996s] [ 44%] [32m[1mLinking C shared library libmotor_command_msg__rosidl_typesupport_introspection_c.so[0m
[12.063s] [ 47%] [32m[1mLinking CXX shared library libmotor_command_msg__rosidl_typesupport_c.so[0m
[12.090s] [ 50%] [32mBuilding CXX object CMakeFiles/motor_command_msg__rosidl_typesupport_introspection_cpp.dir/rosidl_typesupport_introspection_cpp/motor_command_msg/msg/detail/id_angle__type_support.cpp.o[0m
[12.162s] [ 50%] Built target motor_command_msg__rosidl_typesupport_introspection_c
[12.212s] [ 52%] [34m[1mGenerating C++ type support dispatch for ROS interfaces[0m
[12.335s] [ 52%] Built target motor_command_msg__rosidl_typesupport_c
[12.402s] [ 55%] [34m[1mGenerating C type support for eProsima Fast-RTPS[0m
[13.515s] [ 58%] [32mBuilding CXX object CMakeFiles/motor_command_msg__rosidl_typesupport_cpp.dir/rosidl_typesupport_cpp/motor_command_msg/msg/id_angle__type_support.cpp.o[0m
[14.034s] [ 61%] [32m[1mLinking CXX shared library libmotor_command_msg__rosidl_typesupport_introspection_cpp.so[0m
[14.079s] [ 64%] [32mBuilding CXX object CMakeFiles/motor_command_msg__rosidl_typesupport_fastrtps_c.dir/rosidl_typesupport_fastrtps_c/motor_command_msg/msg/detail/id_angle__type_support_c.cpp.o[0m
[14.510s] [ 64%] Built target motor_command_msg__rosidl_typesupport_introspection_cpp
[14.832s] [ 67%] [32m[1mLinking CXX shared library libmotor_command_msg__rosidl_typesupport_fastrtps_cpp.so[0m
[15.319s] [ 70%] [32m[1mLinking CXX shared library libmotor_command_msg__rosidl_typesupport_cpp.so[0m
[15.334s] [ 70%] Built target motor_command_msg__rosidl_typesupport_fastrtps_cpp
[15.537s] [ 70%] Built target motor_command_msg__rosidl_typesupport_cpp
[15.910s] [ 73%] [32m[1mLinking CXX shared library libmotor_command_msg__rosidl_typesupport_fastrtps_c.so[0m
[16.130s] [ 73%] Built target motor_command_msg__rosidl_typesupport_fastrtps_c
[16.212s] [ 73%] Built target motor_command_msg
[16.308s] [ 76%] [34m[1mGenerating Python code for ROS interfaces[0m
[17.340s] [ 76%] Built target motor_command_msg__py
[17.393s] [ 79%] [32mBuilding C object CMakeFiles/motor_command_msg__rosidl_generator_py.dir/rosidl_generator_py/motor_command_msg/msg/_id_angle_s.c.o[0m
[17.765s] [ 82%] [32m[1mLinking C shared library libmotor_command_msg__rosidl_generator_py.so[0m
[17.918s] [ 82%] Built target motor_command_msg__rosidl_generator_py
[17.983s] [ 85%] [32mBuilding C object CMakeFiles/motor_command_msg_s__rosidl_typesupport_c.dir/rosidl_generator_py/motor_command_msg/_motor_command_msg_s.ep.rosidl_typesupport_c.c.o[0m
[18.001s] [ 88%] [32mBuilding C object CMakeFiles/motor_command_msg_s__rosidl_typesupport_fastrtps_c.dir/rosidl_generator_py/motor_command_msg/_motor_command_msg_s.ep.rosidl_typesupport_fastrtps_c.c.o[0m
[18.023s] [ 91%] [32mBuilding C object CMakeFiles/motor_command_msg_s__rosidl_typesupport_introspection_c.dir/rosidl_generator_py/motor_command_msg/_motor_command_msg_s.ep.rosidl_typesupport_introspection_c.c.o[0m
[18.282s] [ 94%] [32m[1mLinking C shared module rosidl_generator_py/motor_command_msg/motor_command_msg_s__rosidl_typesupport_fastrtps_c.so[0m
[18.291s] [ 97%] [32m[1mLinking C shared module rosidl_generator_py/motor_command_msg/motor_command_msg_s__rosidl_typesupport_c.so[0m
[18.428s] [ 97%] Built target motor_command_msg_s__rosidl_typesupport_c
[18.428s] [100%] [32m[1mLinking C shared module rosidl_generator_py/motor_command_msg/motor_command_msg_s__rosidl_typesupport_introspection_c.so[0m
[18.431s] [100%] Built target motor_command_msg_s__rosidl_typesupport_fastrtps_c
[18.490s] [100%] Built target motor_command_msg_s__rosidl_typesupport_introspection_c
[18.519s] Invoked command in '/home/csanimatronics/CS_Animatronics/src/build/motor_command_msg' returned '0': CMAKE_PREFIX_PATH=${CMAKE_PREFIX_PATH}:/opt/ros/jazzy DEBUGINFOD_URLS=https://debuginfod.ubuntu.com /usr/bin/cmake --build /home/csanimatronics/CS_Animatronics/src/build/motor_command_msg -- -j4 -l4
[18.521s] Invoking command in '/home/csanimatronics/CS_Animatronics/src/build/motor_command_msg': CMAKE_PREFIX_PATH=${CMAKE_PREFIX_PATH}:/opt/ros/jazzy DEBUGINFOD_URLS=https://debuginfod.ubuntu.com /usr/bin/cmake --install /home/csanimatronics/CS_Animatronics/src/build/motor_command_msg
[18.537s] -- Install configuration: ""
[18.537s] -- Installing: /home/csanimatronics/CS_Animatronics/src/install/motor_command_msg/share/ament_index/resource_index/rosidl_interfaces/motor_command_msg
[18.538s] -- Installing: /home/csanimatronics/CS_Animatronics/src/install/motor_command_msg/share/motor_command_msg/msg/IdAngle.json
[18.538s] -- Installing: /home/csanimatronics/CS_Animatronics/src/install/motor_command_msg/include/motor_command_msg/motor_command_msg
[18.538s] -- Installing: /home/csanimatronics/CS_Animatronics/src/install/motor_command_msg/include/motor_command_msg/motor_command_msg/msg
[18.538s] -- Installing: /home/csanimatronics/CS_Animatronics/src/install/motor_command_msg/include/motor_command_msg/motor_command_msg/msg/rosidl_generator_c__visibility_control.h
[18.538s] -- Installing: /home/csanimatronics/CS_Animatronics/src/install/motor_command_msg/include/motor_command_msg/motor_command_msg/msg/detail
[18.538s] -- Installing: /home/csanimatronics/CS_Animatronics/src/install/motor_command_msg/include/motor_command_msg/motor_command_msg/msg/detail/id_angle__type_support.h
[18.538s] -- Installing: /home/csanimatronics/CS_Animatronics/src/install/motor_command_msg/include/motor_command_msg/motor_command_msg/msg/detail/id_angle__functions.h
[18.539s] -- Installing: /home/csanimatronics/CS_Animatronics/src/install/motor_command_msg/include/motor_command_msg/motor_command_msg/msg/detail/id_angle__functions.c
[18.539s] -- Installing: /home/csanimatronics/CS_Animatronics/src/install/motor_command_msg/include/motor_command_msg/motor_command_msg/msg/detail/id_angle__description.c
[18.539s] -- Installing: /home/csanimatronics/CS_Animatronics/src/install/motor_command_msg/include/motor_command_msg/motor_command_msg/msg/detail/id_angle__type_support.c
[18.539s] -- Installing: /home/csanimatronics/CS_Animatronics/src/install/motor_command_msg/include/motor_command_msg/motor_command_msg/msg/detail/id_angle__struct.h
[18.539s] -- Installing: /home/csanimatronics/CS_Animatronics/src/install/motor_command_msg/include/motor_command_msg/motor_command_msg/msg/id_angle.h
[18.539s] -- Installing: /home/csanimatronics/CS_Animatronics/src/install/motor_command_msg/share/motor_command_msg/environment/library_path.sh
[18.540s] -- Installing: /home/csanimatronics/CS_Animatronics/src/install/motor_command_msg/share/motor_command_msg/environment/library_path.dsv
[18.540s] -- Installing: /home/csanimatronics/CS_Animatronics/src/install/motor_command_msg/lib/libmotor_command_msg__rosidl_generator_c.so
[18.541s] -- Set non-toolchain portion of runtime path of "/home/csanimatronics/CS_Animatronics/src/install/motor_command_msg/lib/libmotor_command_msg__rosidl_generator_c.so" to ""
[18.541s] -- Up-to-date: /home/csanimatronics/CS_Animatronics/src/install/motor_command_msg/include/motor_command_msg/motor_command_msg
[18.541s] -- Up-to-date: /home/csanimatronics/CS_Animatronics/src/install/motor_command_msg/include/motor_command_msg/motor_command_msg/msg
[18.541s] -- Installing: /home/csanimatronics/CS_Animatronics/src/install/motor_command_msg/include/motor_command_msg/motor_command_msg/msg/rosidl_typesupport_fastrtps_c__visibility_control.h
[18.541s] -- Up-to-date: /home/csanimatronics/CS_Animatronics/src/install/motor_command_msg/include/motor_command_msg/motor_command_msg/msg/detail
[18.541s] -- Installing: /home/csanimatronics/CS_Animatronics/src/install/motor_command_msg/include/motor_command_msg/motor_command_msg/msg/detail/id_angle__rosidl_typesupport_fastrtps_c.h
[18.541s] -- Installing: /home/csanimatronics/CS_Animatronics/src/install/motor_command_msg/lib/libmotor_command_msg__rosidl_typesupport_fastrtps_c.so
[18.542s] -- Set non-toolchain portion of runtime path of "/home/csanimatronics/CS_Animatronics/src/install/motor_command_msg/lib/libmotor_command_msg__rosidl_typesupport_fastrtps_c.so" to ""
[18.542s] -- Up-to-date: /home/csanimatronics/CS_Animatronics/src/install/motor_command_msg/include/motor_command_msg/motor_command_msg
[18.542s] -- Up-to-date: /home/csanimatronics/CS_Animatronics/src/install/motor_command_msg/include/motor_command_msg/motor_command_msg/msg
[18.542s] -- Installing: /home/csanimatronics/CS_Animatronics/src/install/motor_command_msg/include/motor_command_msg/motor_command_msg/msg/id_angle.hpp
[18.542s] -- Up-to-date: /home/csanimatronics/CS_Animatronics/src/install/motor_command_msg/include/motor_command_msg/motor_command_msg/msg/detail
[18.543s] -- Installing: /home/csanimatronics/CS_Animatronics/src/install/motor_command_msg/include/motor_command_msg/motor_command_msg/msg/detail/id_angle__type_support.hpp
[18.543s] -- Installing: /home/csanimatronics/CS_Animatronics/src/install/motor_command_msg/include/motor_command_msg/motor_command_msg/msg/detail/id_angle__struct.hpp
[18.543s] -- Installing: /home/csanimatronics/CS_Animatronics/src/install/motor_command_msg/include/motor_command_msg/motor_command_msg/msg/detail/id_angle__builder.hpp
[18.543s] -- Installing: /home/csanimatronics/CS_Animatronics/src/install/motor_command_msg/include/motor_command_msg/motor_command_msg/msg/detail/id_angle__traits.hpp
[18.543s] -- Installing: /home/csanimatronics/CS_Animatronics/src/install/motor_command_msg/include/motor_command_msg/motor_command_msg/msg/rosidl_generator_cpp__visibility_control.hpp
[18.543s] -- Up-to-date: /home/csanimatronics/CS_Animatronics/src/install/motor_command_msg/include/motor_command_msg/motor_command_msg
[18.543s] -- Up-to-date: /home/csanimatronics/CS_Animatronics/src/install/motor_command_msg/include/motor_command_msg/motor_command_msg/msg
[18.544s] -- Up-to-date: /home/csanimatronics/CS_Animatronics/src/install/motor_command_msg/include/motor_command_msg/motor_command_msg/msg/detail
[18.544s] -- Installing: /home/csanimatronics/CS_Animatronics/src/install/motor_command_msg/include/motor_command_msg/motor_command_msg/msg/detail/dds_fastrtps
[18.544s] -- Installing: /home/csanimatronics/CS_Animatronics/src/install/motor_command_msg/include/motor_command_msg/motor_command_msg/msg/detail/id_angle__rosidl_typesupport_fastrtps_cpp.hpp
[18.544s] -- Installing: /home/csanimatronics/CS_Animatronics/src/install/motor_command_msg/include/motor_command_msg/motor_command_msg/msg/rosidl_typesupport_fastrtps_cpp__visibility_control.h
[18.544s] -- Installing: /home/csanimatronics/CS_Animatronics/src/install/motor_command_msg/lib/libmotor_command_msg__rosidl_typesupport_fastrtps_cpp.so
[18.545s] -- Set non-toolchain portion of runtime path of "/home/csanimatronics/CS_Animatronics/src/install/motor_command_msg/lib/libmotor_command_msg__rosidl_typesupport_fastrtps_cpp.so" to ""
[18.545s] -- Up-to-date: /home/csanimatronics/CS_Animatronics/src/install/motor_command_msg/include/motor_command_msg/motor_command_msg
[18.545s] -- Up-to-date: /home/csanimatronics/CS_Animatronics/src/install/motor_command_msg/include/motor_command_msg/motor_command_msg/msg
[18.545s] -- Up-to-date: /home/csanimatronics/CS_Animatronics/src/install/motor_command_msg/include/motor_command_msg/motor_command_msg/msg/detail
[18.545s] -- Installing: /home/csanimatronics/CS_Animatronics/src/install/motor_command_msg/include/motor_command_msg/motor_command_msg/msg/detail/id_angle__rosidl_typesupport_introspection_c.h
[18.545s] -- Installing: /home/csanimatronics/CS_Animatronics/src/install/motor_command_msg/include/motor_command_msg/motor_command_msg/msg/detail/id_angle__type_support.c
[18.545s] -- Installing: /home/csanimatronics/CS_Animatronics/src/install/motor_command_msg/include/motor_command_msg/motor_command_msg/msg/rosidl_typesupport_introspection_c__visibility_control.h
[18.546s] -- Installing: /home/csanimatronics/CS_Animatronics/src/install/motor_command_msg/lib/libmotor_command_msg__rosidl_typesupport_introspection_c.so
[18.546s] -- Set non-toolchain portion of runtime path of "/home/csanimatronics/CS_Animatronics/src/install/motor_command_msg/lib/libmotor_command_msg__rosidl_typesupport_introspection_c.so" to ""
[18.546s] -- Installing: /home/csanimatronics/CS_Animatronics/src/install/motor_command_msg/lib/libmotor_command_msg__rosidl_typesupport_c.so
[18.547s] -- Set non-toolchain portion of runtime path of "/home/csanimatronics/CS_Animatronics/src/install/motor_command_msg/lib/libmotor_command_msg__rosidl_typesupport_c.so" to ""
[18.547s] -- Up-to-date: /home/csanimatronics/CS_Animatronics/src/install/motor_command_msg/include/motor_command_msg/motor_command_msg
[18.547s] -- Up-to-date: /home/csanimatronics/CS_Animatronics/src/install/motor_command_msg/include/motor_command_msg/motor_command_msg/msg
[18.547s] -- Up-to-date: /home/csanimatronics/CS_Animatronics/src/install/motor_command_msg/include/motor_command_msg/motor_command_msg/msg/detail
[18.548s] -- Installing: /home/csanimatronics/CS_Animatronics/src/install/motor_command_msg/include/motor_command_msg/motor_command_msg/msg/detail/id_angle__type_support.cpp
[18.548s] -- Installing: /home/csanimatronics/CS_Animatronics/src/install/motor_command_msg/include/motor_command_msg/motor_command_msg/msg/detail/id_angle__rosidl_typesupport_introspection_cpp.hpp
[18.548s] -- Installing: /home/csanimatronics/CS_Animatronics/src/install/motor_command_msg/lib/libmotor_command_msg__rosidl_typesupport_introspection_cpp.so
[18.548s] -- Set non-toolchain portion of runtime path of "/home/csanimatronics/CS_Animatronics/src/install/motor_command_msg/lib/libmotor_command_msg__rosidl_typesupport_introspection_cpp.so" to ""
[18.548s] -- Installing: /home/csanimatronics/CS_Animatronics/src/install/motor_command_msg/lib/libmotor_command_msg__rosidl_typesupport_cpp.so
[18.549s] -- Set non-toolchain portion of runtime path of "/home/csanimatronics/CS_Animatronics/src/install/motor_command_msg/lib/libmotor_command_msg__rosidl_typesupport_cpp.so" to ""
[18.549s] -- Installing: /home/csanimatronics/CS_Animatronics/src/install/motor_command_msg/share/motor_command_msg/environment/pythonpath.sh
[18.549s] -- Installing: /home/csanimatronics/CS_Animatronics/src/install/motor_command_msg/share/motor_command_msg/environment/pythonpath.dsv
[18.550s] -- Installing: /home/csanimatronics/CS_Animatronics/src/install/motor_command_msg/lib/python3.12/site-packages/motor_command_msg-0.0.0-py3.12.egg-info
[18.550s] -- Installing: /home/csanimatronics/CS_Animatronics/src/install/motor_command_msg/lib/python3.12/site-packages/motor_command_msg-0.0.0-py3.12.egg-info/dependency_links.txt
[18.550s] -- Installing: /home/csanimatronics/CS_Animatronics/src/install/motor_command_msg/lib/python3.12/site-packages/motor_command_msg-0.0.0-py3.12.egg-info/PKG-INFO
[18.550s] -- Installing: /home/csanimatronics/CS_Animatronics/src/install/motor_command_msg/lib/python3.12/site-packages/motor_command_msg-0.0.0-py3.12.egg-info/top_level.txt
[18.550s] -- Installing: /home/csanimatronics/CS_Animatronics/src/install/motor_command_msg/lib/python3.12/site-packages/motor_command_msg-0.0.0-py3.12.egg-info/SOURCES.txt
[18.550s] -- Installing: /home/csanimatronics/CS_Animatronics/src/install/motor_command_msg/lib/python3.12/site-packages/motor_command_msg
[18.551s] -- Installing: /home/csanimatronics/CS_Animatronics/src/install/motor_command_msg/lib/python3.12/site-packages/motor_command_msg/motor_command_msg_s__rosidl_typesupport_c.so
[18.551s] -- Installing: /home/csanimatronics/CS_Animatronics/src/install/motor_command_msg/lib/python3.12/site-packages/motor_command_msg/_motor_command_msg_s.ep.rosidl_typesupport_c.c
[18.551s] -- Installing: /home/csanimatronics/CS_Animatronics/src/install/motor_command_msg/lib/python3.12/site-packages/motor_command_msg/_motor_command_msg_s.ep.rosidl_typesupport_fastrtps_c.c
[18.551s] -- Installing: /home/csanimatronics/CS_Animatronics/src/install/motor_command_msg/lib/python3.12/site-packages/motor_command_msg/__init__.py
[18.551s] -- Installing: /home/csanimatronics/CS_Animatronics/src/install/motor_command_msg/lib/python3.12/site-packages/motor_command_msg/msg
[18.552s] -- Installing: /home/csanimatronics/CS_Animatronics/src/install/motor_command_msg/lib/python3.12/site-packages/motor_command_msg/msg/_id_angle.py
[18.552s] -- Installing: /home/csanimatronics/CS_Animatronics/src/install/motor_command_msg/lib/python3.12/site-packages/motor_command_msg/msg/_id_angle_s.c
[18.552s] -- Installing: /home/csanimatronics/CS_Animatronics/src/install/motor_command_msg/lib/python3.12/site-packages/motor_command_msg/msg/__init__.py
[18.552s] -- Installing: /home/csanimatronics/CS_Animatronics/src/install/motor_command_msg/lib/python3.12/site-packages/motor_command_msg/motor_command_msg_s__rosidl_typesupport_introspection_c.so
[18.552s] -- Installing: /home/csanimatronics/CS_Animatronics/src/install/motor_command_msg/lib/python3.12/site-packages/motor_command_msg/motor_command_msg_s__rosidl_typesupport_fastrtps_c.so
[18.553s] -- Installing: /home/csanimatronics/CS_Animatronics/src/install/motor_command_msg/lib/python3.12/site-packages/motor_command_msg/_motor_command_msg_s.ep.rosidl_typesupport_introspection_c.c
[18.646s] Listing '/home/csanimatronics/CS_Animatronics/src/install/motor_command_msg/lib/python3.12/site-packages/motor_command_msg'...
[18.646s] Compiling '/home/csanimatronics/CS_Animatronics/src/install/motor_command_msg/lib/python3.12/site-packages/motor_command_msg/__init__.py'...
[18.646s] Listing '/home/csanimatronics/CS_Animatronics/src/install/motor_command_msg/lib/python3.12/site-packages/motor_command_msg/msg'...
[18.646s] Compiling '/home/csanimatronics/CS_Animatronics/src/install/motor_command_msg/lib/python3.12/site-packages/motor_command_msg/msg/__init__.py'...
[18.646s] Compiling '/home/csanimatronics/CS_Animatronics/src/install/motor_command_msg/lib/python3.12/site-packages/motor_command_msg/msg/_id_angle.py'...
[18.661s] -- Installing: /home/csanimatronics/CS_Animatronics/src/install/motor_command_msg/lib/python3.12/site-packages/motor_command_msg/motor_command_msg_s__rosidl_typesupport_fastrtps_c.so
[18.661s] -- Set non-toolchain portion of runtime path of "/home/csanimatronics/CS_Animatronics/src/install/motor_command_msg/lib/python3.12/site-packages/motor_command_msg/motor_command_msg_s__rosidl_typesupport_fastrtps_c.so" to ""
[18.662s] -- Installing: /home/csanimatronics/CS_Animatronics/src/install/motor_command_msg/lib/python3.12/site-packages/motor_command_msg/motor_command_msg_s__rosidl_typesupport_introspection_c.so
[18.662s] -- Set non-toolchain portion of runtime path of "/home/csanimatronics/CS_Animatronics/src/install/motor_command_msg/lib/python3.12/site-packages/motor_command_msg/motor_command_msg_s__rosidl_typesupport_introspection_c.so" to ""
[18.663s] -- Installing: /home/csanimatronics/CS_Animatronics/src/install/motor_command_msg/lib/python3.12/site-packages/motor_command_msg/motor_command_msg_s__rosidl_typesupport_c.so
[18.663s] -- Set non-toolchain portion of runtime path of "/home/csanimatronics/CS_Animatronics/src/install/motor_command_msg/lib/python3.12/site-packages/motor_command_msg/motor_command_msg_s__rosidl_typesupport_c.so" to ""
[18.663s] -- Installing: /home/csanimatronics/CS_Animatronics/src/install/motor_command_msg/lib/libmotor_command_msg__rosidl_generator_py.so
[18.664s] -- Set non-toolchain portion of runtime path of "/home/csanimatronics/CS_Animatronics/src/install/motor_command_msg/lib/libmotor_command_msg__rosidl_generator_py.so" to ""
[18.664s] -- Installing: /home/csanimatronics/CS_Animatronics/src/install/motor_command_msg/share/motor_command_msg/msg/IdAngle.idl
[18.664s] -- Installing: /home/csanimatronics/CS_Animatronics/src/install/motor_command_msg/share/motor_command_msg/msg/IdAngle.msg
[18.665s] -- Installing: /home/csanimatronics/CS_Animatronics/src/install/motor_command_msg/share/ament_index/resource_index/package_run_dependencies/motor_command_msg
[18.665s] -- Installing: /home/csanimatronics/CS_Animatronics/src/install/motor_command_msg/share/ament_index/resource_index/parent_prefix_path/motor_command_msg
[18.665s] -- Installing: /home/csanimatronics/CS_Animatronics/src/install/motor_command_msg/share/motor_command_msg/environment/ament_prefix_path.sh
[18.665s] -- Installing: /home/csanimatronics/CS_Animatronics/src/install/motor_command_msg/share/motor_command_msg/environment/ament_prefix_path.dsv
[18.665s] -- Installing: /home/csanimatronics/CS_Animatronics/src/install/motor_command_msg/share/motor_command_msg/environment/path.sh
[18.666s] -- Installing: /home/csanimatronics/CS_Animatronics/src/install/motor_command_msg/share/motor_command_msg/environment/path.dsv
[18.666s] -- Installing: /home/csanimatronics/CS_Animatronics/src/install/motor_command_msg/share/motor_command_msg/local_setup.bash
[18.666s] -- Installing: /home/csanimatronics/CS_Animatronics/src/install/motor_command_msg/share/motor_command_msg/local_setup.sh
[18.666s] -- Installing: /home/csanimatronics/CS_Animatronics/src/install/motor_command_msg/share/motor_command_msg/local_setup.zsh
[18.666s] -- Installing: /home/csanimatronics/CS_Animatronics/src/install/motor_command_msg/share/motor_command_msg/local_setup.dsv
[18.667s] -- Installing: /home/csanimatronics/CS_Animatronics/src/install/motor_command_msg/share/motor_command_msg/package.dsv
[18.667s] -- Installing: /home/csanimatronics/CS_Animatronics/src/install/motor_command_msg/share/ament_index/resource_index/packages/motor_command_msg
[18.667s] -- Installing: /home/csanimatronics/CS_Animatronics/src/install/motor_command_msg/share/motor_command_msg/cmake/export_motor_command_msg__rosidl_generator_cExport.cmake
[18.668s] -- Installing: /home/csanimatronics/CS_Animatronics/src/install/motor_command_msg/share/motor_command_msg/cmake/export_motor_command_msg__rosidl_generator_cExport-noconfig.cmake
[18.668s] -- Installing: /home/csanimatronics/CS_Animatronics/src/install/motor_command_msg/share/motor_command_msg/cmake/export_motor_command_msg__rosidl_typesupport_fastrtps_cExport.cmake
[18.668s] -- Installing: /home/csanimatronics/CS_Animatronics/src/install/motor_command_msg/share/motor_command_msg/cmake/export_motor_command_msg__rosidl_typesupport_fastrtps_cExport-noconfig.cmake
[18.668s] -- Installing: /home/csanimatronics/CS_Animatronics/src/install/motor_command_msg/share/motor_command_msg/cmake/export_motor_command_msg__rosidl_generator_cppExport.cmake
[18.668s] -- Installing: /home/csanimatronics/CS_Animatronics/src/install/motor_command_msg/share/motor_command_msg/cmake/export_motor_command_msg__rosidl_typesupport_fastrtps_cppExport.cmake
[18.669s] -- Installing: /home/csanimatronics/CS_Animatronics/src/install/motor_command_msg/share/motor_command_msg/cmake/export_motor_command_msg__rosidl_typesupport_fastrtps_cppExport-noconfig.cmake
[18.669s] -- Installing: /home/csanimatronics/CS_Animatronics/src/install/motor_command_msg/share/motor_command_msg/cmake/motor_command_msg__rosidl_typesupport_introspection_cExport.cmake
[18.669s] -- Installing: /home/csanimatronics/CS_Animatronics/src/install/motor_command_msg/share/motor_command_msg/cmake/motor_command_msg__rosidl_typesupport_introspection_cExport-noconfig.cmake
[18.669s] -- Installing: /home/csanimatronics/CS_Animatronics/src/install/motor_command_msg/share/motor_command_msg/cmake/motor_command_msg__rosidl_typesupport_cExport.cmake
[18.670s] -- Installing: /home/csanimatronics/CS_Animatronics/src/install/motor_command_msg/share/motor_command_msg/cmake/motor_command_msg__rosidl_typesupport_cExport-noconfig.cmake
[18.670s] -- Installing: /home/csanimatronics/CS_Animatronics/src/install/motor_command_msg/share/motor_command_msg/cmake/motor_command_msg__rosidl_typesupport_introspection_cppExport.cmake
[18.670s] -- Installing: /home/csanimatronics/CS_Animatronics/src/install/motor_command_msg/share/motor_command_msg/cmake/motor_command_msg__rosidl_typesupport_introspection_cppExport-noconfig.cmake
[18.670s] -- Installing: /home/csanimatronics/CS_Animatronics/src/install/motor_command_msg/share/motor_command_msg/cmake/motor_command_msg__rosidl_typesupport_cppExport.cmake
[18.670s] -- Installing: /home/csanimatronics/CS_Animatronics/src/install/motor_command_msg/share/motor_command_msg/cmake/motor_command_msg__rosidl_typesupport_cppExport-noconfig.cmake
[18.671s] -- Installing: /home/csanimatronics/CS_Animatronics/src/install/motor_command_msg/share/motor_command_msg/cmake/export_motor_command_msg__rosidl_generator_pyExport.cmake
[18.671s] -- Installing: /home/csanimatronics/CS_Animatronics/src/install/motor_command_msg/share/motor_command_msg/cmake/export_motor_command_msg__rosidl_generator_pyExport-noconfig.cmake
[18.671s] -- Installing: /home/csanimatronics/CS_Animatronics/src/install/motor_command_msg/share/motor_command_msg/cmake/rosidl_cmake-extras.cmake
[18.671s] -- Installing: /home/csanimatronics/CS_Animatronics/src/install/motor_command_msg/share/motor_command_msg/cmake/ament_cmake_export_dependencies-extras.cmake
[18.672s] -- Installing: /home/csanimatronics/CS_Animatronics/src/install/motor_command_msg/share/motor_command_msg/cmake/ament_cmake_export_include_directories-extras.cmake
[18.672s] -- Installing: /home/csanimatronics/CS_Animatronics/src/install/motor_command_msg/share/motor_command_msg/cmake/ament_cmake_export_libraries-extras.cmake
[18.672s] -- Installing: /home/csanimatronics/CS_Animatronics/src/install/motor_command_msg/share/motor_command_msg/cmake/ament_cmake_export_targets-extras.cmake
[18.672s] -- Installing: /home/csanimatronics/CS_Animatronics/src/install/motor_command_msg/share/motor_command_msg/cmake/rosidl_cmake_export_typesupport_targets-extras.cmake
[18.672s] -- Installing: /home/csanimatronics/CS_Animatronics/src/install/motor_command_msg/share/motor_command_msg/cmake/rosidl_cmake_export_typesupport_libraries-extras.cmake
[18.672s] -- Installing: /home/csanimatronics/CS_Animatronics/src/install/motor_command_msg/share/motor_command_msg/cmake/motor_command_msgConfig.cmake
[18.673s] -- Installing: /home/csanimatronics/CS_Animatronics/src/install/motor_command_msg/share/motor_command_msg/cmake/motor_command_msgConfig-version.cmake
[18.673s] -- Installing: /home/csanimatronics/CS_Animatronics/src/install/motor_command_msg/share/motor_command_msg/package.xml
[18.677s] Invoked command in '/home/csanimatronics/CS_Animatronics/src/build/motor_command_msg' returned '0': CMAKE_PREFIX_PATH=${CMAKE_PREFIX_PATH}:/opt/ros/jazzy DEBUGINFOD_URLS=https://debuginfod.ubuntu.com /usr/bin/cmake --install /home/csanimatronics/CS_Animatronics/src/build/motor_command_msg
