[0.818s] Invoking command in '/home/cvl/CS_Animatronics/src/system_controller': DEBUGINFOD_URLS=https://debuginfod.ubuntu.com PYTHONPATH=/home/cvl/CS_Animatronics/src/build/system_controller/prefix_override:/usr/lib/python3/dist-packages/colcon_core/task/python/colcon_distutils_commands:/home/cvl/CS_Animatronics/src/install/system_controller/lib/python3.12/site-packages:${PYTHONPATH} /usr/bin/python3 -W ignore:setup.py install is deprecated -W ignore:easy_install command is deprecated setup.py egg_info --egg-base ../build/system_controller build --build-base /home/cvl/CS_Animatronics/src/build/system_controller/build install --record /home/cvl/CS_Animatronics/src/build/system_controller/install.log --single-version-externally-managed install_data
[1.037s] running egg_info
[1.054s] writing ../build/system_controller/system_controller.egg-info/PKG-INFO
[1.054s] writing dependency_links to ../build/system_controller/system_controller.egg-info/dependency_links.txt
[1.054s] writing entry points to ../build/system_controller/system_controller.egg-info/entry_points.txt
[1.055s] writing requirements to ../build/system_controller/system_controller.egg-info/requires.txt
[1.055s] writing top-level names to ../build/system_controller/system_controller.egg-info/top_level.txt
[1.088s] reading manifest file '../build/system_controller/system_controller.egg-info/SOURCES.txt'
[1.089s] writing manifest file '../build/system_controller/system_controller.egg-info/SOURCES.txt'
[1.089s] running build
[1.089s] running build_py
[1.089s] running install
[1.094s] running install_lib
[1.111s] running install_data
[1.111s] running install_egg_info
[1.128s] removing '/home/cvl/CS_Animatronics/src/install/system_controller/lib/python3.12/site-packages/system_controller-0.0.0-py3.12.egg-info' (and everything under it)
[1.128s] Copying ../build/system_controller/system_controller.egg-info to /home/cvl/CS_Animatronics/src/install/system_controller/lib/python3.12/site-packages/system_controller-0.0.0-py3.12.egg-info
[1.129s] running install_scripts
[1.232s] Installing controller_publisher script to /home/cvl/CS_Animatronics/src/install/system_controller/lib/system_controller
[1.232s] Installing system_controller script to /home/cvl/CS_Animatronics/src/install/system_controller/lib/system_controller
[1.232s] writing list of installed files to '/home/cvl/CS_Animatronics/src/build/system_controller/install.log'
[1.249s] Invoked command in '/home/cvl/CS_Animatronics/src/system_controller' returned '0': DEBUGINFOD_URLS=https://debuginfod.ubuntu.com PYTHONPATH=/home/cvl/CS_Animatronics/src/build/system_controller/prefix_override:/usr/lib/python3/dist-packages/colcon_core/task/python/colcon_distutils_commands:/home/cvl/CS_Animatronics/src/install/system_controller/lib/python3.12/site-packages:${PYTHONPATH} /usr/bin/python3 -W ignore:setup.py install is deprecated -W ignore:easy_install command is deprecated setup.py egg_info --egg-base ../build/system_controller build --build-base /home/cvl/CS_Animatronics/src/build/system_controller/build install --record /home/cvl/CS_Animatronics/src/build/system_controller/install.log --single-version-externally-managed install_data
