[0.792s] Invoking command in '/home/cvl/CS_Animatronics/src/system_controller': AMENT_PREFIX_PATH=/home/cvl/CS_Animatronics/src/install/motor_command_msg:${AMENT_PREFIX_PATH} CMAKE_PREFIX_PATH=/home/cvl/CS_Animatronics/src/install/motor_command_msg:${CMAKE_PREFIX_PATH} CONDA_PROMPT_MODIFIER=(base) DEBUGINFOD_URLS=https://debuginfod.ubuntu.com LD_LIBRARY_PATH=/home/cvl/CS_Animatronics/src/install/motor_command_msg/lib:${LD_LIBRARY_PATH} PYTHONPATH=/home/cvl/CS_Animatronics/src/build/system_controller/prefix_override:/usr/lib/python3/dist-packages/colcon_core/task/python/colcon_distutils_commands:/home/cvl/CS_Animatronics/src/install/system_controller/lib/python3.12/site-packages:/home/cvl/CS_Animatronics/src/install/motor_command_msg/lib/python3.13/site-packages:${PYTHONPATH} /usr/bin/python3 -W ignore:setup.py install is deprecated -W ignore:easy_install command is deprecated setup.py egg_info --egg-base ../build/system_controller build --build-base /home/cvl/CS_Animatronics/src/build/system_controller/build install --record /home/cvl/CS_Animatronics/src/build/system_controller/install.log --single-version-externally-managed install_data
[1.008s] running egg_info
[1.024s] writing ../build/system_controller/system_controller.egg-info/PKG-INFO
[1.024s] writing dependency_links to ../build/system_controller/system_controller.egg-info/dependency_links.txt
[1.024s] writing entry points to ../build/system_controller/system_controller.egg-info/entry_points.txt
[1.024s] writing requirements to ../build/system_controller/system_controller.egg-info/requires.txt
[1.024s] writing top-level names to ../build/system_controller/system_controller.egg-info/top_level.txt
[1.058s] reading manifest file '../build/system_controller/system_controller.egg-info/SOURCES.txt'
[1.058s] writing manifest file '../build/system_controller/system_controller.egg-info/SOURCES.txt'
[1.058s] running build
[1.058s] running build_py
[1.059s] running install
[1.064s] running install_lib
[1.080s] running install_data
[1.081s] running install_egg_info
[1.098s] removing '/home/cvl/CS_Animatronics/src/install/system_controller/lib/python3.12/site-packages/system_controller-0.0.0-py3.12.egg-info' (and everything under it)
[1.098s] Copying ../build/system_controller/system_controller.egg-info to /home/cvl/CS_Animatronics/src/install/system_controller/lib/python3.12/site-packages/system_controller-0.0.0-py3.12.egg-info
[1.099s] running install_scripts
[1.201s] Installing controller_publisher script to /home/cvl/CS_Animatronics/src/install/system_controller/lib/system_controller
[1.201s] Installing system_controller script to /home/cvl/CS_Animatronics/src/install/system_controller/lib/system_controller
[1.201s] writing list of installed files to '/home/cvl/CS_Animatronics/src/build/system_controller/install.log'
[1.218s] Invoked command in '/home/cvl/CS_Animatronics/src/system_controller' returned '0': AMENT_PREFIX_PATH=/home/cvl/CS_Animatronics/src/install/motor_command_msg:${AMENT_PREFIX_PATH} CMAKE_PREFIX_PATH=/home/cvl/CS_Animatronics/src/install/motor_command_msg:${CMAKE_PREFIX_PATH} CONDA_PROMPT_MODIFIER=(base) DEBUGINFOD_URLS=https://debuginfod.ubuntu.com LD_LIBRARY_PATH=/home/cvl/CS_Animatronics/src/install/motor_command_msg/lib:${LD_LIBRARY_PATH} PYTHONPATH=/home/cvl/CS_Animatronics/src/build/system_controller/prefix_override:/usr/lib/python3/dist-packages/colcon_core/task/python/colcon_distutils_commands:/home/cvl/CS_Animatronics/src/install/system_controller/lib/python3.12/site-packages:/home/cvl/CS_Animatronics/src/install/motor_command_msg/lib/python3.13/site-packages:${PYTHONPATH} /usr/bin/python3 -W ignore:setup.py install is deprecated -W ignore:easy_install command is deprecated setup.py egg_info --egg-base ../build/system_controller build --build-base /home/cvl/CS_Animatronics/src/build/system_controller/build install --record /home/cvl/CS_Animatronics/src/build/system_controller/install.log --single-version-externally-managed install_data
