[0.989s] Invoking command in '/home/cvl/CS_Animatronics/src/controller_publisher': DEBUGINFOD_URLS=https://debuginfod.ubuntu.com PYTHONPATH=/home/cvl/CS_Animatronics/src/build/controller_publisher/prefix_override:/usr/lib/python3/dist-packages/colcon_core/task/python/colcon_distutils_commands:/home/cvl/CS_Animatronics/src/install/controller_publisher/lib/python3.12/site-packages:${PYTHONPATH} /usr/bin/python3 -W ignore:setup.py install is deprecated -W ignore:easy_install command is deprecated setup.py egg_info --egg-base ../build/controller_publisher build --build-base /home/cvl/CS_Animatronics/src/build/controller_publisher/build install --record /home/cvl/CS_Animatronics/src/build/controller_publisher/install.log --single-version-externally-managed install_data
[1.207s] running egg_info
[1.225s] writing ../build/controller_publisher/controller_publisher.egg-info/PKG-INFO
[1.225s] writing dependency_links to ../build/controller_publisher/controller_publisher.egg-info/dependency_links.txt
[1.225s] writing entry points to ../build/controller_publisher/controller_publisher.egg-info/entry_points.txt
[1.225s] writing requirements to ../build/controller_publisher/controller_publisher.egg-info/requires.txt
[1.226s] writing top-level names to ../build/controller_publisher/controller_publisher.egg-info/top_level.txt
[1.263s] reading manifest file '../build/controller_publisher/controller_publisher.egg-info/SOURCES.txt'
[1.264s] writing manifest file '../build/controller_publisher/controller_publisher.egg-info/SOURCES.txt'
[1.264s] running build
[1.264s] running build_py
[1.265s] running install
[1.270s] running install_lib
[1.289s] running install_data
[1.289s] running install_egg_info
[1.308s] removing '/home/cvl/CS_Animatronics/src/install/controller_publisher/lib/python3.12/site-packages/controller_publisher-0.0.0-py3.12.egg-info' (and everything under it)
[1.308s] Copying ../build/controller_publisher/controller_publisher.egg-info to /home/cvl/CS_Animatronics/src/install/controller_publisher/lib/python3.12/site-packages/controller_publisher-0.0.0-py3.12.egg-info
[1.309s] running install_scripts
[1.418s] Installing controller_publisher script to /home/cvl/CS_Animatronics/src/install/controller_publisher/lib/controller_publisher
[1.418s] writing list of installed files to '/home/cvl/CS_Animatronics/src/build/controller_publisher/install.log'
[1.437s] Invoked command in '/home/cvl/CS_Animatronics/src/controller_publisher' returned '0': DEBUGINFOD_URLS=https://debuginfod.ubuntu.com PYTHONPATH=/home/cvl/CS_Animatronics/src/build/controller_publisher/prefix_override:/usr/lib/python3/dist-packages/colcon_core/task/python/colcon_distutils_commands:/home/cvl/CS_Animatronics/src/install/controller_publisher/lib/python3.12/site-packages:${PYTHONPATH} /usr/bin/python3 -W ignore:setup.py install is deprecated -W ignore:easy_install command is deprecated setup.py egg_info --egg-base ../build/controller_publisher build --build-base /home/cvl/CS_Animatronics/src/build/controller_publisher/build install --record /home/cvl/CS_Animatronics/src/build/controller_publisher/install.log --single-version-externally-managed install_data
