[2.155s] Invoking command in '/home/csanimatronics/CS_Animatronics/src/imu_receiver': DEBUGINFOD_URLS=https://debuginfod.ubuntu.com PYTHONPATH=/home/csanimatronics/CS_Animatronics/build/imu_receiver/prefix_override:/usr/lib/python3/dist-packages/colcon_core/task/python/colcon_distutils_commands:/home/csanimatronics/CS_Animatronics/install/imu_receiver/lib/python3.12/site-packages:${PYTHONPATH} /usr/bin/python3 -W ignore:setup.py install is deprecated -W ignore:easy_install command is deprecated setup.py egg_info --egg-base ../../build/imu_receiver build --build-base /home/csanimatronics/CS_Animatronics/build/imu_receiver/build install --record /home/csanimatronics/CS_Animatronics/build/imu_receiver/install.log --single-version-externally-managed install_data
[2.707s] running egg_info
[2.708s] creating ../../build/imu_receiver/imu_receiver.egg-info
[2.743s] writing ../../build/imu_receiver/imu_receiver.egg-info/PKG-INFO
[2.746s] writing dependency_links to ../../build/imu_receiver/imu_receiver.egg-info/dependency_links.txt
[2.747s] writing entry points to ../../build/imu_receiver/imu_receiver.egg-info/entry_points.txt
[2.747s] writing requirements to ../../build/imu_receiver/imu_receiver.egg-info/requires.txt
[2.747s] writing top-level names to ../../build/imu_receiver/imu_receiver.egg-info/top_level.txt
[2.748s] writing manifest file '../../build/imu_receiver/imu_receiver.egg-info/SOURCES.txt'
[2.820s] reading manifest file '../../build/imu_receiver/imu_receiver.egg-info/SOURCES.txt'
[2.822s] writing manifest file '../../build/imu_receiver/imu_receiver.egg-info/SOURCES.txt'
[2.822s] running build
[2.822s] running build_py
[2.822s] creating /home/csanimatronics/CS_Animatronics/build/imu_receiver/build
[2.823s] creating /home/csanimatronics/CS_Animatronics/build/imu_receiver/build/lib
[2.823s] creating /home/csanimatronics/CS_Animatronics/build/imu_receiver/build/lib/imu_receiver
[2.823s] copying imu_receiver/imu_receiver_node.py -> /home/csanimatronics/CS_Animatronics/build/imu_receiver/build/lib/imu_receiver
[2.825s] copying imu_receiver/__init__.py -> /home/csanimatronics/CS_Animatronics/build/imu_receiver/build/lib/imu_receiver
[2.826s] running install
[2.837s] running install_lib
[2.880s] creating /home/csanimatronics/CS_Animatronics/install/imu_receiver/lib/python3.12/site-packages/imu_receiver
[2.881s] copying /home/csanimatronics/CS_Animatronics/build/imu_receiver/build/lib/imu_receiver/imu_receiver_node.py -> /home/csanimatronics/CS_Animatronics/install/imu_receiver/lib/python3.12/site-packages/imu_receiver
[2.881s] copying /home/csanimatronics/CS_Animatronics/build/imu_receiver/build/lib/imu_receiver/__init__.py -> /home/csanimatronics/CS_Animatronics/install/imu_receiver/lib/python3.12/site-packages/imu_receiver
[2.882s] byte-compiling /home/csanimatronics/CS_Animatronics/install/imu_receiver/lib/python3.12/site-packages/imu_receiver/imu_receiver_node.py to imu_receiver_node.cpython-312.pyc
[2.884s] byte-compiling /home/csanimatronics/CS_Animatronics/install/imu_receiver/lib/python3.12/site-packages/imu_receiver/__init__.py to __init__.cpython-312.pyc
[2.885s] running install_data
[2.886s] creating /home/csanimatronics/CS_Animatronics/install/imu_receiver/share/ament_index
[2.886s] creating /home/csanimatronics/CS_Animatronics/install/imu_receiver/share/ament_index/resource_index
[2.886s] creating /home/csanimatronics/CS_Animatronics/install/imu_receiver/share/ament_index/resource_index/packages
[2.886s] copying resource/imu_receiver -> /home/csanimatronics/CS_Animatronics/install/imu_receiver/share/ament_index/resource_index/packages
[2.886s] copying package.xml -> /home/csanimatronics/CS_Animatronics/install/imu_receiver/share/imu_receiver
[2.886s] running install_egg_info
[2.926s] Copying ../../build/imu_receiver/imu_receiver.egg-info to /home/csanimatronics/CS_Animatronics/install/imu_receiver/lib/python3.12/site-packages/imu_receiver-0.0.0-py3.12.egg-info
[2.926s] running install_scripts
[3.186s] Installing imu_receiver_node script to /home/csanimatronics/CS_Animatronics/install/imu_receiver/lib/imu_receiver
[3.186s] writing list of installed files to '/home/csanimatronics/CS_Animatronics/build/imu_receiver/install.log'
[3.284s] Invoked command in '/home/csanimatronics/CS_Animatronics/src/imu_receiver' returned '0': DEBUGINFOD_URLS=https://debuginfod.ubuntu.com PYTHONPATH=/home/csanimatronics/CS_Animatronics/build/imu_receiver/prefix_override:/usr/lib/python3/dist-packages/colcon_core/task/python/colcon_distutils_commands:/home/csanimatronics/CS_Animatronics/install/imu_receiver/lib/python3.12/site-packages:${PYTHONPATH} /usr/bin/python3 -W ignore:setup.py install is deprecated -W ignore:easy_install command is deprecated setup.py egg_info --egg-base ../../build/imu_receiver build --build-base /home/csanimatronics/CS_Animatronics/build/imu_receiver/build install --record /home/csanimatronics/CS_Animatronics/build/imu_receiver/install.log --single-version-externally-managed install_data
