[0.016s] Invoking command in '/home/cvl/CS_Animatronics/src/build/motor_command_msg': CMAKE_PREFIX_PATH=${CMAKE_PREFIX_PATH}:/opt/ros/jazzy CONDA_PROMPT_MODIFIER=(base) DEBUGINFOD_URLS=https://debuginfod.ubuntu.com /usr/bin/cmake /home/cvl/CS_Animatronics/src/motor_command_msg -DCMAKE_INSTALL_PREFIX=/home/cvl/CS_Animatronics/src/install/motor_command_msg
[0.196s] -- The C compiler identification is GNU 13.3.0
[0.196s] -- The CXX compiler identification is GNU 13.3.0
[0.196s] -- Detecting C compiler ABI info
[0.196s] -- Detecting C compiler ABI info - done
[0.203s] -- Check for working C compiler: /usr/bin/cc - skipped
[0.203s] -- Detecting C compile features
[0.204s] -- Detecting C compile features - done
[0.210s] -- Detecting CXX compiler ABI info
[0.272s] -- Detecting CXX compiler ABI info - done
[0.279s] -- Check for working CXX compiler: /usr/bin/c++ - skipped
[0.279s] -- Detecting CXX compile features
[0.280s] -- Detecting CXX compile features - done
[0.281s] -- Found ament_cmake: 2.5.4 (/opt/ros/jazzy/share/ament_cmake/cmake)
[0.359s] -- Found Python3: /home/cvl/miniconda3/bin/python3 (found version "3.13.2") found components: Interpreter 
[0.430s] -- Found builtin_interfaces: 2.0.2 (/opt/ros/jazzy/share/builtin_interfaces/cmake)
[0.454s] -- Found rosidl_generator_c: 4.6.5 (/opt/ros/jazzy/share/rosidl_generator_c/cmake)
[0.464s] -- Found rosidl_generator_cpp: 4.6.5 (/opt/ros/jazzy/share/rosidl_generator_cpp/cmake)
[0.475s] -- Using all available rosidl_typesupport_c: rosidl_typesupport_fastrtps_c;rosidl_typesupport_introspection_c
[0.488s] -- Using all available rosidl_typesupport_cpp: rosidl_typesupport_fastrtps_cpp;rosidl_typesupport_introspection_cpp
[0.500s] -- Found rosidl_default_generators: 1.6.0 (/opt/ros/jazzy/share/rosidl_default_generators/cmake)
[0.509s] -- Found rosidl_adapter: 4.6.5 (/opt/ros/jazzy/share/rosidl_adapter/cmake)
[0.622s] [31mCMake Error at /opt/ros/jazzy/share/rosidl_adapter/cmake/rosidl_adapt_interfaces.cmake:57 (message):
[0.622s]   execute_process(/home/cvl/miniconda3/bin/python3 -m rosidl_adapter
[0.622s]   --package-name motor_command_msg --arguments-file
[0.622s]   /home/cvl/CS_Animatronics/src/build/motor_command_msg/rosidl_adapter__arguments__motor_command_msg.json
[0.622s]   --output-dir
[0.622s]   /home/cvl/CS_Animatronics/src/build/motor_command_msg/rosidl_adapter/motor_command_msg
[0.622s]   --output-file
[0.622s]   /home/cvl/CS_Animatronics/src/build/motor_command_msg/rosidl_adapter/motor_command_msg.idls)
[0.622s]   returned error code 1:
[0.622s] 
[0.623s]   Traceback (most recent call last):
[0.623s] 
[0.623s]     File "<frozen runpy>", line 198, in _run_module_as_main
[0.623s]     File "<frozen runpy>", line 88, in _run_code
[0.623s]     File "/opt/ros/jazzy/lib/python3.12/site-packages/rosidl_adapter/__main__.py", line 19, in <module>
[0.623s]       sys.exit(main())
[0.623s]                ~~~~^^
[0.623s]     File "/opt/ros/jazzy/lib/python3.12/site-packages/rosidl_adapter/main.py", line 53, in main
[0.623s]       abs_idl_file = convert_to_idl(
[0.623s]           pathlib.Path(basepath), args.package_name,
[0.623s]           pathlib.Path(relative_path), output_dir)
[0.623s]     File "/opt/ros/jazzy/lib/python3.12/site-packages/rosidl_adapter/__init__.py", line 18, in convert_to_idl
[0.623s]       from rosidl_adapter.msg import convert_msg_to_idl
[0.623s]     File "/opt/ros/jazzy/lib/python3.12/site-packages/rosidl_adapter/msg/__init__.py", line 16, in <module>
[0.623s]       from rosidl_adapter.resource import expand_template
[0.623s]     File "/opt/ros/jazzy/lib/python3.12/site-packages/rosidl_adapter/resource/__init__.py", line 19, in <module>
[0.623s]       import em
[0.623s] 
[0.623s]   ModuleNotFoundError: No module named 'em'
[0.623s] 
[0.624s] Call Stack (most recent call first):
[0.624s]   /opt/ros/jazzy/share/rosidl_cmake/cmake/rosidl_generate_interfaces.cmake:132 (rosidl_adapt_interfaces)
[0.624s]   CMakeLists.txt:21 (rosidl_generate_interfaces)
[0.624s] 
[0.624s] [0m
[0.624s] -- Configuring incomplete, errors occurred!
