[1.872s] Invoking command in '/home/csanimatronics/CS_Animatronics/src/system_controller': AMENT_PREFIX_PATH=/home/csanimatronics/CS_Animatronics/install/motor_commands:${AMENT_PREFIX_PATH} CMAKE_PREFIX_PATH=/home/csanimatronics/CS_Animatronics/install/motor_commands:${CMAKE_PREFIX_PATH} DEBUGINFOD_URLS=https://debuginfod.ubuntu.com LD_LIBRARY_PATH=/home/csanimatronics/CS_Animatronics/install/motor_commands/lib:${LD_LIBRARY_PATH} PYTHONPATH=/home/csanimatronics/CS_Animatronics/build/system_controller/prefix_override:/usr/lib/python3/dist-packages/colcon_core/task/python/colcon_distutils_commands:/home/csanimatronics/CS_Animatronics/install/system_controller/lib/python3.12/site-packages:/home/csanimatronics/CS_Animatronics/install/motor_commands/lib/python3.12/site-packages:${PYTHONPATH} /usr/bin/python3 -W ignore:setup.py install is deprecated -W ignore:easy_install command is deprecated setup.py egg_info --egg-base ../../build/system_controller build --build-base /home/csanimatronics/CS_Animatronics/build/system_controller/build install --record /home/csanimatronics/CS_Animatronics/build/system_controller/install.log --single-version-externally-managed install_data
[2.307s] running egg_info
[2.308s] creating ../../build/system_controller/system_controller.egg-info
[2.334s] writing ../../build/system_controller/system_controller.egg-info/PKG-INFO
[2.335s] writing dependency_links to ../../build/system_controller/system_controller.egg-info/dependency_links.txt
[2.335s] writing entry points to ../../build/system_controller/system_controller.egg-info/entry_points.txt
[2.336s] writing requirements to ../../build/system_controller/system_controller.egg-info/requires.txt
[2.336s] writing top-level names to ../../build/system_controller/system_controller.egg-info/top_level.txt
[2.336s] writing manifest file '../../build/system_controller/system_controller.egg-info/SOURCES.txt'
[2.421s] reading manifest file '../../build/system_controller/system_controller.egg-info/SOURCES.txt'
[2.423s] writing manifest file '../../build/system_controller/system_controller.egg-info/SOURCES.txt'
[2.423s] running build
[2.423s] running build_py
[2.424s] creating /home/csanimatronics/CS_Animatronics/build/system_controller/build
[2.424s] creating /home/csanimatronics/CS_Animatronics/build/system_controller/build/lib
[2.424s] creating /home/csanimatronics/CS_Animatronics/build/system_controller/build/lib/system_controller
[2.424s] copying system_controller/system_controller.py -> /home/csanimatronics/CS_Animatronics/build/system_controller/build/lib/system_controller
[2.425s] copying system_controller/__init__.py -> /home/csanimatronics/CS_Animatronics/build/system_controller/build/lib/system_controller
[2.425s] running install
[2.436s] running install_lib
[2.468s] creating /home/csanimatronics/CS_Animatronics/install/system_controller/lib/python3.12/site-packages/system_controller
[2.468s] copying /home/csanimatronics/CS_Animatronics/build/system_controller/build/lib/system_controller/system_controller.py -> /home/csanimatronics/CS_Animatronics/install/system_controller/lib/python3.12/site-packages/system_controller
[2.469s] copying /home/csanimatronics/CS_Animatronics/build/system_controller/build/lib/system_controller/__init__.py -> /home/csanimatronics/CS_Animatronics/install/system_controller/lib/python3.12/site-packages/system_controller
[2.475s] byte-compiling /home/csanimatronics/CS_Animatronics/install/system_controller/lib/python3.12/site-packages/system_controller/system_controller.py to system_controller.cpython-312.pyc
[2.481s] byte-compiling /home/csanimatronics/CS_Animatronics/install/system_controller/lib/python3.12/site-packages/system_controller/__init__.py to __init__.cpython-312.pyc
[2.481s] running install_data
[2.482s] creating /home/csanimatronics/CS_Animatronics/install/system_controller/share/ament_index
[2.482s] creating /home/csanimatronics/CS_Animatronics/install/system_controller/share/ament_index/resource_index
[2.484s] creating /home/csanimatronics/CS_Animatronics/install/system_controller/share/ament_index/resource_index/packages
[2.484s] copying resource/system_controller -> /home/csanimatronics/CS_Animatronics/install/system_controller/share/ament_index/resource_index/packages
[2.485s] copying package.xml -> /home/csanimatronics/CS_Animatronics/install/system_controller/share/system_controller
[2.485s] creating /home/csanimatronics/CS_Animatronics/install/system_controller/share/system_controller/msg
[2.485s] running install_egg_info
[2.513s] Copying ../../build/system_controller/system_controller.egg-info to /home/csanimatronics/CS_Animatronics/install/system_controller/lib/python3.12/site-packages/system_controller-0.0.0-py3.12.egg-info
[2.515s] running install_scripts
[2.730s] Installing controller_publisher script to /home/csanimatronics/CS_Animatronics/install/system_controller/lib/system_controller
[2.731s] Installing system_controller script to /home/csanimatronics/CS_Animatronics/install/system_controller/lib/system_controller
[2.731s] writing list of installed files to '/home/csanimatronics/CS_Animatronics/build/system_controller/install.log'
[2.900s] Invoked command in '/home/csanimatronics/CS_Animatronics/src/system_controller' returned '0': AMENT_PREFIX_PATH=/home/csanimatronics/CS_Animatronics/install/motor_commands:${AMENT_PREFIX_PATH} CMAKE_PREFIX_PATH=/home/csanimatronics/CS_Animatronics/install/motor_commands:${CMAKE_PREFIX_PATH} DEBUGINFOD_URLS=https://debuginfod.ubuntu.com LD_LIBRARY_PATH=/home/csanimatronics/CS_Animatronics/install/motor_commands/lib:${LD_LIBRARY_PATH} PYTHONPATH=/home/csanimatronics/CS_Animatronics/build/system_controller/prefix_override:/usr/lib/python3/dist-packages/colcon_core/task/python/colcon_distutils_commands:/home/csanimatronics/CS_Animatronics/install/system_controller/lib/python3.12/site-packages:/home/csanimatronics/CS_Animatronics/install/motor_commands/lib/python3.12/site-packages:${PYTHONPATH} /usr/bin/python3 -W ignore:setup.py install is deprecated -W ignore:easy_install command is deprecated setup.py egg_info --egg-base ../../build/system_controller build --build-base /home/csanimatronics/CS_Animatronics/build/system_controller/build install --record /home/csanimatronics/CS_Animatronics/build/system_controller/install.log --single-version-externally-managed install_data
