[0.782s] Invoking command in '/home/cvl/CS_Animatronics/src/system_controller': AMENT_PREFIX_PATH=/home/cvl/CS_Animatronics/src/install/motor_command_msg:${AMENT_PREFIX_PATH} CMAKE_PREFIX_PATH=/home/cvl/CS_Animatronics/src/install/motor_command_msg:${CMAKE_PREFIX_PATH} CONDA_PROMPT_MODIFIER=(base) DEBUGINFOD_URLS=https://debuginfod.ubuntu.com LD_LIBRARY_PATH=/home/cvl/CS_Animatronics/src/install/motor_command_msg/lib:${LD_LIBRARY_PATH} PYTHONPATH=/home/cvl/CS_Animatronics/src/build/system_controller/prefix_override:/usr/lib/python3/dist-packages/colcon_core/task/python/colcon_distutils_commands:/home/cvl/CS_Animatronics/src/install/system_controller/lib/python3.12/site-packages:/home/cvl/CS_Animatronics/src/install/motor_command_msg/lib/python3.13/site-packages:${PYTHONPATH} /usr/bin/python3 -W ignore:setup.py install is deprecated -W ignore:easy_install command is deprecated setup.py egg_info --egg-base ../build/system_controller build --build-base /home/cvl/CS_Animatronics/src/build/system_controller/build install --record /home/cvl/CS_Animatronics/src/build/system_controller/install.log --single-version-externally-managed install_data
[0.994s] running egg_info
[0.994s] creating ../build/system_controller/system_controller.egg-info
[1.011s] writing ../build/system_controller/system_controller.egg-info/PKG-INFO
[1.011s] writing dependency_links to ../build/system_controller/system_controller.egg-info/dependency_links.txt
[1.011s] writing entry points to ../build/system_controller/system_controller.egg-info/entry_points.txt
[1.011s] writing requirements to ../build/system_controller/system_controller.egg-info/requires.txt
[1.011s] writing top-level names to ../build/system_controller/system_controller.egg-info/top_level.txt
[1.012s] writing manifest file '../build/system_controller/system_controller.egg-info/SOURCES.txt'
[1.046s] reading manifest file '../build/system_controller/system_controller.egg-info/SOURCES.txt'
[1.046s] writing manifest file '../build/system_controller/system_controller.egg-info/SOURCES.txt'
[1.047s] running build
[1.047s] running build_py
[1.047s] creating /home/cvl/CS_Animatronics/src/build/system_controller/build
[1.047s] creating /home/cvl/CS_Animatronics/src/build/system_controller/build/lib
[1.047s] creating /home/cvl/CS_Animatronics/src/build/system_controller/build/lib/system_controller
[1.047s] copying system_controller/__init__.py -> /home/cvl/CS_Animatronics/src/build/system_controller/build/lib/system_controller
[1.047s] copying system_controller/system_controller.py -> /home/cvl/CS_Animatronics/src/build/system_controller/build/lib/system_controller
[1.047s] running install
[1.052s] running install_lib
[1.069s] creating /home/cvl/CS_Animatronics/src/install/system_controller/lib/python3.12/site-packages/system_controller
[1.069s] copying /home/cvl/CS_Animatronics/src/build/system_controller/build/lib/system_controller/__init__.py -> /home/cvl/CS_Animatronics/src/install/system_controller/lib/python3.12/site-packages/system_controller
[1.069s] copying /home/cvl/CS_Animatronics/src/build/system_controller/build/lib/system_controller/system_controller.py -> /home/cvl/CS_Animatronics/src/install/system_controller/lib/python3.12/site-packages/system_controller
[1.069s] byte-compiling /home/cvl/CS_Animatronics/src/install/system_controller/lib/python3.12/site-packages/system_controller/__init__.py to __init__.cpython-312.pyc
[1.069s] byte-compiling /home/cvl/CS_Animatronics/src/install/system_controller/lib/python3.12/site-packages/system_controller/system_controller.py to system_controller.cpython-312.pyc
[1.071s] running install_data
[1.071s] creating /home/cvl/CS_Animatronics/src/install/system_controller/share/ament_index
[1.071s] creating /home/cvl/CS_Animatronics/src/install/system_controller/share/ament_index/resource_index
[1.071s] creating /home/cvl/CS_Animatronics/src/install/system_controller/share/ament_index/resource_index/packages
[1.071s] copying resource/system_controller -> /home/cvl/CS_Animatronics/src/install/system_controller/share/ament_index/resource_index/packages
[1.071s] copying package.xml -> /home/cvl/CS_Animatronics/src/install/system_controller/share/system_controller
[1.071s] creating /home/cvl/CS_Animatronics/src/install/system_controller/share/system_controller/msg
[1.071s] running install_egg_info
[1.089s] Copying ../build/system_controller/system_controller.egg-info to /home/cvl/CS_Animatronics/src/install/system_controller/lib/python3.12/site-packages/system_controller-0.0.0-py3.12.egg-info
[1.090s] running install_scripts
[1.194s] Installing controller_publisher script to /home/cvl/CS_Animatronics/src/install/system_controller/lib/system_controller
[1.194s] Installing system_controller script to /home/cvl/CS_Animatronics/src/install/system_controller/lib/system_controller
[1.194s] writing list of installed files to '/home/cvl/CS_Animatronics/src/build/system_controller/install.log'
[1.210s] Invoked command in '/home/cvl/CS_Animatronics/src/system_controller' returned '0': AMENT_PREFIX_PATH=/home/cvl/CS_Animatronics/src/install/motor_command_msg:${AMENT_PREFIX_PATH} CMAKE_PREFIX_PATH=/home/cvl/CS_Animatronics/src/install/motor_command_msg:${CMAKE_PREFIX_PATH} CONDA_PROMPT_MODIFIER=(base) DEBUGINFOD_URLS=https://debuginfod.ubuntu.com LD_LIBRARY_PATH=/home/cvl/CS_Animatronics/src/install/motor_command_msg/lib:${LD_LIBRARY_PATH} PYTHONPATH=/home/cvl/CS_Animatronics/src/build/system_controller/prefix_override:/usr/lib/python3/dist-packages/colcon_core/task/python/colcon_distutils_commands:/home/cvl/CS_Animatronics/src/install/system_controller/lib/python3.12/site-packages:/home/cvl/CS_Animatronics/src/install/motor_command_msg/lib/python3.13/site-packages:${PYTHONPATH} /usr/bin/python3 -W ignore:setup.py install is deprecated -W ignore:easy_install command is deprecated setup.py egg_info --egg-base ../build/system_controller build --build-base /home/cvl/CS_Animatronics/src/build/system_controller/build install --record /home/cvl/CS_Animatronics/src/build/system_controller/install.log --single-version-externally-managed install_data
