[2.103s] Invoking command in '/home/csanimatronics/CS_Animatronics/src/motor_controller': AMENT_PREFIX_PATH=/home/csanimatronics/CS_Animatronics/install/motor_commands:/home/csanimatronics/CS_Animatronics/install/dynamixel_sdk_custom_interfaces:/home/csanimatronics/CS_Animatronics/install/dynamixel_sdk:${AMENT_PREFIX_PATH} CMAKE_PREFIX_PATH=/home/csanimatronics/CS_Animatronics/install/motor_commands:/home/csanimatronics/CS_Animatronics/install/dynamixel_sdk_custom_interfaces:/home/csanimatronics/CS_Animatronics/install/dynamixel_sdk:${CMAKE_PREFIX_PATH} DEBUGINFOD_URLS=https://debuginfod.ubuntu.com LD_LIBRARY_PATH=/home/csanimatronics/CS_Animatronics/install/motor_commands/lib:/home/csanimatronics/CS_Animatronics/install/dynamixel_sdk_custom_interfaces/lib:/home/csanimatronics/CS_Animatronics/install/dynamixel_sdk/lib:${LD_LIBRARY_PATH} PYTHONPATH=/home/csanimatronics/CS_Animatronics/build/motor_controller/prefix_override:/usr/lib/python3/dist-packages/colcon_core/task/python/colcon_distutils_commands:/home/csanimatronics/CS_Animatronics/install/motor_controller/lib/python3.12/site-packages:/home/csanimatronics/CS_Animatronics/install/motor_commands/lib/python3.12/site-packages:/home/csanimatronics/CS_Animatronics/install/dynamixel_sdk_custom_interfaces/lib/python3.12/site-packages:${PYTHONPATH} /usr/bin/python3 -W ignore:setup.py install is deprecated -W ignore:easy_install command is deprecated setup.py egg_info --egg-base ../../build/motor_controller build --build-base /home/csanimatronics/CS_Animatronics/build/motor_controller/build install --record /home/csanimatronics/CS_Animatronics/build/motor_controller/install.log --single-version-externally-managed install_data
[2.517s] running egg_info
[2.517s] creating ../../build/motor_controller/motor_controller.egg-info
[2.542s] writing ../../build/motor_controller/motor_controller.egg-info/PKG-INFO
[2.543s] writing dependency_links to ../../build/motor_controller/motor_controller.egg-info/dependency_links.txt
[2.543s] writing entry points to ../../build/motor_controller/motor_controller.egg-info/entry_points.txt
[2.543s] writing requirements to ../../build/motor_controller/motor_controller.egg-info/requires.txt
[2.543s] writing top-level names to ../../build/motor_controller/motor_controller.egg-info/top_level.txt
[2.543s] writing manifest file '../../build/motor_controller/motor_controller.egg-info/SOURCES.txt'
[2.601s] reading manifest file '../../build/motor_controller/motor_controller.egg-info/SOURCES.txt'
[2.602s] writing manifest file '../../build/motor_controller/motor_controller.egg-info/SOURCES.txt'
[2.602s] running build
[2.603s] running build_py
[2.603s] creating /home/csanimatronics/CS_Animatronics/build/motor_controller/build
[2.603s] creating /home/csanimatronics/CS_Animatronics/build/motor_controller/build/lib
[2.603s] creating /home/csanimatronics/CS_Animatronics/build/motor_controller/build/lib/motor_controller
[2.603s] copying motor_controller/motor_controller.py -> /home/csanimatronics/CS_Animatronics/build/motor_controller/build/lib/motor_controller
[2.603s] copying motor_controller/__init__.py -> /home/csanimatronics/CS_Animatronics/build/motor_controller/build/lib/motor_controller
[2.604s] running install
[2.613s] running install_lib
[2.641s] creating /home/csanimatronics/CS_Animatronics/install/motor_controller/lib/python3.12/site-packages/motor_controller
[2.641s] copying /home/csanimatronics/CS_Animatronics/build/motor_controller/build/lib/motor_controller/motor_controller.py -> /home/csanimatronics/CS_Animatronics/install/motor_controller/lib/python3.12/site-packages/motor_controller
[2.641s] copying /home/csanimatronics/CS_Animatronics/build/motor_controller/build/lib/motor_controller/__init__.py -> /home/csanimatronics/CS_Animatronics/install/motor_controller/lib/python3.12/site-packages/motor_controller
[2.642s] byte-compiling /home/csanimatronics/CS_Animatronics/install/motor_controller/lib/python3.12/site-packages/motor_controller/motor_controller.py to motor_controller.cpython-312.pyc
[2.647s] byte-compiling /home/csanimatronics/CS_Animatronics/install/motor_controller/lib/python3.12/site-packages/motor_controller/__init__.py to __init__.cpython-312.pyc
[2.647s] running install_data
[2.647s] creating /home/csanimatronics/CS_Animatronics/install/motor_controller/share/ament_index
[2.648s] creating /home/csanimatronics/CS_Animatronics/install/motor_controller/share/ament_index/resource_index
[2.648s] creating /home/csanimatronics/CS_Animatronics/install/motor_controller/share/ament_index/resource_index/packages
[2.648s] copying resource/motor_controller -> /home/csanimatronics/CS_Animatronics/install/motor_controller/share/ament_index/resource_index/packages
[2.648s] copying package.xml -> /home/csanimatronics/CS_Animatronics/install/motor_controller/share/motor_controller
[2.648s] creating /home/csanimatronics/CS_Animatronics/install/motor_controller/share/motor_controller/msg
[2.648s] creating /home/csanimatronics/CS_Animatronics/install/motor_controller/share/motor_controller/srv
[2.648s] running install_egg_info
[2.680s] Copying ../../build/motor_controller/motor_controller.egg-info to /home/csanimatronics/CS_Animatronics/install/motor_controller/lib/python3.12/site-packages/motor_controller-0.0.0-py3.12.egg-info
[2.682s] running install_scripts
[2.888s] Installing motion_editor script to /home/csanimatronics/CS_Animatronics/install/motor_controller/lib/motor_controller
[2.888s] Installing motor_controller script to /home/csanimatronics/CS_Animatronics/install/motor_controller/lib/motor_controller
[2.888s] Installing system_controller script to /home/csanimatronics/CS_Animatronics/install/motor_controller/lib/motor_controller
[2.889s] writing list of installed files to '/home/csanimatronics/CS_Animatronics/build/motor_controller/install.log'
[3.049s] Invoked command in '/home/csanimatronics/CS_Animatronics/src/motor_controller' returned '0': AMENT_PREFIX_PATH=/home/csanimatronics/CS_Animatronics/install/motor_commands:/home/csanimatronics/CS_Animatronics/install/dynamixel_sdk_custom_interfaces:/home/csanimatronics/CS_Animatronics/install/dynamixel_sdk:${AMENT_PREFIX_PATH} CMAKE_PREFIX_PATH=/home/csanimatronics/CS_Animatronics/install/motor_commands:/home/csanimatronics/CS_Animatronics/install/dynamixel_sdk_custom_interfaces:/home/csanimatronics/CS_Animatronics/install/dynamixel_sdk:${CMAKE_PREFIX_PATH} DEBUGINFOD_URLS=https://debuginfod.ubuntu.com LD_LIBRARY_PATH=/home/csanimatronics/CS_Animatronics/install/motor_commands/lib:/home/csanimatronics/CS_Animatronics/install/dynamixel_sdk_custom_interfaces/lib:/home/csanimatronics/CS_Animatronics/install/dynamixel_sdk/lib:${LD_LIBRARY_PATH} PYTHONPATH=/home/csanimatronics/CS_Animatronics/build/motor_controller/prefix_override:/usr/lib/python3/dist-packages/colcon_core/task/python/colcon_distutils_commands:/home/csanimatronics/CS_Animatronics/install/motor_controller/lib/python3.12/site-packages:/home/csanimatronics/CS_Animatronics/install/motor_commands/lib/python3.12/site-packages:/home/csanimatronics/CS_Animatronics/install/dynamixel_sdk_custom_interfaces/lib/python3.12/site-packages:${PYTHONPATH} /usr/bin/python3 -W ignore:setup.py install is deprecated -W ignore:easy_install command is deprecated setup.py egg_info --egg-base ../../build/motor_controller build --build-base /home/csanimatronics/CS_Animatronics/build/motor_controller/build install --record /home/csanimatronics/CS_Animatronics/build/motor_controller/install.log --single-version-externally-managed install_data
