[0.013s] Invoking command in '/home/cvl/CS_Animatronics/src/build/dynamixel_sdk_custom_interfaces': CMAKE_PREFIX_PATH=${CMAKE_PREFIX_PATH}:/opt/ros/jazzy CONDA_PROMPT_MODIFIER=(base) DEBUGINFOD_URLS=https://debuginfod.ubuntu.com /usr/bin/cmake /home/cvl/CS_Animatronics/src/dynamixel_sdk_custom_interfaces -DCMAKE_INSTALL_PREFIX=/home/cvl/CS_Animatronics/src/install/dynamixel_sdk_custom_interfaces
[0.185s] -- Found ament_cmake: 2.5.4 (/opt/ros/jazzy/share/ament_cmake/cmake)
[0.185s] -- Found builtin_interfaces: 2.0.2 (/opt/ros/jazzy/share/builtin_interfaces/cmake)
[0.185s] -- Found rosidl_generator_c: 4.6.5 (/opt/ros/jazzy/share/rosidl_generator_c/cmake)
[0.185s] -- Found rosidl_generator_cpp: 4.6.5 (/opt/ros/jazzy/share/rosidl_generator_cpp/cmake)
[0.186s] -- Using all available rosidl_typesupport_c: rosidl_typesupport_fastrtps_c;rosidl_typesupport_introspection_c
[0.196s] -- Using all available rosidl_typesupport_cpp: rosidl_typesupport_fastrtps_cpp;rosidl_typesupport_introspection_cpp
[0.205s] -- Found rosidl_default_generators: 1.6.0 (/opt/ros/jazzy/share/rosidl_default_generators/cmake)
[0.211s] -- Found rosidl_adapter: 4.6.5 (/opt/ros/jazzy/share/rosidl_adapter/cmake)
[0.572s] -- Found ament_cmake_ros: 0.12.0 (/opt/ros/jazzy/share/ament_cmake_ros/cmake)
[0.967s] -- Using all available rosidl_typesupport_c: rosidl_typesupport_fastrtps_c;rosidl_typesupport_introspection_c
[1.120s] -- Using all available rosidl_typesupport_cpp: rosidl_typesupport_fastrtps_cpp;rosidl_typesupport_introspection_cpp
[1.122s] -- Found python_cmake_module: 0.11.1 (/opt/ros/jazzy/share/python_cmake_module/cmake)
[1.197s] -- Found PythonExtra: /home/cvl/miniconda3/bin/python3  
[1.589s] -- Found Python3: /home/cvl/miniconda3/bin/python3 (found version "3.13.2") found components: Interpreter Development NumPy Development.Module Development.Embed 
[1.613s] -- Configuring done (1.6s)
[1.639s] -- Generating done (0.0s)
[1.647s] -- Build files have been written to: /home/cvl/CS_Animatronics/src/build/dynamixel_sdk_custom_interfaces
[1.652s] Invoked command in '/home/cvl/CS_Animatronics/src/build/dynamixel_sdk_custom_interfaces' returned '0': CMAKE_PREFIX_PATH=${CMAKE_PREFIX_PATH}:/opt/ros/jazzy CONDA_PROMPT_MODIFIER=(base) DEBUGINFOD_URLS=https://debuginfod.ubuntu.com /usr/bin/cmake /home/cvl/CS_Animatronics/src/dynamixel_sdk_custom_interfaces -DCMAKE_INSTALL_PREFIX=/home/cvl/CS_Animatronics/src/install/dynamixel_sdk_custom_interfaces
[1.652s] Invoking command in '/home/cvl/CS_Animatronics/src/build/dynamixel_sdk_custom_interfaces': CMAKE_PREFIX_PATH=${CMAKE_PREFIX_PATH}:/opt/ros/jazzy CONDA_PROMPT_MODIFIER=(base) DEBUGINFOD_URLS=https://debuginfod.ubuntu.com /usr/bin/cmake --build /home/cvl/CS_Animatronics/src/build/dynamixel_sdk_custom_interfaces -- -j20 -l20
[1.682s] [  2%] [34m[1mGenerating type hashes for ROS interfaces[0m
[1.688s] [  2%] Built target ament_cmake_python_copy_dynamixel_sdk_custom_interfaces
[1.716s] Traceback (most recent call last):
[1.717s]   File [35m"/opt/ros/jazzy/lib/rosidl_generator_type_description/rosidl_generator_type_description"[0m, line [35m21[0m, in [35m<module>[0m
[1.717s]     from rosidl_generator_type_description import generate_type_hash
[1.717s]   File [35m"/opt/ros/jazzy/lib/python3.12/site-packages/rosidl_generator_type_description/__init__.py"[0m, line [35m24[0m, in [35m<module>[0m
[1.717s]     from rosidl_parser.parser import parse_idl_file
[1.717s]   File [35m"/opt/ros/jazzy/lib/python3.12/site-packages/rosidl_parser/parser.py"[0m, line [35m20[0m, in [35m<module>[0m
[1.717s]     from lark import Lark
[1.717s] [1;35mModuleNotFoundError[0m: [35mNo module named 'lark'[0m
[1.722s] gmake[2]: *** [CMakeFiles/dynamixel_sdk_custom_interfaces__rosidl_generator_type_description.dir/build.make:77: rosidl_generator_type_description/dynamixel_sdk_custom_interfaces/msg/SetPosition.json] Error 1
[1.722s] gmake[1]: *** [CMakeFiles/Makefile2:215: CMakeFiles/dynamixel_sdk_custom_interfaces__rosidl_generator_type_description.dir/all] Error 2
[1.722s] gmake[1]: *** Waiting for unfinished jobs....
[1.829s] running egg_info
[1.842s] creating dynamixel_sdk_custom_interfaces.egg-info
[1.842s] writing dynamixel_sdk_custom_interfaces.egg-info/PKG-INFO
[1.842s] writing dependency_links to dynamixel_sdk_custom_interfaces.egg-info/dependency_links.txt
[1.842s] writing top-level names to dynamixel_sdk_custom_interfaces.egg-info/top_level.txt
[1.842s] writing manifest file 'dynamixel_sdk_custom_interfaces.egg-info/SOURCES.txt'
[1.874s] reading manifest file 'dynamixel_sdk_custom_interfaces.egg-info/SOURCES.txt'
[1.875s] writing manifest file 'dynamixel_sdk_custom_interfaces.egg-info/SOURCES.txt'
[1.894s] [  2%] Built target ament_cmake_python_build_dynamixel_sdk_custom_interfaces_egg
[1.895s] gmake: *** [Makefile:146: all] Error 2
