running egg_info
creating ../../build/imu_receiver/imu_receiver.egg-info
writing ../../build/imu_receiver/imu_receiver.egg-info/PKG-INFO
writing dependency_links to ../../build/imu_receiver/imu_receiver.egg-info/dependency_links.txt
writing entry points to ../../build/imu_receiver/imu_receiver.egg-info/entry_points.txt
writing requirements to ../../build/imu_receiver/imu_receiver.egg-info/requires.txt
writing top-level names to ../../build/imu_receiver/imu_receiver.egg-info/top_level.txt
writing manifest file '../../build/imu_receiver/imu_receiver.egg-info/SOURCES.txt'
reading manifest file '../../build/imu_receiver/imu_receiver.egg-info/SOURCES.txt'
writing manifest file '../../build/imu_receiver/imu_receiver.egg-info/SOURCES.txt'
running build
running build_py
creating /home/csanimatronics/CS_Animatronics/build/imu_receiver/build
creating /home/csanimatronics/CS_Animatronics/build/imu_receiver/build/lib
creating /home/csanimatronics/CS_Animatronics/build/imu_receiver/build/lib/imu_receiver
copying imu_receiver/imu_receiver_node.py -> /home/csanimatronics/CS_Animatronics/build/imu_receiver/build/lib/imu_receiver
copying imu_receiver/__init__.py -> /home/csanimatronics/CS_Animatronics/build/imu_receiver/build/lib/imu_receiver
running install
running install_lib
creating /home/csanimatronics/CS_Animatronics/install/imu_receiver/lib/python3.12/site-packages/imu_receiver
copying /home/csanimatronics/CS_Animatronics/build/imu_receiver/build/lib/imu_receiver/imu_receiver_node.py -> /home/csanimatronics/CS_Animatronics/install/imu_receiver/lib/python3.12/site-packages/imu_receiver
copying /home/csanimatronics/CS_Animatronics/build/imu_receiver/build/lib/imu_receiver/__init__.py -> /home/csanimatronics/CS_Animatronics/install/imu_receiver/lib/python3.12/site-packages/imu_receiver
byte-compiling /home/csanimatronics/CS_Animatronics/install/imu_receiver/lib/python3.12/site-packages/imu_receiver/imu_receiver_node.py to imu_receiver_node.cpython-312.pyc
byte-compiling /home/csanimatronics/CS_Animatronics/install/imu_receiver/lib/python3.12/site-packages/imu_receiver/__init__.py to __init__.cpython-312.pyc
running install_data
creating /home/csanimatronics/CS_Animatronics/install/imu_receiver/share/ament_index
creating /home/csanimatronics/CS_Animatronics/install/imu_receiver/share/ament_index/resource_index
creating /home/csanimatronics/CS_Animatronics/install/imu_receiver/share/ament_index/resource_index/packages
copying resource/imu_receiver -> /home/csanimatronics/CS_Animatronics/install/imu_receiver/share/ament_index/resource_index/packages
copying package.xml -> /home/csanimatronics/CS_Animatronics/install/imu_receiver/share/imu_receiver
running install_egg_info
Copying ../../build/imu_receiver/imu_receiver.egg-info to /home/csanimatronics/CS_Animatronics/install/imu_receiver/lib/python3.12/site-packages/imu_receiver-0.0.0-py3.12.egg-info
running install_scripts
Installing imu_receiver_node script to /home/csanimatronics/CS_Animatronics/install/imu_receiver/lib/imu_receiver
writing list of installed files to '/home/csanimatronics/CS_Animatronics/build/imu_receiver/install.log'
