[0.628s] Invoking command in '/home/cvl/CS_Animatronics/src/motor_controller': AMENT_PREFIX_PATH=/home/cvl/CS_Animatronics/src/install/motor_command_msg:/home/cvl/CS_Animatronics/src/install/dynamixel_sdk_custom_interfaces:/home/cvl/CS_Animatronics/src/install/dynamixel_sdk:${AMENT_PREFIX_PATH} CMAKE_PREFIX_PATH=/home/cvl/CS_Animatronics/src/install/motor_command_msg:/home/cvl/CS_Animatronics/src/install/dynamixel_sdk_custom_interfaces:/home/cvl/CS_Animatronics/src/install/dynamixel_sdk:${CMAKE_PREFIX_PATH} CONDA_PROMPT_MODIFIER=(base) DEBUGINFOD_URLS=https://debuginfod.ubuntu.com LD_LIBRARY_PATH=/home/cvl/CS_Animatronics/src/install/motor_command_msg/lib:/home/cvl/CS_Animatronics/src/install/dynamixel_sdk_custom_interfaces/lib:/home/cvl/CS_Animatronics/src/install/dynamixel_sdk/lib:${LD_LIBRARY_PATH} PYTHONPATH=/home/cvl/CS_Animatronics/src/build/motor_controller/prefix_override:/usr/lib/python3/dist-packages/colcon_core/task/python/colcon_distutils_commands:/home/cvl/CS_Animatronics/src/install/motor_controller/lib/python3.12/site-packages:/home/cvl/CS_Animatronics/src/install/motor_command_msg/lib/python3.13/site-packages:/home/cvl/CS_Animatronics/src/install/dynamixel_sdk_custom_interfaces/lib/python3.13/site-packages:${PYTHONPATH} /usr/bin/python3 -W ignore:setup.py install is deprecated -W ignore:easy_install command is deprecated setup.py egg_info --egg-base ../build/motor_controller build --build-base /home/cvl/CS_Animatronics/src/build/motor_controller/build install --record /home/cvl/CS_Animatronics/src/build/motor_controller/install.log --single-version-externally-managed install_data
[0.835s] running egg_info
[0.836s] creating ../build/motor_controller/motor_controller.egg-info
[0.851s] writing ../build/motor_controller/motor_controller.egg-info/PKG-INFO
[0.851s] writing dependency_links to ../build/motor_controller/motor_controller.egg-info/dependency_links.txt
[0.851s] writing entry points to ../build/motor_controller/motor_controller.egg-info/entry_points.txt
[0.852s] writing requirements to ../build/motor_controller/motor_controller.egg-info/requires.txt
[0.852s] writing top-level names to ../build/motor_controller/motor_controller.egg-info/top_level.txt
[0.852s] writing manifest file '../build/motor_controller/motor_controller.egg-info/SOURCES.txt'
[0.884s] reading manifest file '../build/motor_controller/motor_controller.egg-info/SOURCES.txt'
[0.884s] writing manifest file '../build/motor_controller/motor_controller.egg-info/SOURCES.txt'
[0.884s] running build
[0.885s] running build_py
[0.885s] creating /home/cvl/CS_Animatronics/src/build/motor_controller/build
[0.885s] creating /home/cvl/CS_Animatronics/src/build/motor_controller/build/lib
[0.885s] creating /home/cvl/CS_Animatronics/src/build/motor_controller/build/lib/motor_controller
[0.885s] copying motor_controller/__init__.py -> /home/cvl/CS_Animatronics/src/build/motor_controller/build/lib/motor_controller
[0.885s] copying motor_controller/motor_controller.py -> /home/cvl/CS_Animatronics/src/build/motor_controller/build/lib/motor_controller
[0.885s] running install
[0.890s] running install_lib
[0.906s] creating /home/cvl/CS_Animatronics/src/install/motor_controller/lib/python3.12/site-packages/motor_controller
[0.906s] copying /home/cvl/CS_Animatronics/src/build/motor_controller/build/lib/motor_controller/__init__.py -> /home/cvl/CS_Animatronics/src/install/motor_controller/lib/python3.12/site-packages/motor_controller
[0.906s] copying /home/cvl/CS_Animatronics/src/build/motor_controller/build/lib/motor_controller/motor_controller.py -> /home/cvl/CS_Animatronics/src/install/motor_controller/lib/python3.12/site-packages/motor_controller
[0.906s] byte-compiling /home/cvl/CS_Animatronics/src/install/motor_controller/lib/python3.12/site-packages/motor_controller/__init__.py to __init__.cpython-312.pyc
[0.907s] byte-compiling /home/cvl/CS_Animatronics/src/install/motor_controller/lib/python3.12/site-packages/motor_controller/motor_controller.py to motor_controller.cpython-312.pyc
[0.908s] running install_data
[0.908s] creating /home/cvl/CS_Animatronics/src/install/motor_controller/share/ament_index
[0.908s] creating /home/cvl/CS_Animatronics/src/install/motor_controller/share/ament_index/resource_index
[0.908s] creating /home/cvl/CS_Animatronics/src/install/motor_controller/share/ament_index/resource_index/packages
[0.908s] copying resource/motor_controller -> /home/cvl/CS_Animatronics/src/install/motor_controller/share/ament_index/resource_index/packages
[0.908s] copying package.xml -> /home/cvl/CS_Animatronics/src/install/motor_controller/share/motor_controller
[0.909s] creating /home/cvl/CS_Animatronics/src/install/motor_controller/share/motor_controller/msg
[0.909s] running install_egg_info
[0.926s] Copying ../build/motor_controller/motor_controller.egg-info to /home/cvl/CS_Animatronics/src/install/motor_controller/lib/python3.12/site-packages/motor_controller-0.0.0-py3.12.egg-info
[0.926s] running install_scripts
[1.027s] Installing motor_controller script to /home/cvl/CS_Animatronics/src/install/motor_controller/lib/motor_controller
[1.027s] Installing system_controller script to /home/cvl/CS_Animatronics/src/install/motor_controller/lib/motor_controller
[1.027s] writing list of installed files to '/home/cvl/CS_Animatronics/src/build/motor_controller/install.log'
[1.042s] Invoked command in '/home/cvl/CS_Animatronics/src/motor_controller' returned '0': AMENT_PREFIX_PATH=/home/cvl/CS_Animatronics/src/install/motor_command_msg:/home/cvl/CS_Animatronics/src/install/dynamixel_sdk_custom_interfaces:/home/cvl/CS_Animatronics/src/install/dynamixel_sdk:${AMENT_PREFIX_PATH} CMAKE_PREFIX_PATH=/home/cvl/CS_Animatronics/src/install/motor_command_msg:/home/cvl/CS_Animatronics/src/install/dynamixel_sdk_custom_interfaces:/home/cvl/CS_Animatronics/src/install/dynamixel_sdk:${CMAKE_PREFIX_PATH} CONDA_PROMPT_MODIFIER=(base) DEBUGINFOD_URLS=https://debuginfod.ubuntu.com LD_LIBRARY_PATH=/home/cvl/CS_Animatronics/src/install/motor_command_msg/lib:/home/cvl/CS_Animatronics/src/install/dynamixel_sdk_custom_interfaces/lib:/home/cvl/CS_Animatronics/src/install/dynamixel_sdk/lib:${LD_LIBRARY_PATH} PYTHONPATH=/home/cvl/CS_Animatronics/src/build/motor_controller/prefix_override:/usr/lib/python3/dist-packages/colcon_core/task/python/colcon_distutils_commands:/home/cvl/CS_Animatronics/src/install/motor_controller/lib/python3.12/site-packages:/home/cvl/CS_Animatronics/src/install/motor_command_msg/lib/python3.13/site-packages:/home/cvl/CS_Animatronics/src/install/dynamixel_sdk_custom_interfaces/lib/python3.13/site-packages:${PYTHONPATH} /usr/bin/python3 -W ignore:setup.py install is deprecated -W ignore:easy_install command is deprecated setup.py egg_info --egg-base ../build/motor_controller build --build-base /home/cvl/CS_Animatronics/src/build/motor_controller/build install --record /home/cvl/CS_Animatronics/src/build/motor_controller/install.log --single-version-externally-managed install_data
