[0.835s] Invoking command in '/home/cvl/CS_Animatronics/src/controller_publisher': CONDA_PROMPT_MODIFIER=(base) DEBUGINFOD_URLS=https://debuginfod.ubuntu.com PYTHONPATH=/home/cvl/CS_Animatronics/src/build/controller_publisher/prefix_override:/usr/lib/python3/dist-packages/colcon_core/task/python/colcon_distutils_commands:/home/cvl/CS_Animatronics/src/install/controller_publisher/lib/python3.12/site-packages:${PYTHONPATH} /usr/bin/python3 -W ignore:setup.py install is deprecated -W ignore:easy_install command is deprecated setup.py egg_info --egg-base ../build/controller_publisher build --build-base /home/cvl/CS_Animatronics/src/build/controller_publisher/build install --record /home/cvl/CS_Animatronics/src/build/controller_publisher/install.log --single-version-externally-managed install_data
[1.050s] running egg_info
[1.051s] creating ../build/controller_publisher/controller_publisher.egg-info
[1.068s] writing ../build/controller_publisher/controller_publisher.egg-info/PKG-INFO
[1.068s] writing dependency_links to ../build/controller_publisher/controller_publisher.egg-info/dependency_links.txt
[1.068s] writing entry points to ../build/controller_publisher/controller_publisher.egg-info/entry_points.txt
[1.068s] writing requirements to ../build/controller_publisher/controller_publisher.egg-info/requires.txt
[1.068s] writing top-level names to ../build/controller_publisher/controller_publisher.egg-info/top_level.txt
[1.068s] writing manifest file '../build/controller_publisher/controller_publisher.egg-info/SOURCES.txt'
[1.103s] reading manifest file '../build/controller_publisher/controller_publisher.egg-info/SOURCES.txt'
[1.104s] writing manifest file '../build/controller_publisher/controller_publisher.egg-info/SOURCES.txt'
[1.104s] running build
[1.104s] running build_py
[1.104s] creating /home/cvl/CS_Animatronics/src/build/controller_publisher/build
[1.105s] creating /home/cvl/CS_Animatronics/src/build/controller_publisher/build/lib
[1.105s] creating /home/cvl/CS_Animatronics/src/build/controller_publisher/build/lib/controller_publisher
[1.105s] copying controller_publisher/__init__.py -> /home/cvl/CS_Animatronics/src/build/controller_publisher/build/lib/controller_publisher
[1.105s] copying controller_publisher/controller_publisher.py -> /home/cvl/CS_Animatronics/src/build/controller_publisher/build/lib/controller_publisher
[1.105s] running install
[1.110s] running install_lib
[1.127s] creating /home/cvl/CS_Animatronics/src/install/controller_publisher/lib/python3.12/site-packages/controller_publisher
[1.127s] copying /home/cvl/CS_Animatronics/src/build/controller_publisher/build/lib/controller_publisher/__init__.py -> /home/cvl/CS_Animatronics/src/install/controller_publisher/lib/python3.12/site-packages/controller_publisher
[1.128s] copying /home/cvl/CS_Animatronics/src/build/controller_publisher/build/lib/controller_publisher/controller_publisher.py -> /home/cvl/CS_Animatronics/src/install/controller_publisher/lib/python3.12/site-packages/controller_publisher
[1.128s] byte-compiling /home/cvl/CS_Animatronics/src/install/controller_publisher/lib/python3.12/site-packages/controller_publisher/__init__.py to __init__.cpython-312.pyc
[1.128s] byte-compiling /home/cvl/CS_Animatronics/src/install/controller_publisher/lib/python3.12/site-packages/controller_publisher/controller_publisher.py to controller_publisher.cpython-312.pyc
[1.128s] running install_data
[1.128s] creating /home/cvl/CS_Animatronics/src/install/controller_publisher/share/ament_index
[1.129s] creating /home/cvl/CS_Animatronics/src/install/controller_publisher/share/ament_index/resource_index
[1.129s] creating /home/cvl/CS_Animatronics/src/install/controller_publisher/share/ament_index/resource_index/packages
[1.129s] copying resource/controller_publisher -> /home/cvl/CS_Animatronics/src/install/controller_publisher/share/ament_index/resource_index/packages
[1.129s] copying package.xml -> /home/cvl/CS_Animatronics/src/install/controller_publisher/share/controller_publisher
[1.129s] running install_egg_info
[1.148s] Copying ../build/controller_publisher/controller_publisher.egg-info to /home/cvl/CS_Animatronics/src/install/controller_publisher/lib/python3.12/site-packages/controller_publisher-0.0.0-py3.12.egg-info
[1.148s] running install_scripts
[1.255s] Installing controller_publisher script to /home/cvl/CS_Animatronics/src/install/controller_publisher/lib/controller_publisher
[1.255s] writing list of installed files to '/home/cvl/CS_Animatronics/src/build/controller_publisher/install.log'
[1.283s] Invoked command in '/home/cvl/CS_Animatronics/src/controller_publisher' returned '0': CONDA_PROMPT_MODIFIER=(base) DEBUGINFOD_URLS=https://debuginfod.ubuntu.com PYTHONPATH=/home/cvl/CS_Animatronics/src/build/controller_publisher/prefix_override:/usr/lib/python3/dist-packages/colcon_core/task/python/colcon_distutils_commands:/home/cvl/CS_Animatronics/src/install/controller_publisher/lib/python3.12/site-packages:${PYTHONPATH} /usr/bin/python3 -W ignore:setup.py install is deprecated -W ignore:easy_install command is deprecated setup.py egg_info --egg-base ../build/controller_publisher build --build-base /home/cvl/CS_Animatronics/src/build/controller_publisher/build install --record /home/cvl/CS_Animatronics/src/build/controller_publisher/install.log --single-version-externally-managed install_data
