[0.015s] Invoking command in '/home/cvl/CS_Animatronics/src/build/motor_command_msg': CMAKE_PREFIX_PATH=${CMAKE_PREFIX_PATH}:/opt/ros/jazzy CONDA_PROMPT_MODIFIER=(base) DEBUGINFOD_URLS=https://debuginfod.ubuntu.com /usr/bin/cmake /home/cvl/CS_Animatronics/src/motor_command_msg -DCMAKE_INSTALL_PREFIX=/home/cvl/CS_Animatronics/src/install/motor_command_msg
[0.190s] -- Found ament_cmake: 2.5.4 (/opt/ros/jazzy/share/ament_cmake/cmake)
[0.190s] -- Found builtin_interfaces: 2.0.2 (/opt/ros/jazzy/share/builtin_interfaces/cmake)
[0.190s] -- Found rosidl_generator_c: 4.6.5 (/opt/ros/jazzy/share/rosidl_generator_c/cmake)
[0.191s] -- Found rosidl_generator_cpp: 4.6.5 (/opt/ros/jazzy/share/rosidl_generator_cpp/cmake)
[0.191s] -- Using all available rosidl_typesupport_c: rosidl_typesupport_fastrtps_c;rosidl_typesupport_introspection_c
[0.201s] -- Using all available rosidl_typesupport_cpp: rosidl_typesupport_fastrtps_cpp;rosidl_typesupport_introspection_cpp
[0.210s] -- Found rosidl_default_generators: 1.6.0 (/opt/ros/jazzy/share/rosidl_default_generators/cmake)
[0.217s] -- Found rosidl_adapter: 4.6.5 (/opt/ros/jazzy/share/rosidl_adapter/cmake)
[0.570s] -- Found ament_cmake_ros: 0.12.0 (/opt/ros/jazzy/share/ament_cmake_ros/cmake)
[0.967s] -- Using all available rosidl_typesupport_c: rosidl_typesupport_fastrtps_c;rosidl_typesupport_introspection_c
[1.121s] -- Using all available rosidl_typesupport_cpp: rosidl_typesupport_fastrtps_cpp;rosidl_typesupport_introspection_cpp
[1.123s] -- Found python_cmake_module: 0.11.1 (/opt/ros/jazzy/share/python_cmake_module/cmake)
[1.198s] -- Found PythonExtra: /home/cvl/miniconda3/bin/python3  
[1.577s] -- Found Python3: /home/cvl/miniconda3/bin/python3 (found version "3.13.2") found components: Interpreter Development NumPy Development.Module Development.Embed 
[1.606s] -- Configuring done (1.6s)
[1.629s] -- Generating done (0.0s)
[1.636s] -- Build files have been written to: /home/cvl/CS_Animatronics/src/build/motor_command_msg
[1.641s] Invoked command in '/home/cvl/CS_Animatronics/src/build/motor_command_msg' returned '0': CMAKE_PREFIX_PATH=${CMAKE_PREFIX_PATH}:/opt/ros/jazzy CONDA_PROMPT_MODIFIER=(base) DEBUGINFOD_URLS=https://debuginfod.ubuntu.com /usr/bin/cmake /home/cvl/CS_Animatronics/src/motor_command_msg -DCMAKE_INSTALL_PREFIX=/home/cvl/CS_Animatronics/src/install/motor_command_msg
[1.642s] Invoking command in '/home/cvl/CS_Animatronics/src/build/motor_command_msg': CMAKE_PREFIX_PATH=${CMAKE_PREFIX_PATH}:/opt/ros/jazzy CONDA_PROMPT_MODIFIER=(base) DEBUGINFOD_URLS=https://debuginfod.ubuntu.com /usr/bin/cmake --build /home/cvl/CS_Animatronics/src/build/motor_command_msg -- -j20 -l20
[1.671s] [  2%] [34m[1mGenerating type hashes for ROS interfaces[0m
[1.676s] [  2%] Built target ament_cmake_python_copy_motor_command_msg
[1.706s] Traceback (most recent call last):
[1.707s]   File [35m"/opt/ros/jazzy/lib/rosidl_generator_type_description/rosidl_generator_type_description"[0m, line [35m21[0m, in [35m<module>[0m
[1.707s]     from rosidl_generator_type_description import generate_type_hash
[1.707s]   File [35m"/opt/ros/jazzy/lib/python3.12/site-packages/rosidl_generator_type_description/__init__.py"[0m, line [35m24[0m, in [35m<module>[0m
[1.707s]     from rosidl_parser.parser import parse_idl_file
[1.707s]   File [35m"/opt/ros/jazzy/lib/python3.12/site-packages/rosidl_parser/parser.py"[0m, line [35m20[0m, in [35m<module>[0m
[1.707s]     from lark import Lark
[1.707s] [1;35mModuleNotFoundError[0m: [35mNo module named 'lark'[0m
[1.712s] gmake[2]: *** [CMakeFiles/motor_command_msg__rosidl_generator_type_description.dir/build.make:75: rosidl_generator_type_description/motor_command_msg/msg/IdAngle.json] Error 1
[1.712s] gmake[1]: *** [CMakeFiles/Makefile2:215: CMakeFiles/motor_command_msg__rosidl_generator_type_description.dir/all] Error 2
[1.712s] gmake[1]: *** Waiting for unfinished jobs....
[1.823s] running egg_info
[1.836s] creating motor_command_msg.egg-info
[1.837s] writing motor_command_msg.egg-info/PKG-INFO
[1.837s] writing dependency_links to motor_command_msg.egg-info/dependency_links.txt
[1.837s] writing top-level names to motor_command_msg.egg-info/top_level.txt
[1.837s] writing manifest file 'motor_command_msg.egg-info/SOURCES.txt'
[1.871s] reading manifest file 'motor_command_msg.egg-info/SOURCES.txt'
[1.871s] writing manifest file 'motor_command_msg.egg-info/SOURCES.txt'
[1.890s] [  2%] Built target ament_cmake_python_build_motor_command_msg_egg
[1.891s] gmake: *** [Makefile:146: all] Error 2
[1.892s] Invoked command in '/home/cvl/CS_Animatronics/src/build/motor_command_msg' returned '2': CMAKE_PREFIX_PATH=${CMAKE_PREFIX_PATH}:/opt/ros/jazzy CONDA_PROMPT_MODIFIER=(base) DEBUGINFOD_URLS=https://debuginfod.ubuntu.com /usr/bin/cmake --build /home/cvl/CS_Animatronics/src/build/motor_command_msg -- -j20 -l20
