running egg_info
creating ../../build/motion_editor/motion_editor.egg-info
writing ../../build/motion_editor/motion_editor.egg-info/PKG-INFO
writing dependency_links to ../../build/motion_editor/motion_editor.egg-info/dependency_links.txt
writing entry points to ../../build/motion_editor/motion_editor.egg-info/entry_points.txt
writing requirements to ../../build/motion_editor/motion_editor.egg-info/requires.txt
writing top-level names to ../../build/motion_editor/motion_editor.egg-info/top_level.txt
writing manifest file '../../build/motion_editor/motion_editor.egg-info/SOURCES.txt'
reading manifest file '../../build/motion_editor/motion_editor.egg-info/SOURCES.txt'
writing manifest file '../../build/motion_editor/motion_editor.egg-info/SOURCES.txt'
running build
running build_py
creating /home/csanimatronics/CS_Animatronics/build/motion_editor/build
creating /home/csanimatronics/CS_Animatronics/build/motion_editor/build/lib
creating /home/csanimatronics/CS_Animatronics/build/motion_editor/build/lib/motion_editor
copying motion_editor/motion_editor.py -> /home/csanimatronics/CS_Animatronics/build/motion_editor/build/lib/motion_editor
copying motion_editor/__init__.py -> /home/csanimatronics/CS_Animatronics/build/motion_editor/build/lib/motion_editor
running install
running install_lib
creating /home/csanimatronics/CS_Animatronics/install/motion_editor/lib/python3.12/site-packages/motion_editor
copying /home/csanimatronics/CS_Animatronics/build/motion_editor/build/lib/motion_editor/motion_editor.py -> /home/csanimatronics/CS_Animatronics/install/motion_editor/lib/python3.12/site-packages/motion_editor
copying /home/csanimatronics/CS_Animatronics/build/motion_editor/build/lib/motion_editor/__init__.py -> /home/csanimatronics/CS_Animatronics/install/motion_editor/lib/python3.12/site-packages/motion_editor
byte-compiling /home/csanimatronics/CS_Animatronics/install/motion_editor/lib/python3.12/site-packages/motion_editor/motion_editor.py to motion_editor.cpython-312.pyc
  File "/home/csanimatronics/CS_Animatronics/install/motion_editor/lib/python3.12/site-packages/motion_editor/motion_editor.py", line 48
    self.get_logger().info(f"Recived motor states\nIDs: {response.id}"\nPositions: {response.positions}) 
                                                                       ^
SyntaxError: unexpected character after line continuation character

byte-compiling /home/csanimatronics/CS_Animatronics/install/motion_editor/lib/python3.12/site-packages/motion_editor/__init__.py to __init__.cpython-312.pyc
running install_data
creating /home/csanimatronics/CS_Animatronics/install/motion_editor/share/ament_index
creating /home/csanimatronics/CS_Animatronics/install/motion_editor/share/ament_index/resource_index
creating /home/csanimatronics/CS_Animatronics/install/motion_editor/share/ament_index/resource_index/packages
copying resource/motion_editor -> /home/csanimatronics/CS_Animatronics/install/motion_editor/share/ament_index/resource_index/packages
copying package.xml -> /home/csanimatronics/CS_Animatronics/install/motion_editor/share/motion_editor
running install_egg_info
Copying ../../build/motion_editor/motion_editor.egg-info to /home/csanimatronics/CS_Animatronics/install/motion_editor/lib/python3.12/site-packages/motion_editor-0.0.0-py3.12.egg-info
running install_scripts
Installing motion_editor script to /home/csanimatronics/CS_Animatronics/install/motion_editor/lib/motion_editor
Installing system_controller script to /home/csanimatronics/CS_Animatronics/install/motion_editor/lib/motion_editor
writing list of installed files to '/home/csanimatronics/CS_Animatronics/build/motion_editor/install.log'
