[0.808s] Invoking command in '/home/cvl/CS_Animatronics/src/motor_controller': AMENT_PREFIX_PATH=/home/cvl/CS_Animatronics/src/install/motor_command_msg:/home/cvl/CS_Animatronics/src/install/dynamixel_sdk_custom_interfaces:/home/cvl/CS_Animatronics/src/install/dynamixel_sdk:${AMENT_PREFIX_PATH} CMAKE_PREFIX_PATH=/home/cvl/CS_Animatronics/src/install/motor_command_msg:/home/cvl/CS_Animatronics/src/install/dynamixel_sdk_custom_interfaces:/home/cvl/CS_Animatronics/src/install/dynamixel_sdk:${CMAKE_PREFIX_PATH} DEBUGINFOD_URLS=https://debuginfod.ubuntu.com LD_LIBRARY_PATH=/home/cvl/CS_Animatronics/src/install/motor_command_msg/lib:/home/cvl/CS_Animatronics/src/install/dynamixel_sdk_custom_interfaces/lib:/home/cvl/CS_Animatronics/src/install/dynamixel_sdk/lib:${LD_LIBRARY_PATH} PYTHONPATH=/home/cvl/CS_Animatronics/src/build/motor_controller/prefix_override:/usr/lib/python3/dist-packages/colcon_core/task/python/colcon_distutils_commands:/home/cvl/CS_Animatronics/src/install/motor_controller/lib/python3.12/site-packages:/home/cvl/CS_Animatronics/src/install/motor_command_msg/lib/python3.13/site-packages:/home/cvl/CS_Animatronics/src/install/dynamixel_sdk_custom_interfaces/lib/python3.13/site-packages:${PYTHONPATH} /usr/bin/python3 -W ignore:setup.py install is deprecated -W ignore:easy_install command is deprecated setup.py egg_info --egg-base ../build/motor_controller build --build-base /home/cvl/CS_Animatronics/src/build/motor_controller/build install --record /home/cvl/CS_Animatronics/src/build/motor_controller/install.log --single-version-externally-managed install_data
[1.032s] running egg_info
[1.049s] writing ../build/motor_controller/motor_controller.egg-info/PKG-INFO
[1.049s] writing dependency_links to ../build/motor_controller/motor_controller.egg-info/dependency_links.txt
[1.049s] writing entry points to ../build/motor_controller/motor_controller.egg-info/entry_points.txt
[1.049s] writing requirements to ../build/motor_controller/motor_controller.egg-info/requires.txt
[1.049s] writing top-level names to ../build/motor_controller/motor_controller.egg-info/top_level.txt
[1.085s] reading manifest file '../build/motor_controller/motor_controller.egg-info/SOURCES.txt'
[1.085s] writing manifest file '../build/motor_controller/motor_controller.egg-info/SOURCES.txt'
[1.086s] running build
[1.086s] running build_py
[1.086s] running install
[1.091s] running install_lib
[1.109s] running install_data
[1.109s] running install_egg_info
[1.128s] removing '/home/cvl/CS_Animatronics/src/install/motor_controller/lib/python3.12/site-packages/motor_controller-0.0.0-py3.12.egg-info' (and everything under it)
[1.128s] Copying ../build/motor_controller/motor_controller.egg-info to /home/cvl/CS_Animatronics/src/install/motor_controller/lib/python3.12/site-packages/motor_controller-0.0.0-py3.12.egg-info
[1.128s] running install_scripts
[1.236s] Installing motor_controller script to /home/cvl/CS_Animatronics/src/install/motor_controller/lib/motor_controller
[1.236s] Installing system_controller script to /home/cvl/CS_Animatronics/src/install/motor_controller/lib/motor_controller
[1.236s] writing list of installed files to '/home/cvl/CS_Animatronics/src/build/motor_controller/install.log'
[1.252s] Invoked command in '/home/cvl/CS_Animatronics/src/motor_controller' returned '0': AMENT_PREFIX_PATH=/home/cvl/CS_Animatronics/src/install/motor_command_msg:/home/cvl/CS_Animatronics/src/install/dynamixel_sdk_custom_interfaces:/home/cvl/CS_Animatronics/src/install/dynamixel_sdk:${AMENT_PREFIX_PATH} CMAKE_PREFIX_PATH=/home/cvl/CS_Animatronics/src/install/motor_command_msg:/home/cvl/CS_Animatronics/src/install/dynamixel_sdk_custom_interfaces:/home/cvl/CS_Animatronics/src/install/dynamixel_sdk:${CMAKE_PREFIX_PATH} DEBUGINFOD_URLS=https://debuginfod.ubuntu.com LD_LIBRARY_PATH=/home/cvl/CS_Animatronics/src/install/motor_command_msg/lib:/home/cvl/CS_Animatronics/src/install/dynamixel_sdk_custom_interfaces/lib:/home/cvl/CS_Animatronics/src/install/dynamixel_sdk/lib:${LD_LIBRARY_PATH} PYTHONPATH=/home/cvl/CS_Animatronics/src/build/motor_controller/prefix_override:/usr/lib/python3/dist-packages/colcon_core/task/python/colcon_distutils_commands:/home/cvl/CS_Animatronics/src/install/motor_controller/lib/python3.12/site-packages:/home/cvl/CS_Animatronics/src/install/motor_command_msg/lib/python3.13/site-packages:/home/cvl/CS_Animatronics/src/install/dynamixel_sdk_custom_interfaces/lib/python3.13/site-packages:${PYTHONPATH} /usr/bin/python3 -W ignore:setup.py install is deprecated -W ignore:easy_install command is deprecated setup.py egg_info --egg-base ../build/motor_controller build --build-base /home/cvl/CS_Animatronics/src/build/motor_controller/build install --record /home/cvl/CS_Animatronics/src/build/motor_controller/install.log --single-version-externally-managed install_data
