[2.756s] Invoking command in '/home/csanimatronics/CS_Animatronics/src/motion_editor': AMENT_PREFIX_PATH=/home/csanimatronics/CS_Animatronics/src/install/motor_command_msg:${AMENT_PREFIX_PATH} CMAKE_PREFIX_PATH=/home/csanimatronics/CS_Animatronics/src/install/motor_command_msg:${CMAKE_PREFIX_PATH} DEBUGINFOD_URLS=https://debuginfod.ubuntu.com LD_LIBRARY_PATH=/home/csanimatronics/CS_Animatronics/src/install/motor_command_msg/lib:${LD_LIBRARY_PATH} PYTHONPATH=/home/csanimatronics/CS_Animatronics/src/build/motion_editor/prefix_override:/usr/lib/python3/dist-packages/colcon_core/task/python/colcon_distutils_commands:/home/csanimatronics/CS_Animatronics/src/install/motion_editor/lib/python3.12/site-packages:/home/csanimatronics/CS_Animatronics/src/install/motor_command_msg/lib/python3.12/site-packages:${PYTHONPATH} /usr/bin/python3 -W ignore:setup.py install is deprecated -W ignore:easy_install command is deprecated setup.py egg_info --egg-base ../build/motion_editor build --build-base /home/csanimatronics/CS_Animatronics/src/build/motion_editor/build install --record /home/csanimatronics/CS_Animatronics/src/build/motion_editor/install.log --single-version-externally-managed install_data
[3.247s] running egg_info
[3.247s] creating ../build/motion_editor/motion_editor.egg-info
[3.280s] writing ../build/motion_editor/motion_editor.egg-info/PKG-INFO
[3.280s] writing dependency_links to ../build/motion_editor/motion_editor.egg-info/dependency_links.txt
[3.281s] writing entry points to ../build/motion_editor/motion_editor.egg-info/entry_points.txt
[3.281s] writing requirements to ../build/motion_editor/motion_editor.egg-info/requires.txt
[3.281s] writing top-level names to ../build/motion_editor/motion_editor.egg-info/top_level.txt
[3.281s] writing manifest file '../build/motion_editor/motion_editor.egg-info/SOURCES.txt'
[3.340s] reading manifest file '../build/motion_editor/motion_editor.egg-info/SOURCES.txt'
[3.340s] writing manifest file '../build/motion_editor/motion_editor.egg-info/SOURCES.txt'
[3.341s] running build
[3.342s] running build_py
[3.342s] creating /home/csanimatronics/CS_Animatronics/src/build/motion_editor/build
[3.342s] creating /home/csanimatronics/CS_Animatronics/src/build/motion_editor/build/lib
[3.342s] creating /home/csanimatronics/CS_Animatronics/src/build/motion_editor/build/lib/motion_editor
[3.342s] copying motion_editor/motion_editor.py -> /home/csanimatronics/CS_Animatronics/src/build/motion_editor/build/lib/motion_editor
[3.343s] copying motion_editor/__init__.py -> /home/csanimatronics/CS_Animatronics/src/build/motion_editor/build/lib/motion_editor
[3.343s] running install
[3.354s] running install_lib
[3.398s] creating /home/csanimatronics/CS_Animatronics/src/install/motion_editor/lib/python3.12/site-packages/motion_editor
[3.398s] copying /home/csanimatronics/CS_Animatronics/src/build/motion_editor/build/lib/motion_editor/motion_editor.py -> /home/csanimatronics/CS_Animatronics/src/install/motion_editor/lib/python3.12/site-packages/motion_editor
[3.398s] copying /home/csanimatronics/CS_Animatronics/src/build/motion_editor/build/lib/motion_editor/__init__.py -> /home/csanimatronics/CS_Animatronics/src/install/motion_editor/lib/python3.12/site-packages/motion_editor
[3.399s] byte-compiling /home/csanimatronics/CS_Animatronics/src/install/motion_editor/lib/python3.12/site-packages/motion_editor/motion_editor.py to motion_editor.cpython-312.pyc
[3.406s] byte-compiling /home/csanimatronics/CS_Animatronics/src/install/motion_editor/lib/python3.12/site-packages/motion_editor/__init__.py to __init__.cpython-312.pyc
[3.407s] running install_data
[3.407s] creating /home/csanimatronics/CS_Animatronics/src/install/motion_editor/share/ament_index
[3.407s] creating /home/csanimatronics/CS_Animatronics/src/install/motion_editor/share/ament_index/resource_index
[3.407s] creating /home/csanimatronics/CS_Animatronics/src/install/motion_editor/share/ament_index/resource_index/packages
[3.407s] copying resource/motion_editor -> /home/csanimatronics/CS_Animatronics/src/install/motion_editor/share/ament_index/resource_index/packages
[3.407s] copying package.xml -> /home/csanimatronics/CS_Animatronics/src/install/motion_editor/share/motion_editor
[3.407s] running install_egg_info
[3.435s] Copying ../build/motion_editor/motion_editor.egg-info to /home/csanimatronics/CS_Animatronics/src/install/motion_editor/lib/python3.12/site-packages/motion_editor-0.0.0-py3.12.egg-info
[3.437s] running install_scripts
[3.656s] Installing motion_editor script to /home/csanimatronics/CS_Animatronics/src/install/motion_editor/lib/motion_editor
[3.657s] Installing system_controller script to /home/csanimatronics/CS_Animatronics/src/install/motion_editor/lib/motion_editor
[3.657s] writing list of installed files to '/home/csanimatronics/CS_Animatronics/src/build/motion_editor/install.log'
[3.833s] Invoked command in '/home/csanimatronics/CS_Animatronics/src/motion_editor' returned '0': AMENT_PREFIX_PATH=/home/csanimatronics/CS_Animatronics/src/install/motor_command_msg:${AMENT_PREFIX_PATH} CMAKE_PREFIX_PATH=/home/csanimatronics/CS_Animatronics/src/install/motor_command_msg:${CMAKE_PREFIX_PATH} DEBUGINFOD_URLS=https://debuginfod.ubuntu.com LD_LIBRARY_PATH=/home/csanimatronics/CS_Animatronics/src/install/motor_command_msg/lib:${LD_LIBRARY_PATH} PYTHONPATH=/home/csanimatronics/CS_Animatronics/src/build/motion_editor/prefix_override:/usr/lib/python3/dist-packages/colcon_core/task/python/colcon_distutils_commands:/home/csanimatronics/CS_Animatronics/src/install/motion_editor/lib/python3.12/site-packages:/home/csanimatronics/CS_Animatronics/src/install/motor_command_msg/lib/python3.12/site-packages:${PYTHONPATH} /usr/bin/python3 -W ignore:setup.py install is deprecated -W ignore:easy_install command is deprecated setup.py egg_info --egg-base ../build/motion_editor build --build-base /home/csanimatronics/CS_Animatronics/src/build/motion_editor/build install --record /home/csanimatronics/CS_Animatronics/src/build/motion_editor/install.log --single-version-externally-managed install_data
