[1.663s] Invoking command in '/home/csanimatronics/CS_Animatronics/src/motor_controller': AMENT_PREFIX_PATH=/home/csanimatronics/CS_Animatronics/src/install/dynamixel_sdk_custom_interfaces:/home/csanimatronics/CS_Animatronics/src/install/dynamixel_sdk:${AMENT_PREFIX_PATH} CMAKE_PREFIX_PATH=/home/csanimatronics/CS_Animatronics/src/install/dynamixel_sdk_custom_interfaces:/home/csanimatronics/CS_Animatronics/src/install/dynamixel_sdk:${CMAKE_PREFIX_PATH} DEBUGINFOD_URLS=https://debuginfod.ubuntu.com LD_LIBRARY_PATH=/home/csanimatronics/CS_Animatronics/src/install/dynamixel_sdk_custom_interfaces/lib:/home/csanimatronics/CS_Animatronics/src/install/dynamixel_sdk/lib:${LD_LIBRARY_PATH} PYTHONPATH=/home/csanimatronics/CS_Animatronics/src/build/motor_controller/prefix_override:/usr/lib/python3/dist-packages/colcon_core/task/python/colcon_distutils_commands:/home/csanimatronics/CS_Animatronics/src/install/motor_controller/lib/python3.12/site-packages:/home/csanimatronics/CS_Animatronics/src/install/dynamixel_sdk_custom_interfaces/lib/python3.12/site-packages:${PYTHONPATH} /usr/bin/python3 -W ignore:setup.py install is deprecated -W ignore:easy_install command is deprecated setup.py egg_info --egg-base ../build/motor_controller build --build-base /home/csanimatronics/CS_Animatronics/src/build/motor_controller/build install --record /home/csanimatronics/CS_Animatronics/src/build/motor_controller/install.log --single-version-externally-managed install_data
[2.063s] running egg_info
[2.063s] creating ../build/motor_controller/motor_controller.egg-info
[2.096s] writing ../build/motor_controller/motor_controller.egg-info/PKG-INFO
[2.096s] writing dependency_links to ../build/motor_controller/motor_controller.egg-info/dependency_links.txt
[2.097s] writing entry points to ../build/motor_controller/motor_controller.egg-info/entry_points.txt
[2.097s] writing requirements to ../build/motor_controller/motor_controller.egg-info/requires.txt
[2.097s] writing top-level names to ../build/motor_controller/motor_controller.egg-info/top_level.txt
[2.097s] writing manifest file '../build/motor_controller/motor_controller.egg-info/SOURCES.txt'
[2.148s] reading manifest file '../build/motor_controller/motor_controller.egg-info/SOURCES.txt'
[2.149s] writing manifest file '../build/motor_controller/motor_controller.egg-info/SOURCES.txt'
[2.149s] running build
[2.149s] running build_py
[2.149s] creating /home/csanimatronics/CS_Animatronics/src/build/motor_controller/build
[2.150s] creating /home/csanimatronics/CS_Animatronics/src/build/motor_controller/build/lib
[2.150s] creating /home/csanimatronics/CS_Animatronics/src/build/motor_controller/build/lib/motor_controller
[2.150s] copying motor_controller/motor_controller.py -> /home/csanimatronics/CS_Animatronics/src/build/motor_controller/build/lib/motor_controller
[2.150s] copying motor_controller/__init__.py -> /home/csanimatronics/CS_Animatronics/src/build/motor_controller/build/lib/motor_controller
[2.150s] running install
[2.160s] running install_lib
[2.195s] creating /home/csanimatronics/CS_Animatronics/src/install/motor_controller/lib/python3.12/site-packages/motor_controller
[2.195s] copying /home/csanimatronics/CS_Animatronics/src/build/motor_controller/build/lib/motor_controller/motor_controller.py -> /home/csanimatronics/CS_Animatronics/src/install/motor_controller/lib/python3.12/site-packages/motor_controller
[2.195s] copying /home/csanimatronics/CS_Animatronics/src/build/motor_controller/build/lib/motor_controller/__init__.py -> /home/csanimatronics/CS_Animatronics/src/install/motor_controller/lib/python3.12/site-packages/motor_controller
[2.197s] byte-compiling /home/csanimatronics/CS_Animatronics/src/install/motor_controller/lib/python3.12/site-packages/motor_controller/motor_controller.py to motor_controller.cpython-312.pyc
[2.201s] byte-compiling /home/csanimatronics/CS_Animatronics/src/install/motor_controller/lib/python3.12/site-packages/motor_controller/__init__.py to __init__.cpython-312.pyc
[2.202s] running install_data
[2.202s] creating /home/csanimatronics/CS_Animatronics/src/install/motor_controller/share/ament_index
[2.202s] creating /home/csanimatronics/CS_Animatronics/src/install/motor_controller/share/ament_index/resource_index
[2.202s] creating /home/csanimatronics/CS_Animatronics/src/install/motor_controller/share/ament_index/resource_index/packages
[2.202s] copying resource/motor_controller -> /home/csanimatronics/CS_Animatronics/src/install/motor_controller/share/ament_index/resource_index/packages
[2.202s] copying package.xml -> /home/csanimatronics/CS_Animatronics/src/install/motor_controller/share/motor_controller
[2.202s] creating /home/csanimatronics/CS_Animatronics/src/install/motor_controller/share/motor_controller/msg
[2.202s] creating /home/csanimatronics/CS_Animatronics/src/install/motor_controller/share/motor_controller/srv
[2.203s] running install_egg_info
[2.230s] Copying ../build/motor_controller/motor_controller.egg-info to /home/csanimatronics/CS_Animatronics/src/install/motor_controller/lib/python3.12/site-packages/motor_controller-0.0.0-py3.12.egg-info
[2.231s] running install_scripts
[2.425s] Installing motion_editor script to /home/csanimatronics/CS_Animatronics/src/install/motor_controller/lib/motor_controller
[2.425s] Installing motor_controller script to /home/csanimatronics/CS_Animatronics/src/install/motor_controller/lib/motor_controller
[2.425s] Installing system_controller script to /home/csanimatronics/CS_Animatronics/src/install/motor_controller/lib/motor_controller
[2.425s] writing list of installed files to '/home/csanimatronics/CS_Animatronics/src/build/motor_controller/install.log'
[2.522s] Invoked command in '/home/csanimatronics/CS_Animatronics/src/motor_controller' returned '0': AMENT_PREFIX_PATH=/home/csanimatronics/CS_Animatronics/src/install/dynamixel_sdk_custom_interfaces:/home/csanimatronics/CS_Animatronics/src/install/dynamixel_sdk:${AMENT_PREFIX_PATH} CMAKE_PREFIX_PATH=/home/csanimatronics/CS_Animatronics/src/install/dynamixel_sdk_custom_interfaces:/home/csanimatronics/CS_Animatronics/src/install/dynamixel_sdk:${CMAKE_PREFIX_PATH} DEBUGINFOD_URLS=https://debuginfod.ubuntu.com LD_LIBRARY_PATH=/home/csanimatronics/CS_Animatronics/src/install/dynamixel_sdk_custom_interfaces/lib:/home/csanimatronics/CS_Animatronics/src/install/dynamixel_sdk/lib:${LD_LIBRARY_PATH} PYTHONPATH=/home/csanimatronics/CS_Animatronics/src/build/motor_controller/prefix_override:/usr/lib/python3/dist-packages/colcon_core/task/python/colcon_distutils_commands:/home/csanimatronics/CS_Animatronics/src/install/motor_controller/lib/python3.12/site-packages:/home/csanimatronics/CS_Animatronics/src/install/dynamixel_sdk_custom_interfaces/lib/python3.12/site-packages:${PYTHONPATH} /usr/bin/python3 -W ignore:setup.py install is deprecated -W ignore:easy_install command is deprecated setup.py egg_info --egg-base ../build/motor_controller build --build-base /home/csanimatronics/CS_Animatronics/src/build/motor_controller/build install --record /home/csanimatronics/CS_Animatronics/src/build/motor_controller/install.log --single-version-externally-managed install_data
