[0.013s] Invoking command in '/home/cvl/CS_Animatronics/src/build/dynamixel_sdk_custom_interfaces': CMAKE_PREFIX_PATH=${CMAKE_PREFIX_PATH}:/opt/ros/jazzy CONDA_PROMPT_MODIFIER=(base) DEBUGINFOD_URLS=https://debuginfod.ubuntu.com /usr/bin/cmake --build /home/cvl/CS_Animatronics/src/build/dynamixel_sdk_custom_interfaces -- -j20 -l20
[0.187s] [  2%] [34m[1mGenerating type hashes for ROS interfaces[0m
[0.187s] [  2%] Built target ament_cmake_python_copy_dynamixel_sdk_custom_interfaces
[0.194s] running egg_info
[0.202s] [  2%] Built target dynamixel_sdk_custom_interfaces__rosidl_generator_type_description
[0.209s] writing dynamixel_sdk_custom_interfaces.egg-info/PKG-INFO
[0.209s] [  4%] [34m[1mGenerating C code for ROS interfaces[0m
[0.210s] writing dependency_links to dynamixel_sdk_custom_interfaces.egg-info/dependency_links.txt
[0.210s] writing top-level names to dynamixel_sdk_custom_interfaces.egg-info/top_level.txt
[0.217s] [  6%] [34m[1mGenerating C++ code for ROS interfaces[0m
[0.246s] reading manifest file 'dynamixel_sdk_custom_interfaces.egg-info/SOURCES.txt'
[0.247s] writing manifest file 'dynamixel_sdk_custom_interfaces.egg-info/SOURCES.txt'
[0.273s] [  6%] Built target ament_cmake_python_build_dynamixel_sdk_custom_interfaces_egg
[0.499s] [  6%] Built target dynamixel_sdk_custom_interfaces__cpp
[0.542s] [  9%] [32mBuilding C object CMakeFiles/dynamixel_sdk_custom_interfaces__rosidl_generator_c.dir/rosidl_generator_c/dynamixel_sdk_custom_interfaces/msg/detail/set_position__description.c.o[0m
[0.544s] [ 18%] [32mBuilding C object CMakeFiles/dynamixel_sdk_custom_interfaces__rosidl_generator_c.dir/rosidl_generator_c/dynamixel_sdk_custom_interfaces/msg/detail/set_position__functions.c.o[0m
[0.544s] [ 18%] [32mBuilding C object CMakeFiles/dynamixel_sdk_custom_interfaces__rosidl_generator_c.dir/rosidl_generator_c/dynamixel_sdk_custom_interfaces/msg/detail/set_position__type_support.c.o[0m
[0.544s] [ 18%] [32mBuilding C object CMakeFiles/dynamixel_sdk_custom_interfaces__rosidl_generator_c.dir/rosidl_generator_c/dynamixel_sdk_custom_interfaces/srv/detail/get_position__description.c.o[0m
[0.544s] [ 18%] [32mBuilding C object CMakeFiles/dynamixel_sdk_custom_interfaces__rosidl_generator_c.dir/rosidl_generator_c/dynamixel_sdk_custom_interfaces/srv/detail/get_position__functions.c.o[0m
[0.545s] [ 20%] [32mBuilding C object CMakeFiles/dynamixel_sdk_custom_interfaces__rosidl_generator_c.dir/rosidl_generator_c/dynamixel_sdk_custom_interfaces/srv/detail/get_position__type_support.c.o[0m
[0.604s] [ 22%] [32m[1mLinking C shared library libdynamixel_sdk_custom_interfaces__rosidl_generator_c.so[0m
[0.629s] [ 22%] Built target dynamixel_sdk_custom_interfaces__rosidl_generator_c
[0.636s] [ 25%] [34m[1mGenerating C introspection for ROS interfaces[0m
[0.638s] [ 27%] [34m[1mGenerating C++ type support for eProsima Fast-RTPS[0m
[0.638s] [ 29%] [34m[1mGenerating C type support dispatch for ROS interfaces[0m
[0.638s] [ 34%] [34m[1mGenerating C++ introspection for ROS interfaces[0m
[0.639s] [ 34%] [34m[1mGenerating C++ type support dispatch for ROS interfaces[0m
[0.639s] [ 36%] [34m[1mGenerating C type support for eProsima Fast-RTPS[0m
[0.888s] [ 38%] [32mBuilding CXX object CMakeFiles/dynamixel_sdk_custom_interfaces__rosidl_typesupport_c.dir/rosidl_typesupport_c/dynamixel_sdk_custom_interfaces/msg/set_position__type_support.cpp.o[0m
[0.891s] [ 40%] [32mBuilding CXX object CMakeFiles/dynamixel_sdk_custom_interfaces__rosidl_typesupport_c.dir/rosidl_typesupport_c/dynamixel_sdk_custom_interfaces/srv/get_position__type_support.cpp.o[0m
[0.940s] [ 43%] [32m[1mLinking CXX shared library libdynamixel_sdk_custom_interfaces__rosidl_typesupport_c.so[0m
[0.971s] [ 43%] Built target dynamixel_sdk_custom_interfaces__rosidl_typesupport_c
[0.994s] [ 47%] [32mBuilding CXX object CMakeFiles/dynamixel_sdk_custom_interfaces__rosidl_typesupport_introspection_cpp.dir/rosidl_typesupport_introspection_cpp/dynamixel_sdk_custom_interfaces/srv/detail/get_position__type_support.cpp.o[0m
[0.994s] [ 47%] [32mBuilding CXX object CMakeFiles/dynamixel_sdk_custom_interfaces__rosidl_typesupport_introspection_cpp.dir/rosidl_typesupport_introspection_cpp/dynamixel_sdk_custom_interfaces/msg/detail/set_position__type_support.cpp.o[0m
[1.013s] [ 52%] [32mBuilding CXX object CMakeFiles/dynamixel_sdk_custom_interfaces__rosidl_typesupport_cpp.dir/rosidl_typesupport_cpp/dynamixel_sdk_custom_interfaces/msg/set_position__type_support.cpp.o[0m
[1.013s] [ 52%] [32mBuilding CXX object CMakeFiles/dynamixel_sdk_custom_interfaces__rosidl_typesupport_cpp.dir/rosidl_typesupport_cpp/dynamixel_sdk_custom_interfaces/srv/get_position__type_support.cpp.o[0m
[1.049s] [ 54%] [32mBuilding C object CMakeFiles/dynamixel_sdk_custom_interfaces__rosidl_typesupport_introspection_c.dir/rosidl_typesupport_introspection_c/dynamixel_sdk_custom_interfaces/msg/detail/set_position__type_support.c.o[0m
[1.051s] [ 56%] [32mBuilding CXX object CMakeFiles/dynamixel_sdk_custom_interfaces__rosidl_typesupport_fastrtps_cpp.dir/rosidl_typesupport_fastrtps_cpp/dynamixel_sdk_custom_interfaces/msg/detail/dds_fastrtps/set_position__type_support.cpp.o[0m
[1.052s] [ 59%] [32mBuilding C object CMakeFiles/dynamixel_sdk_custom_interfaces__rosidl_typesupport_introspection_c.dir/rosidl_typesupport_introspection_c/dynamixel_sdk_custom_interfaces/srv/detail/get_position__type_support.c.o[0m
[1.054s] [ 61%] [32mBuilding CXX object CMakeFiles/dynamixel_sdk_custom_interfaces__rosidl_typesupport_fastrtps_cpp.dir/rosidl_typesupport_fastrtps_cpp/dynamixel_sdk_custom_interfaces/srv/detail/dds_fastrtps/get_position__type_support.cpp.o[0m
[1.086s] [ 63%] [32m[1mLinking C shared library libdynamixel_sdk_custom_interfaces__rosidl_typesupport_introspection_c.so[0m
[1.108s] [ 63%] Built target dynamixel_sdk_custom_interfaces__rosidl_typesupport_introspection_c
[1.145s] [ 68%] [32mBuilding CXX object CMakeFiles/dynamixel_sdk_custom_interfaces__rosidl_typesupport_fastrtps_c.dir/rosidl_typesupport_fastrtps_c/dynamixel_sdk_custom_interfaces/srv/detail/get_position__type_support_c.cpp.o[0m
[1.145s] [ 68%] [32mBuilding CXX object CMakeFiles/dynamixel_sdk_custom_interfaces__rosidl_typesupport_fastrtps_c.dir/rosidl_typesupport_fastrtps_c/dynamixel_sdk_custom_interfaces/msg/detail/set_position__type_support_c.cpp.o[0m
[1.312s] [ 70%] [32m[1mLinking CXX shared library libdynamixel_sdk_custom_interfaces__rosidl_typesupport_cpp.so[0m
[1.371s] [ 70%] Built target dynamixel_sdk_custom_interfaces__rosidl_typesupport_cpp
[1.399s] [ 72%] [32m[1mLinking CXX shared library libdynamixel_sdk_custom_interfaces__rosidl_typesupport_introspection_cpp.so[0m
[1.455s] [ 72%] Built target dynamixel_sdk_custom_interfaces__rosidl_typesupport_introspection_cpp
[1.530s] [ 75%] [32m[1mLinking CXX shared library libdynamixel_sdk_custom_interfaces__rosidl_typesupport_fastrtps_c.so[0m
[1.562s] [ 75%] Built target dynamixel_sdk_custom_interfaces__rosidl_typesupport_fastrtps_c
[1.602s] [ 77%] [32m[1mLinking CXX shared library libdynamixel_sdk_custom_interfaces__rosidl_typesupport_fastrtps_cpp.so[0m
[1.651s] [ 77%] Built target dynamixel_sdk_custom_interfaces__rosidl_typesupport_fastrtps_cpp
[1.663s] [ 77%] Built target dynamixel_sdk_custom_interfaces
[1.675s] [ 79%] [34m[1mGenerating Python code for ROS interfaces[0m
[2.066s] [ 79%] Built target dynamixel_sdk_custom_interfaces__py
[2.078s] [ 84%] [32mBuilding C object CMakeFiles/dynamixel_sdk_custom_interfaces__rosidl_generator_py.dir/rosidl_generator_py/dynamixel_sdk_custom_interfaces/srv/_get_position_s.c.o[0m
[2.079s] [ 84%] [32mBuilding C object CMakeFiles/dynamixel_sdk_custom_interfaces__rosidl_generator_py.dir/rosidl_generator_py/dynamixel_sdk_custom_interfaces/msg/_set_position_s.c.o[0m
[2.180s] [ 86%] [32m[1mLinking C shared library libdynamixel_sdk_custom_interfaces__rosidl_generator_py.so[0m
[2.206s] [ 86%] Built target dynamixel_sdk_custom_interfaces__rosidl_generator_py
[2.218s] [ 90%] [32mBuilding C object CMakeFiles/dynamixel_sdk_custom_interfaces_s__rosidl_typesupport_fastrtps_c.dir/rosidl_generator_py/dynamixel_sdk_custom_interfaces/_dynamixel_sdk_custom_interfaces_s.ep.rosidl_typesupport_fastrtps_c.c.o[0m
[2.218s] [ 90%] [32mBuilding C object CMakeFiles/dynamixel_sdk_custom_interfaces_s__rosidl_typesupport_c.dir/rosidl_generator_py/dynamixel_sdk_custom_interfaces/_dynamixel_sdk_custom_interfaces_s.ep.rosidl_typesupport_c.c.o[0m
[2.218s] [ 93%] [32mBuilding C object CMakeFiles/dynamixel_sdk_custom_interfaces_s__rosidl_typesupport_introspection_c.dir/rosidl_generator_py/dynamixel_sdk_custom_interfaces/_dynamixel_sdk_custom_interfaces_s.ep.rosidl_typesupport_introspection_c.c.o[0m
[2.296s] [ 97%] [32m[1mLinking C shared module rosidl_generator_py/dynamixel_sdk_custom_interfaces/dynamixel_sdk_custom_interfaces_s__rosidl_typesupport_c.so[0m
[2.296s] [ 97%] [32m[1mLinking C shared module rosidl_generator_py/dynamixel_sdk_custom_interfaces/dynamixel_sdk_custom_interfaces_s__rosidl_typesupport_introspection_c.so[0m
[2.302s] [100%] [32m[1mLinking C shared module rosidl_generator_py/dynamixel_sdk_custom_interfaces/dynamixel_sdk_custom_interfaces_s__rosidl_typesupport_fastrtps_c.so[0m
[2.316s] [100%] Built target dynamixel_sdk_custom_interfaces_s__rosidl_typesupport_c
[2.317s] [100%] Built target dynamixel_sdk_custom_interfaces_s__rosidl_typesupport_introspection_c
[2.321s] [100%] Built target dynamixel_sdk_custom_interfaces_s__rosidl_typesupport_fastrtps_c
[2.328s] Invoked command in '/home/cvl/CS_Animatronics/src/build/dynamixel_sdk_custom_interfaces' returned '0': CMAKE_PREFIX_PATH=${CMAKE_PREFIX_PATH}:/opt/ros/jazzy CONDA_PROMPT_MODIFIER=(base) DEBUGINFOD_URLS=https://debuginfod.ubuntu.com /usr/bin/cmake --build /home/cvl/CS_Animatronics/src/build/dynamixel_sdk_custom_interfaces -- -j20 -l20
[2.329s] Invoking command in '/home/cvl/CS_Animatronics/src/build/dynamixel_sdk_custom_interfaces': CMAKE_PREFIX_PATH=${CMAKE_PREFIX_PATH}:/opt/ros/jazzy CONDA_PROMPT_MODIFIER=(base) DEBUGINFOD_URLS=https://debuginfod.ubuntu.com /usr/bin/cmake --install /home/cvl/CS_Animatronics/src/build/dynamixel_sdk_custom_interfaces
[2.334s] -- Install configuration: ""
[2.334s] -- Installing: /home/cvl/CS_Animatronics/src/install/dynamixel_sdk_custom_interfaces/share/ament_index/resource_index/rosidl_interfaces/dynamixel_sdk_custom_interfaces
[2.335s] -- Installing: /home/cvl/CS_Animatronics/src/install/dynamixel_sdk_custom_interfaces/share/dynamixel_sdk_custom_interfaces/msg/SetPosition.json
[2.335s] -- Installing: /home/cvl/CS_Animatronics/src/install/dynamixel_sdk_custom_interfaces/share/dynamixel_sdk_custom_interfaces/srv/GetPosition.json
[2.335s] -- Installing: /home/cvl/CS_Animatronics/src/install/dynamixel_sdk_custom_interfaces/include/dynamixel_sdk_custom_interfaces/dynamixel_sdk_custom_interfaces
[2.335s] -- Installing: /home/cvl/CS_Animatronics/src/install/dynamixel_sdk_custom_interfaces/include/dynamixel_sdk_custom_interfaces/dynamixel_sdk_custom_interfaces/srv
[2.335s] -- Installing: /home/cvl/CS_Animatronics/src/install/dynamixel_sdk_custom_interfaces/include/dynamixel_sdk_custom_interfaces/dynamixel_sdk_custom_interfaces/srv/detail
[2.335s] -- Installing: /home/cvl/CS_Animatronics/src/install/dynamixel_sdk_custom_interfaces/include/dynamixel_sdk_custom_interfaces/dynamixel_sdk_custom_interfaces/srv/detail/get_position__struct.h
[2.335s] -- Installing: /home/cvl/CS_Animatronics/src/install/dynamixel_sdk_custom_interfaces/include/dynamixel_sdk_custom_interfaces/dynamixel_sdk_custom_interfaces/srv/detail/get_position__functions.c
[2.335s] -- Installing: /home/cvl/CS_Animatronics/src/install/dynamixel_sdk_custom_interfaces/include/dynamixel_sdk_custom_interfaces/dynamixel_sdk_custom_interfaces/srv/detail/get_position__description.c
[2.335s] -- Installing: /home/cvl/CS_Animatronics/src/install/dynamixel_sdk_custom_interfaces/include/dynamixel_sdk_custom_interfaces/dynamixel_sdk_custom_interfaces/srv/detail/get_position__type_support.h
[2.335s] -- Installing: /home/cvl/CS_Animatronics/src/install/dynamixel_sdk_custom_interfaces/include/dynamixel_sdk_custom_interfaces/dynamixel_sdk_custom_interfaces/srv/detail/get_position__functions.h
[2.335s] -- Installing: /home/cvl/CS_Animatronics/src/install/dynamixel_sdk_custom_interfaces/include/dynamixel_sdk_custom_interfaces/dynamixel_sdk_custom_interfaces/srv/detail/get_position__type_support.c
[2.336s] -- Installing: /home/cvl/CS_Animatronics/src/install/dynamixel_sdk_custom_interfaces/include/dynamixel_sdk_custom_interfaces/dynamixel_sdk_custom_interfaces/srv/get_position.h
[2.336s] -- Installing: /home/cvl/CS_Animatronics/src/install/dynamixel_sdk_custom_interfaces/include/dynamixel_sdk_custom_interfaces/dynamixel_sdk_custom_interfaces/msg
[2.336s] -- Installing: /home/cvl/CS_Animatronics/src/install/dynamixel_sdk_custom_interfaces/include/dynamixel_sdk_custom_interfaces/dynamixel_sdk_custom_interfaces/msg/detail
[2.336s] -- Installing: /home/cvl/CS_Animatronics/src/install/dynamixel_sdk_custom_interfaces/include/dynamixel_sdk_custom_interfaces/dynamixel_sdk_custom_interfaces/msg/detail/set_position__struct.h
[2.336s] -- Installing: /home/cvl/CS_Animatronics/src/install/dynamixel_sdk_custom_interfaces/include/dynamixel_sdk_custom_interfaces/dynamixel_sdk_custom_interfaces/msg/detail/set_position__description.c
[2.336s] -- Installing: /home/cvl/CS_Animatronics/src/install/dynamixel_sdk_custom_interfaces/include/dynamixel_sdk_custom_interfaces/dynamixel_sdk_custom_interfaces/msg/detail/set_position__functions.c
[2.336s] -- Installing: /home/cvl/CS_Animatronics/src/install/dynamixel_sdk_custom_interfaces/include/dynamixel_sdk_custom_interfaces/dynamixel_sdk_custom_interfaces/msg/detail/set_position__type_support.h
[2.336s] -- Installing: /home/cvl/CS_Animatronics/src/install/dynamixel_sdk_custom_interfaces/include/dynamixel_sdk_custom_interfaces/dynamixel_sdk_custom_interfaces/msg/detail/set_position__type_support.c
[2.336s] -- Installing: /home/cvl/CS_Animatronics/src/install/dynamixel_sdk_custom_interfaces/include/dynamixel_sdk_custom_interfaces/dynamixel_sdk_custom_interfaces/msg/detail/set_position__functions.h
[2.336s] -- Installing: /home/cvl/CS_Animatronics/src/install/dynamixel_sdk_custom_interfaces/include/dynamixel_sdk_custom_interfaces/dynamixel_sdk_custom_interfaces/msg/set_position.h
[2.336s] -- Installing: /home/cvl/CS_Animatronics/src/install/dynamixel_sdk_custom_interfaces/include/dynamixel_sdk_custom_interfaces/dynamixel_sdk_custom_interfaces/msg/rosidl_generator_c__visibility_control.h
[2.336s] -- Installing: /home/cvl/CS_Animatronics/src/install/dynamixel_sdk_custom_interfaces/share/dynamixel_sdk_custom_interfaces/environment/library_path.sh
[2.337s] -- Installing: /home/cvl/CS_Animatronics/src/install/dynamixel_sdk_custom_interfaces/share/dynamixel_sdk_custom_interfaces/environment/library_path.dsv
[2.337s] -- Installing: /home/cvl/CS_Animatronics/src/install/dynamixel_sdk_custom_interfaces/lib/libdynamixel_sdk_custom_interfaces__rosidl_generator_c.so
[2.337s] -- Set non-toolchain portion of runtime path of "/home/cvl/CS_Animatronics/src/install/dynamixel_sdk_custom_interfaces/lib/libdynamixel_sdk_custom_interfaces__rosidl_generator_c.so" to ""
[2.337s] -- Up-to-date: /home/cvl/CS_Animatronics/src/install/dynamixel_sdk_custom_interfaces/include/dynamixel_sdk_custom_interfaces/dynamixel_sdk_custom_interfaces
[2.337s] -- Up-to-date: /home/cvl/CS_Animatronics/src/install/dynamixel_sdk_custom_interfaces/include/dynamixel_sdk_custom_interfaces/dynamixel_sdk_custom_interfaces/srv
[2.337s] -- Up-to-date: /home/cvl/CS_Animatronics/src/install/dynamixel_sdk_custom_interfaces/include/dynamixel_sdk_custom_interfaces/dynamixel_sdk_custom_interfaces/srv/detail
[2.337s] -- Installing: /home/cvl/CS_Animatronics/src/install/dynamixel_sdk_custom_interfaces/include/dynamixel_sdk_custom_interfaces/dynamixel_sdk_custom_interfaces/srv/detail/get_position__rosidl_typesupport_fastrtps_c.h
[2.337s] -- Up-to-date: /home/cvl/CS_Animatronics/src/install/dynamixel_sdk_custom_interfaces/include/dynamixel_sdk_custom_interfaces/dynamixel_sdk_custom_interfaces/msg
[2.337s] -- Up-to-date: /home/cvl/CS_Animatronics/src/install/dynamixel_sdk_custom_interfaces/include/dynamixel_sdk_custom_interfaces/dynamixel_sdk_custom_interfaces/msg/detail
[2.337s] -- Installing: /home/cvl/CS_Animatronics/src/install/dynamixel_sdk_custom_interfaces/include/dynamixel_sdk_custom_interfaces/dynamixel_sdk_custom_interfaces/msg/detail/set_position__rosidl_typesupport_fastrtps_c.h
[2.337s] -- Installing: /home/cvl/CS_Animatronics/src/install/dynamixel_sdk_custom_interfaces/include/dynamixel_sdk_custom_interfaces/dynamixel_sdk_custom_interfaces/msg/rosidl_typesupport_fastrtps_c__visibility_control.h
[2.337s] -- Installing: /home/cvl/CS_Animatronics/src/install/dynamixel_sdk_custom_interfaces/lib/libdynamixel_sdk_custom_interfaces__rosidl_typesupport_fastrtps_c.so
[2.337s] -- Set non-toolchain portion of runtime path of "/home/cvl/CS_Animatronics/src/install/dynamixel_sdk_custom_interfaces/lib/libdynamixel_sdk_custom_interfaces__rosidl_typesupport_fastrtps_c.so" to ""
[2.338s] -- Up-to-date: /home/cvl/CS_Animatronics/src/install/dynamixel_sdk_custom_interfaces/include/dynamixel_sdk_custom_interfaces/dynamixel_sdk_custom_interfaces
[2.338s] -- Up-to-date: /home/cvl/CS_Animatronics/src/install/dynamixel_sdk_custom_interfaces/include/dynamixel_sdk_custom_interfaces/dynamixel_sdk_custom_interfaces/srv
[2.338s] -- Up-to-date: /home/cvl/CS_Animatronics/src/install/dynamixel_sdk_custom_interfaces/include/dynamixel_sdk_custom_interfaces/dynamixel_sdk_custom_interfaces/srv/detail
[2.338s] -- Installing: /home/cvl/CS_Animatronics/src/install/dynamixel_sdk_custom_interfaces/include/dynamixel_sdk_custom_interfaces/dynamixel_sdk_custom_interfaces/srv/detail/get_position__struct.hpp
[2.338s] -- Installing: /home/cvl/CS_Animatronics/src/install/dynamixel_sdk_custom_interfaces/include/dynamixel_sdk_custom_interfaces/dynamixel_sdk_custom_interfaces/srv/detail/get_position__type_support.hpp
[2.338s] -- Installing: /home/cvl/CS_Animatronics/src/install/dynamixel_sdk_custom_interfaces/include/dynamixel_sdk_custom_interfaces/dynamixel_sdk_custom_interfaces/srv/detail/get_position__traits.hpp
[2.338s] -- Installing: /home/cvl/CS_Animatronics/src/install/dynamixel_sdk_custom_interfaces/include/dynamixel_sdk_custom_interfaces/dynamixel_sdk_custom_interfaces/srv/detail/get_position__builder.hpp
[2.338s] -- Installing: /home/cvl/CS_Animatronics/src/install/dynamixel_sdk_custom_interfaces/include/dynamixel_sdk_custom_interfaces/dynamixel_sdk_custom_interfaces/srv/get_position.hpp
[2.338s] -- Up-to-date: /home/cvl/CS_Animatronics/src/install/dynamixel_sdk_custom_interfaces/include/dynamixel_sdk_custom_interfaces/dynamixel_sdk_custom_interfaces/msg
[2.338s] -- Up-to-date: /home/cvl/CS_Animatronics/src/install/dynamixel_sdk_custom_interfaces/include/dynamixel_sdk_custom_interfaces/dynamixel_sdk_custom_interfaces/msg/detail
[2.338s] -- Installing: /home/cvl/CS_Animatronics/src/install/dynamixel_sdk_custom_interfaces/include/dynamixel_sdk_custom_interfaces/dynamixel_sdk_custom_interfaces/msg/detail/set_position__builder.hpp
[2.338s] -- Installing: /home/cvl/CS_Animatronics/src/install/dynamixel_sdk_custom_interfaces/include/dynamixel_sdk_custom_interfaces/dynamixel_sdk_custom_interfaces/msg/detail/set_position__struct.hpp
[2.339s] -- Installing: /home/cvl/CS_Animatronics/src/install/dynamixel_sdk_custom_interfaces/include/dynamixel_sdk_custom_interfaces/dynamixel_sdk_custom_interfaces/msg/detail/set_position__type_support.hpp
[2.339s] -- Installing: /home/cvl/CS_Animatronics/src/install/dynamixel_sdk_custom_interfaces/include/dynamixel_sdk_custom_interfaces/dynamixel_sdk_custom_interfaces/msg/detail/set_position__traits.hpp
[2.339s] -- Installing: /home/cvl/CS_Animatronics/src/install/dynamixel_sdk_custom_interfaces/include/dynamixel_sdk_custom_interfaces/dynamixel_sdk_custom_interfaces/msg/set_position.hpp
[2.339s] -- Installing: /home/cvl/CS_Animatronics/src/install/dynamixel_sdk_custom_interfaces/include/dynamixel_sdk_custom_interfaces/dynamixel_sdk_custom_interfaces/msg/rosidl_generator_cpp__visibility_control.hpp
[2.339s] -- Up-to-date: /home/cvl/CS_Animatronics/src/install/dynamixel_sdk_custom_interfaces/include/dynamixel_sdk_custom_interfaces/dynamixel_sdk_custom_interfaces
[2.339s] -- Up-to-date: /home/cvl/CS_Animatronics/src/install/dynamixel_sdk_custom_interfaces/include/dynamixel_sdk_custom_interfaces/dynamixel_sdk_custom_interfaces/srv
[2.339s] -- Up-to-date: /home/cvl/CS_Animatronics/src/install/dynamixel_sdk_custom_interfaces/include/dynamixel_sdk_custom_interfaces/dynamixel_sdk_custom_interfaces/srv/detail
[2.339s] -- Installing: /home/cvl/CS_Animatronics/src/install/dynamixel_sdk_custom_interfaces/include/dynamixel_sdk_custom_interfaces/dynamixel_sdk_custom_interfaces/srv/detail/get_position__rosidl_typesupport_fastrtps_cpp.hpp
[2.339s] -- Installing: /home/cvl/CS_Animatronics/src/install/dynamixel_sdk_custom_interfaces/include/dynamixel_sdk_custom_interfaces/dynamixel_sdk_custom_interfaces/srv/detail/dds_fastrtps
[2.339s] -- Up-to-date: /home/cvl/CS_Animatronics/src/install/dynamixel_sdk_custom_interfaces/include/dynamixel_sdk_custom_interfaces/dynamixel_sdk_custom_interfaces/msg
[2.339s] -- Up-to-date: /home/cvl/CS_Animatronics/src/install/dynamixel_sdk_custom_interfaces/include/dynamixel_sdk_custom_interfaces/dynamixel_sdk_custom_interfaces/msg/detail
[2.339s] -- Installing: /home/cvl/CS_Animatronics/src/install/dynamixel_sdk_custom_interfaces/include/dynamixel_sdk_custom_interfaces/dynamixel_sdk_custom_interfaces/msg/detail/dds_fastrtps
[2.339s] -- Installing: /home/cvl/CS_Animatronics/src/install/dynamixel_sdk_custom_interfaces/include/dynamixel_sdk_custom_interfaces/dynamixel_sdk_custom_interfaces/msg/detail/set_position__rosidl_typesupport_fastrtps_cpp.hpp
[2.339s] -- Installing: /home/cvl/CS_Animatronics/src/install/dynamixel_sdk_custom_interfaces/include/dynamixel_sdk_custom_interfaces/dynamixel_sdk_custom_interfaces/msg/rosidl_typesupport_fastrtps_cpp__visibility_control.h
[2.340s] -- Installing: /home/cvl/CS_Animatronics/src/install/dynamixel_sdk_custom_interfaces/lib/libdynamixel_sdk_custom_interfaces__rosidl_typesupport_fastrtps_cpp.so
[2.340s] -- Set non-toolchain portion of runtime path of "/home/cvl/CS_Animatronics/src/install/dynamixel_sdk_custom_interfaces/lib/libdynamixel_sdk_custom_interfaces__rosidl_typesupport_fastrtps_cpp.so" to ""
[2.340s] -- Up-to-date: /home/cvl/CS_Animatronics/src/install/dynamixel_sdk_custom_interfaces/include/dynamixel_sdk_custom_interfaces/dynamixel_sdk_custom_interfaces
[2.340s] -- Up-to-date: /home/cvl/CS_Animatronics/src/install/dynamixel_sdk_custom_interfaces/include/dynamixel_sdk_custom_interfaces/dynamixel_sdk_custom_interfaces/srv
[2.340s] -- Up-to-date: /home/cvl/CS_Animatronics/src/install/dynamixel_sdk_custom_interfaces/include/dynamixel_sdk_custom_interfaces/dynamixel_sdk_custom_interfaces/srv/detail
[2.340s] -- Installing: /home/cvl/CS_Animatronics/src/install/dynamixel_sdk_custom_interfaces/include/dynamixel_sdk_custom_interfaces/dynamixel_sdk_custom_interfaces/srv/detail/get_position__type_support.c
[2.340s] -- Installing: /home/cvl/CS_Animatronics/src/install/dynamixel_sdk_custom_interfaces/include/dynamixel_sdk_custom_interfaces/dynamixel_sdk_custom_interfaces/srv/detail/get_position__rosidl_typesupport_introspection_c.h
[2.340s] -- Up-to-date: /home/cvl/CS_Animatronics/src/install/dynamixel_sdk_custom_interfaces/include/dynamixel_sdk_custom_interfaces/dynamixel_sdk_custom_interfaces/msg
[2.340s] -- Up-to-date: /home/cvl/CS_Animatronics/src/install/dynamixel_sdk_custom_interfaces/include/dynamixel_sdk_custom_interfaces/dynamixel_sdk_custom_interfaces/msg/detail
[2.340s] -- Installing: /home/cvl/CS_Animatronics/src/install/dynamixel_sdk_custom_interfaces/include/dynamixel_sdk_custom_interfaces/dynamixel_sdk_custom_interfaces/msg/detail/set_position__type_support.c
[2.340s] -- Installing: /home/cvl/CS_Animatronics/src/install/dynamixel_sdk_custom_interfaces/include/dynamixel_sdk_custom_interfaces/dynamixel_sdk_custom_interfaces/msg/detail/set_position__rosidl_typesupport_introspection_c.h
[2.340s] -- Installing: /home/cvl/CS_Animatronics/src/install/dynamixel_sdk_custom_interfaces/include/dynamixel_sdk_custom_interfaces/dynamixel_sdk_custom_interfaces/msg/rosidl_typesupport_introspection_c__visibility_control.h
[2.341s] -- Installing: /home/cvl/CS_Animatronics/src/install/dynamixel_sdk_custom_interfaces/lib/libdynamixel_sdk_custom_interfaces__rosidl_typesupport_introspection_c.so
[2.341s] -- Set non-toolchain portion of runtime path of "/home/cvl/CS_Animatronics/src/install/dynamixel_sdk_custom_interfaces/lib/libdynamixel_sdk_custom_interfaces__rosidl_typesupport_introspection_c.so" to ""
[2.341s] -- Installing: /home/cvl/CS_Animatronics/src/install/dynamixel_sdk_custom_interfaces/lib/libdynamixel_sdk_custom_interfaces__rosidl_typesupport_c.so
[2.341s] -- Set non-toolchain portion of runtime path of "/home/cvl/CS_Animatronics/src/install/dynamixel_sdk_custom_interfaces/lib/libdynamixel_sdk_custom_interfaces__rosidl_typesupport_c.so" to ""
[2.341s] -- Up-to-date: /home/cvl/CS_Animatronics/src/install/dynamixel_sdk_custom_interfaces/include/dynamixel_sdk_custom_interfaces/dynamixel_sdk_custom_interfaces
[2.341s] -- Up-to-date: /home/cvl/CS_Animatronics/src/install/dynamixel_sdk_custom_interfaces/include/dynamixel_sdk_custom_interfaces/dynamixel_sdk_custom_interfaces/srv
[2.341s] -- Up-to-date: /home/cvl/CS_Animatronics/src/install/dynamixel_sdk_custom_interfaces/include/dynamixel_sdk_custom_interfaces/dynamixel_sdk_custom_interfaces/srv/detail
[2.341s] -- Installing: /home/cvl/CS_Animatronics/src/install/dynamixel_sdk_custom_interfaces/include/dynamixel_sdk_custom_interfaces/dynamixel_sdk_custom_interfaces/srv/detail/get_position__type_support.cpp
[2.341s] -- Installing: /home/cvl/CS_Animatronics/src/install/dynamixel_sdk_custom_interfaces/include/dynamixel_sdk_custom_interfaces/dynamixel_sdk_custom_interfaces/srv/detail/get_position__rosidl_typesupport_introspection_cpp.hpp
[2.341s] -- Up-to-date: /home/cvl/CS_Animatronics/src/install/dynamixel_sdk_custom_interfaces/include/dynamixel_sdk_custom_interfaces/dynamixel_sdk_custom_interfaces/msg
[2.341s] -- Up-to-date: /home/cvl/CS_Animatronics/src/install/dynamixel_sdk_custom_interfaces/include/dynamixel_sdk_custom_interfaces/dynamixel_sdk_custom_interfaces/msg/detail
[2.341s] -- Installing: /home/cvl/CS_Animatronics/src/install/dynamixel_sdk_custom_interfaces/include/dynamixel_sdk_custom_interfaces/dynamixel_sdk_custom_interfaces/msg/detail/set_position__type_support.cpp
[2.341s] -- Installing: /home/cvl/CS_Animatronics/src/install/dynamixel_sdk_custom_interfaces/include/dynamixel_sdk_custom_interfaces/dynamixel_sdk_custom_interfaces/msg/detail/set_position__rosidl_typesupport_introspection_cpp.hpp
[2.341s] -- Installing: /home/cvl/CS_Animatronics/src/install/dynamixel_sdk_custom_interfaces/lib/libdynamixel_sdk_custom_interfaces__rosidl_typesupport_introspection_cpp.so
[2.342s] -- Set non-toolchain portion of runtime path of "/home/cvl/CS_Animatronics/src/install/dynamixel_sdk_custom_interfaces/lib/libdynamixel_sdk_custom_interfaces__rosidl_typesupport_introspection_cpp.so" to ""
[2.342s] -- Installing: /home/cvl/CS_Animatronics/src/install/dynamixel_sdk_custom_interfaces/lib/libdynamixel_sdk_custom_interfaces__rosidl_typesupport_cpp.so
[2.342s] -- Set non-toolchain portion of runtime path of "/home/cvl/CS_Animatronics/src/install/dynamixel_sdk_custom_interfaces/lib/libdynamixel_sdk_custom_interfaces__rosidl_typesupport_cpp.so" to ""
[2.342s] -- Installing: /home/cvl/CS_Animatronics/src/install/dynamixel_sdk_custom_interfaces/share/dynamixel_sdk_custom_interfaces/environment/pythonpath.sh
[2.342s] -- Installing: /home/cvl/CS_Animatronics/src/install/dynamixel_sdk_custom_interfaces/share/dynamixel_sdk_custom_interfaces/environment/pythonpath.dsv
[2.342s] -- Installing: /home/cvl/CS_Animatronics/src/install/dynamixel_sdk_custom_interfaces/lib/python3.13/site-packages/dynamixel_sdk_custom_interfaces-3.7.60-py3.13.egg-info
[2.342s] -- Installing: /home/cvl/CS_Animatronics/src/install/dynamixel_sdk_custom_interfaces/lib/python3.13/site-packages/dynamixel_sdk_custom_interfaces-3.7.60-py3.13.egg-info/PKG-INFO
[2.342s] -- Installing: /home/cvl/CS_Animatronics/src/install/dynamixel_sdk_custom_interfaces/lib/python3.13/site-packages/dynamixel_sdk_custom_interfaces-3.7.60-py3.13.egg-info/dependency_links.txt
[2.342s] -- Installing: /home/cvl/CS_Animatronics/src/install/dynamixel_sdk_custom_interfaces/lib/python3.13/site-packages/dynamixel_sdk_custom_interfaces-3.7.60-py3.13.egg-info/SOURCES.txt
[2.342s] -- Installing: /home/cvl/CS_Animatronics/src/install/dynamixel_sdk_custom_interfaces/lib/python3.13/site-packages/dynamixel_sdk_custom_interfaces-3.7.60-py3.13.egg-info/top_level.txt
[2.342s] -- Installing: /home/cvl/CS_Animatronics/src/install/dynamixel_sdk_custom_interfaces/lib/python3.13/site-packages/dynamixel_sdk_custom_interfaces
[2.342s] -- Installing: /home/cvl/CS_Animatronics/src/install/dynamixel_sdk_custom_interfaces/lib/python3.13/site-packages/dynamixel_sdk_custom_interfaces/_dynamixel_sdk_custom_interfaces_s.ep.rosidl_typesupport_c.c
[2.342s] -- Installing: /home/cvl/CS_Animatronics/src/install/dynamixel_sdk_custom_interfaces/lib/python3.13/site-packages/dynamixel_sdk_custom_interfaces/__init__.py
[2.342s] -- Installing: /home/cvl/CS_Animatronics/src/install/dynamixel_sdk_custom_interfaces/lib/python3.13/site-packages/dynamixel_sdk_custom_interfaces/dynamixel_sdk_custom_interfaces_s__rosidl_typesupport_fastrtps_c.so
[2.342s] -- Installing: /home/cvl/CS_Animatronics/src/install/dynamixel_sdk_custom_interfaces/lib/python3.13/site-packages/dynamixel_sdk_custom_interfaces/dynamixel_sdk_custom_interfaces_s__rosidl_typesupport_introspection_c.so
[2.342s] -- Installing: /home/cvl/CS_Animatronics/src/install/dynamixel_sdk_custom_interfaces/lib/python3.13/site-packages/dynamixel_sdk_custom_interfaces/_dynamixel_sdk_custom_interfaces_s.ep.rosidl_typesupport_introspection_c.c
[2.342s] -- Installing: /home/cvl/CS_Animatronics/src/install/dynamixel_sdk_custom_interfaces/lib/python3.13/site-packages/dynamixel_sdk_custom_interfaces/srv
[2.343s] -- Installing: /home/cvl/CS_Animatronics/src/install/dynamixel_sdk_custom_interfaces/lib/python3.13/site-packages/dynamixel_sdk_custom_interfaces/srv/__init__.py
[2.343s] -- Installing: /home/cvl/CS_Animatronics/src/install/dynamixel_sdk_custom_interfaces/lib/python3.13/site-packages/dynamixel_sdk_custom_interfaces/srv/_get_position.py
[2.343s] -- Installing: /home/cvl/CS_Animatronics/src/install/dynamixel_sdk_custom_interfaces/lib/python3.13/site-packages/dynamixel_sdk_custom_interfaces/srv/_get_position_s.c
[2.343s] -- Installing: /home/cvl/CS_Animatronics/src/install/dynamixel_sdk_custom_interfaces/lib/python3.13/site-packages/dynamixel_sdk_custom_interfaces/msg
[2.343s] -- Installing: /home/cvl/CS_Animatronics/src/install/dynamixel_sdk_custom_interfaces/lib/python3.13/site-packages/dynamixel_sdk_custom_interfaces/msg/__init__.py
[2.343s] -- Installing: /home/cvl/CS_Animatronics/src/install/dynamixel_sdk_custom_interfaces/lib/python3.13/site-packages/dynamixel_sdk_custom_interfaces/msg/_set_position.py
[2.343s] -- Installing: /home/cvl/CS_Animatronics/src/install/dynamixel_sdk_custom_interfaces/lib/python3.13/site-packages/dynamixel_sdk_custom_interfaces/msg/_set_position_s.c
[2.343s] -- Installing: /home/cvl/CS_Animatronics/src/install/dynamixel_sdk_custom_interfaces/lib/python3.13/site-packages/dynamixel_sdk_custom_interfaces/_dynamixel_sdk_custom_interfaces_s.ep.rosidl_typesupport_fastrtps_c.c
[2.343s] -- Installing: /home/cvl/CS_Animatronics/src/install/dynamixel_sdk_custom_interfaces/lib/python3.13/site-packages/dynamixel_sdk_custom_interfaces/dynamixel_sdk_custom_interfaces_s__rosidl_typesupport_c.so
[2.368s] Listing '/home/cvl/CS_Animatronics/src/install/dynamixel_sdk_custom_interfaces/lib/python3.13/site-packages/dynamixel_sdk_custom_interfaces'...
[2.368s] Compiling '/home/cvl/CS_Animatronics/src/install/dynamixel_sdk_custom_interfaces/lib/python3.13/site-packages/dynamixel_sdk_custom_interfaces/__init__.py'...
[2.368s] Listing '/home/cvl/CS_Animatronics/src/install/dynamixel_sdk_custom_interfaces/lib/python3.13/site-packages/dynamixel_sdk_custom_interfaces/msg'...
[2.368s] Compiling '/home/cvl/CS_Animatronics/src/install/dynamixel_sdk_custom_interfaces/lib/python3.13/site-packages/dynamixel_sdk_custom_interfaces/msg/__init__.py'...
[2.368s] Compiling '/home/cvl/CS_Animatronics/src/install/dynamixel_sdk_custom_interfaces/lib/python3.13/site-packages/dynamixel_sdk_custom_interfaces/msg/_set_position.py'...
[2.368s] Listing '/home/cvl/CS_Animatronics/src/install/dynamixel_sdk_custom_interfaces/lib/python3.13/site-packages/dynamixel_sdk_custom_interfaces/srv'...
[2.368s] Compiling '/home/cvl/CS_Animatronics/src/install/dynamixel_sdk_custom_interfaces/lib/python3.13/site-packages/dynamixel_sdk_custom_interfaces/srv/__init__.py'...
[2.368s] Compiling '/home/cvl/CS_Animatronics/src/install/dynamixel_sdk_custom_interfaces/lib/python3.13/site-packages/dynamixel_sdk_custom_interfaces/srv/_get_position.py'...
[2.371s] -- Installing: /home/cvl/CS_Animatronics/src/install/dynamixel_sdk_custom_interfaces/lib/python3.13/site-packages/dynamixel_sdk_custom_interfaces/dynamixel_sdk_custom_interfaces_s__rosidl_typesupport_fastrtps_c.so
[2.371s] -- Set non-toolchain portion of runtime path of "/home/cvl/CS_Animatronics/src/install/dynamixel_sdk_custom_interfaces/lib/python3.13/site-packages/dynamixel_sdk_custom_interfaces/dynamixel_sdk_custom_interfaces_s__rosidl_typesupport_fastrtps_c.so" to ""
[2.371s] -- Installing: /home/cvl/CS_Animatronics/src/install/dynamixel_sdk_custom_interfaces/lib/python3.13/site-packages/dynamixel_sdk_custom_interfaces/dynamixel_sdk_custom_interfaces_s__rosidl_typesupport_introspection_c.so
[2.371s] -- Set non-toolchain portion of runtime path of "/home/cvl/CS_Animatronics/src/install/dynamixel_sdk_custom_interfaces/lib/python3.13/site-packages/dynamixel_sdk_custom_interfaces/dynamixel_sdk_custom_interfaces_s__rosidl_typesupport_introspection_c.so" to ""
[2.372s] -- Installing: /home/cvl/CS_Animatronics/src/install/dynamixel_sdk_custom_interfaces/lib/python3.13/site-packages/dynamixel_sdk_custom_interfaces/dynamixel_sdk_custom_interfaces_s__rosidl_typesupport_c.so
[2.372s] -- Set non-toolchain portion of runtime path of "/home/cvl/CS_Animatronics/src/install/dynamixel_sdk_custom_interfaces/lib/python3.13/site-packages/dynamixel_sdk_custom_interfaces/dynamixel_sdk_custom_interfaces_s__rosidl_typesupport_c.so" to ""
[2.372s] -- Installing: /home/cvl/CS_Animatronics/src/install/dynamixel_sdk_custom_interfaces/lib/libdynamixel_sdk_custom_interfaces__rosidl_generator_py.so
[2.372s] -- Set non-toolchain portion of runtime path of "/home/cvl/CS_Animatronics/src/install/dynamixel_sdk_custom_interfaces/lib/libdynamixel_sdk_custom_interfaces__rosidl_generator_py.so" to ""
[2.372s] -- Installing: /home/cvl/CS_Animatronics/src/install/dynamixel_sdk_custom_interfaces/share/dynamixel_sdk_custom_interfaces/msg/SetPosition.idl
[2.372s] -- Installing: /home/cvl/CS_Animatronics/src/install/dynamixel_sdk_custom_interfaces/share/dynamixel_sdk_custom_interfaces/srv/GetPosition.idl
[2.372s] -- Installing: /home/cvl/CS_Animatronics/src/install/dynamixel_sdk_custom_interfaces/share/dynamixel_sdk_custom_interfaces/msg/SetPosition.msg
[2.372s] -- Installing: /home/cvl/CS_Animatronics/src/install/dynamixel_sdk_custom_interfaces/share/dynamixel_sdk_custom_interfaces/srv/GetPosition.srv
[2.372s] -- Installing: /home/cvl/CS_Animatronics/src/install/dynamixel_sdk_custom_interfaces/share/ament_index/resource_index/package_run_dependencies/dynamixel_sdk_custom_interfaces
[2.372s] -- Installing: /home/cvl/CS_Animatronics/src/install/dynamixel_sdk_custom_interfaces/share/ament_index/resource_index/parent_prefix_path/dynamixel_sdk_custom_interfaces
[2.373s] -- Installing: /home/cvl/CS_Animatronics/src/install/dynamixel_sdk_custom_interfaces/share/dynamixel_sdk_custom_interfaces/environment/ament_prefix_path.sh
[2.373s] -- Installing: /home/cvl/CS_Animatronics/src/install/dynamixel_sdk_custom_interfaces/share/dynamixel_sdk_custom_interfaces/environment/ament_prefix_path.dsv
[2.373s] -- Installing: /home/cvl/CS_Animatronics/src/install/dynamixel_sdk_custom_interfaces/share/dynamixel_sdk_custom_interfaces/environment/path.sh
[2.373s] -- Installing: /home/cvl/CS_Animatronics/src/install/dynamixel_sdk_custom_interfaces/share/dynamixel_sdk_custom_interfaces/environment/path.dsv
[2.373s] -- Installing: /home/cvl/CS_Animatronics/src/install/dynamixel_sdk_custom_interfaces/share/dynamixel_sdk_custom_interfaces/local_setup.bash
[2.373s] -- Installing: /home/cvl/CS_Animatronics/src/install/dynamixel_sdk_custom_interfaces/share/dynamixel_sdk_custom_interfaces/local_setup.sh
[2.373s] -- Installing: /home/cvl/CS_Animatronics/src/install/dynamixel_sdk_custom_interfaces/share/dynamixel_sdk_custom_interfaces/local_setup.zsh
[2.373s] -- Installing: /home/cvl/CS_Animatronics/src/install/dynamixel_sdk_custom_interfaces/share/dynamixel_sdk_custom_interfaces/local_setup.dsv
[2.373s] -- Installing: /home/cvl/CS_Animatronics/src/install/dynamixel_sdk_custom_interfaces/share/dynamixel_sdk_custom_interfaces/package.dsv
[2.373s] -- Installing: /home/cvl/CS_Animatronics/src/install/dynamixel_sdk_custom_interfaces/share/ament_index/resource_index/packages/dynamixel_sdk_custom_interfaces
[2.373s] -- Installing: /home/cvl/CS_Animatronics/src/install/dynamixel_sdk_custom_interfaces/share/dynamixel_sdk_custom_interfaces/cmake/export_dynamixel_sdk_custom_interfaces__rosidl_generator_cExport.cmake
[2.373s] -- Installing: /home/cvl/CS_Animatronics/src/install/dynamixel_sdk_custom_interfaces/share/dynamixel_sdk_custom_interfaces/cmake/export_dynamixel_sdk_custom_interfaces__rosidl_generator_cExport-noconfig.cmake
[2.374s] -- Installing: /home/cvl/CS_Animatronics/src/install/dynamixel_sdk_custom_interfaces/share/dynamixel_sdk_custom_interfaces/cmake/export_dynamixel_sdk_custom_interfaces__rosidl_typesupport_fastrtps_cExport.cmake
[2.374s] -- Installing: /home/cvl/CS_Animatronics/src/install/dynamixel_sdk_custom_interfaces/share/dynamixel_sdk_custom_interfaces/cmake/export_dynamixel_sdk_custom_interfaces__rosidl_typesupport_fastrtps_cExport-noconfig.cmake
[2.374s] -- Installing: /home/cvl/CS_Animatronics/src/install/dynamixel_sdk_custom_interfaces/share/dynamixel_sdk_custom_interfaces/cmake/export_dynamixel_sdk_custom_interfaces__rosidl_generator_cppExport.cmake
[2.374s] -- Installing: /home/cvl/CS_Animatronics/src/install/dynamixel_sdk_custom_interfaces/share/dynamixel_sdk_custom_interfaces/cmake/export_dynamixel_sdk_custom_interfaces__rosidl_typesupport_fastrtps_cppExport.cmake
[2.374s] -- Installing: /home/cvl/CS_Animatronics/src/install/dynamixel_sdk_custom_interfaces/share/dynamixel_sdk_custom_interfaces/cmake/export_dynamixel_sdk_custom_interfaces__rosidl_typesupport_fastrtps_cppExport-noconfig.cmake
[2.374s] -- Installing: /home/cvl/CS_Animatronics/src/install/dynamixel_sdk_custom_interfaces/share/dynamixel_sdk_custom_interfaces/cmake/dynamixel_sdk_custom_interfaces__rosidl_typesupport_introspection_cExport.cmake
[2.374s] -- Installing: /home/cvl/CS_Animatronics/src/install/dynamixel_sdk_custom_interfaces/share/dynamixel_sdk_custom_interfaces/cmake/dynamixel_sdk_custom_interfaces__rosidl_typesupport_introspection_cExport-noconfig.cmake
[2.374s] -- Installing: /home/cvl/CS_Animatronics/src/install/dynamixel_sdk_custom_interfaces/share/dynamixel_sdk_custom_interfaces/cmake/dynamixel_sdk_custom_interfaces__rosidl_typesupport_cExport.cmake
[2.374s] -- Installing: /home/cvl/CS_Animatronics/src/install/dynamixel_sdk_custom_interfaces/share/dynamixel_sdk_custom_interfaces/cmake/dynamixel_sdk_custom_interfaces__rosidl_typesupport_cExport-noconfig.cmake
[2.374s] -- Installing: /home/cvl/CS_Animatronics/src/install/dynamixel_sdk_custom_interfaces/share/dynamixel_sdk_custom_interfaces/cmake/dynamixel_sdk_custom_interfaces__rosidl_typesupport_introspection_cppExport.cmake
[2.374s] -- Installing: /home/cvl/CS_Animatronics/src/install/dynamixel_sdk_custom_interfaces/share/dynamixel_sdk_custom_interfaces/cmake/dynamixel_sdk_custom_interfaces__rosidl_typesupport_introspection_cppExport-noconfig.cmake
[2.375s] -- Installing: /home/cvl/CS_Animatronics/src/install/dynamixel_sdk_custom_interfaces/share/dynamixel_sdk_custom_interfaces/cmake/dynamixel_sdk_custom_interfaces__rosidl_typesupport_cppExport.cmake
[2.375s] -- Installing: /home/cvl/CS_Animatronics/src/install/dynamixel_sdk_custom_interfaces/share/dynamixel_sdk_custom_interfaces/cmake/dynamixel_sdk_custom_interfaces__rosidl_typesupport_cppExport-noconfig.cmake
[2.375s] -- Installing: /home/cvl/CS_Animatronics/src/install/dynamixel_sdk_custom_interfaces/share/dynamixel_sdk_custom_interfaces/cmake/export_dynamixel_sdk_custom_interfaces__rosidl_generator_pyExport.cmake
[2.375s] -- Installing: /home/cvl/CS_Animatronics/src/install/dynamixel_sdk_custom_interfaces/share/dynamixel_sdk_custom_interfaces/cmake/export_dynamixel_sdk_custom_interfaces__rosidl_generator_pyExport-noconfig.cmake
[2.375s] -- Installing: /home/cvl/CS_Animatronics/src/install/dynamixel_sdk_custom_interfaces/share/dynamixel_sdk_custom_interfaces/cmake/rosidl_cmake-extras.cmake
[2.375s] -- Installing: /home/cvl/CS_Animatronics/src/install/dynamixel_sdk_custom_interfaces/share/dynamixel_sdk_custom_interfaces/cmake/ament_cmake_export_dependencies-extras.cmake
[2.375s] -- Installing: /home/cvl/CS_Animatronics/src/install/dynamixel_sdk_custom_interfaces/share/dynamixel_sdk_custom_interfaces/cmake/ament_cmake_export_include_directories-extras.cmake
[2.375s] -- Installing: /home/cvl/CS_Animatronics/src/install/dynamixel_sdk_custom_interfaces/share/dynamixel_sdk_custom_interfaces/cmake/ament_cmake_export_libraries-extras.cmake
[2.375s] -- Installing: /home/cvl/CS_Animatronics/src/install/dynamixel_sdk_custom_interfaces/share/dynamixel_sdk_custom_interfaces/cmake/ament_cmake_export_targets-extras.cmake
[2.375s] -- Installing: /home/cvl/CS_Animatronics/src/install/dynamixel_sdk_custom_interfaces/share/dynamixel_sdk_custom_interfaces/cmake/rosidl_cmake_export_typesupport_targets-extras.cmake
[2.375s] -- Installing: /home/cvl/CS_Animatronics/src/install/dynamixel_sdk_custom_interfaces/share/dynamixel_sdk_custom_interfaces/cmake/rosidl_cmake_export_typesupport_libraries-extras.cmake
[2.375s] -- Installing: /home/cvl/CS_Animatronics/src/install/dynamixel_sdk_custom_interfaces/share/dynamixel_sdk_custom_interfaces/cmake/dynamixel_sdk_custom_interfacesConfig.cmake
[2.376s] -- Installing: /home/cvl/CS_Animatronics/src/install/dynamixel_sdk_custom_interfaces/share/dynamixel_sdk_custom_interfaces/cmake/dynamixel_sdk_custom_interfacesConfig-version.cmake
[2.376s] -- Installing: /home/cvl/CS_Animatronics/src/install/dynamixel_sdk_custom_interfaces/share/dynamixel_sdk_custom_interfaces/package.xml
[2.377s] Invoked command in '/home/cvl/CS_Animatronics/src/build/dynamixel_sdk_custom_interfaces' returned '0': CMAKE_PREFIX_PATH=${CMAKE_PREFIX_PATH}:/opt/ros/jazzy CONDA_PROMPT_MODIFIER=(base) DEBUGINFOD_URLS=https://debuginfod.ubuntu.com /usr/bin/cmake --install /home/cvl/CS_Animatronics/src/build/dynamixel_sdk_custom_interfaces
