[0.898s] Invoking command in '/home/cvl/CS_Animatronics/src/imu_receiver': CONDA_PROMPT_MODIFIER=(base) DEBUGINFOD_URLS=https://debuginfod.ubuntu.com PYTHONPATH=/home/cvl/CS_Animatronics/src/build/imu_receiver/prefix_override:/usr/lib/python3/dist-packages/colcon_core/task/python/colcon_distutils_commands:/home/cvl/CS_Animatronics/src/install/imu_receiver/lib/python3.12/site-packages:${PYTHONPATH} /usr/bin/python3 -W ignore:setup.py install is deprecated -W ignore:easy_install command is deprecated setup.py egg_info --egg-base ../build/imu_receiver build --build-base /home/cvl/CS_Animatronics/src/build/imu_receiver/build install --record /home/cvl/CS_Animatronics/src/build/imu_receiver/install.log --single-version-externally-managed install_data
[1.142s] running egg_info
[1.161s] writing ../build/imu_receiver/imu_receiver.egg-info/PKG-INFO
[1.161s] writing dependency_links to ../build/imu_receiver/imu_receiver.egg-info/dependency_links.txt
[1.161s] writing entry points to ../build/imu_receiver/imu_receiver.egg-info/entry_points.txt
[1.161s] writing requirements to ../build/imu_receiver/imu_receiver.egg-info/requires.txt
[1.161s] writing top-level names to ../build/imu_receiver/imu_receiver.egg-info/top_level.txt
[1.199s] reading manifest file '../build/imu_receiver/imu_receiver.egg-info/SOURCES.txt'
[1.200s] writing manifest file '../build/imu_receiver/imu_receiver.egg-info/SOURCES.txt'
[1.200s] running build
[1.200s] running build_py
[1.200s] running install
[1.206s] running install_lib
[1.225s] running install_data
[1.225s] running install_egg_info
[1.245s] removing '/home/cvl/CS_Animatronics/src/install/imu_receiver/lib/python3.12/site-packages/imu_receiver-0.0.0-py3.12.egg-info' (and everything under it)
[1.245s] Copying ../build/imu_receiver/imu_receiver.egg-info to /home/cvl/CS_Animatronics/src/install/imu_receiver/lib/python3.12/site-packages/imu_receiver-0.0.0-py3.12.egg-info
[1.245s] running install_scripts
[1.364s] Installing imu_receiver_node script to /home/cvl/CS_Animatronics/src/install/imu_receiver/lib/imu_receiver
[1.364s] writing list of installed files to '/home/cvl/CS_Animatronics/src/build/imu_receiver/install.log'
[1.392s] Invoked command in '/home/cvl/CS_Animatronics/src/imu_receiver' returned '0': CONDA_PROMPT_MODIFIER=(base) DEBUGINFOD_URLS=https://debuginfod.ubuntu.com PYTHONPATH=/home/cvl/CS_Animatronics/src/build/imu_receiver/prefix_override:/usr/lib/python3/dist-packages/colcon_core/task/python/colcon_distutils_commands:/home/cvl/CS_Animatronics/src/install/imu_receiver/lib/python3.12/site-packages:${PYTHONPATH} /usr/bin/python3 -W ignore:setup.py install is deprecated -W ignore:easy_install command is deprecated setup.py egg_info --egg-base ../build/imu_receiver build --build-base /home/cvl/CS_Animatronics/src/build/imu_receiver/build install --record /home/cvl/CS_Animatronics/src/build/imu_receiver/install.log --single-version-externally-managed install_data
