[2.747s] Invoking command in '/home/csanimatronics/CS_Animatronics/src/system_controller': AMENT_PREFIX_PATH=/home/csanimatronics/CS_Animatronics/src/install/motor_command_msg:${AMENT_PREFIX_PATH} CMAKE_PREFIX_PATH=/home/csanimatronics/CS_Animatronics/src/install/motor_command_msg:${CMAKE_PREFIX_PATH} DEBUGINFOD_URLS=https://debuginfod.ubuntu.com LD_LIBRARY_PATH=/home/csanimatronics/CS_Animatronics/src/install/motor_command_msg/lib:${LD_LIBRARY_PATH} PYTHONPATH=/home/csanimatronics/CS_Animatronics/src/build/system_controller/prefix_override:/usr/lib/python3/dist-packages/colcon_core/task/python/colcon_distutils_commands:/home/csanimatronics/CS_Animatronics/src/install/system_controller/lib/python3.12/site-packages:/home/csanimatronics/CS_Animatronics/src/install/motor_command_msg/lib/python3.12/site-packages:${PYTHONPATH} /usr/bin/python3 -W ignore:setup.py install is deprecated -W ignore:easy_install command is deprecated setup.py egg_info --egg-base ../build/system_controller build --build-base /home/csanimatronics/CS_Animatronics/src/build/system_controller/build install --record /home/csanimatronics/CS_Animatronics/src/build/system_controller/install.log --single-version-externally-managed install_data
[3.235s] running egg_info
[3.235s] creating ../build/system_controller/system_controller.egg-info
[3.269s] writing ../build/system_controller/system_controller.egg-info/PKG-INFO
[3.269s] writing dependency_links to ../build/system_controller/system_controller.egg-info/dependency_links.txt
[3.269s] writing entry points to ../build/system_controller/system_controller.egg-info/entry_points.txt
[3.269s] writing requirements to ../build/system_controller/system_controller.egg-info/requires.txt
[3.269s] writing top-level names to ../build/system_controller/system_controller.egg-info/top_level.txt
[3.270s] writing manifest file '../build/system_controller/system_controller.egg-info/SOURCES.txt'
[3.328s] reading manifest file '../build/system_controller/system_controller.egg-info/SOURCES.txt'
[3.329s] writing manifest file '../build/system_controller/system_controller.egg-info/SOURCES.txt'
[3.329s] running build
[3.329s] running build_py
[3.330s] creating /home/csanimatronics/CS_Animatronics/src/build/system_controller/build
[3.330s] creating /home/csanimatronics/CS_Animatronics/src/build/system_controller/build/lib
[3.330s] creating /home/csanimatronics/CS_Animatronics/src/build/system_controller/build/lib/system_controller
[3.331s] copying system_controller/system_controller.py -> /home/csanimatronics/CS_Animatronics/src/build/system_controller/build/lib/system_controller
[3.331s] copying system_controller/__init__.py -> /home/csanimatronics/CS_Animatronics/src/build/system_controller/build/lib/system_controller
[3.331s] running install
[3.342s] running install_lib
[3.386s] creating /home/csanimatronics/CS_Animatronics/src/install/system_controller/lib/python3.12/site-packages/system_controller
[3.386s] copying /home/csanimatronics/CS_Animatronics/src/build/system_controller/build/lib/system_controller/system_controller.py -> /home/csanimatronics/CS_Animatronics/src/install/system_controller/lib/python3.12/site-packages/system_controller
[3.386s] copying /home/csanimatronics/CS_Animatronics/src/build/system_controller/build/lib/system_controller/__init__.py -> /home/csanimatronics/CS_Animatronics/src/install/system_controller/lib/python3.12/site-packages/system_controller
[3.387s] byte-compiling /home/csanimatronics/CS_Animatronics/src/install/system_controller/lib/python3.12/site-packages/system_controller/system_controller.py to system_controller.cpython-312.pyc
[3.393s] byte-compiling /home/csanimatronics/CS_Animatronics/src/install/system_controller/lib/python3.12/site-packages/system_controller/__init__.py to __init__.cpython-312.pyc
[3.393s] running install_data
[3.393s] creating /home/csanimatronics/CS_Animatronics/src/install/system_controller/share/ament_index
[3.394s] creating /home/csanimatronics/CS_Animatronics/src/install/system_controller/share/ament_index/resource_index
[3.394s] creating /home/csanimatronics/CS_Animatronics/src/install/system_controller/share/ament_index/resource_index/packages
[3.394s] copying resource/system_controller -> /home/csanimatronics/CS_Animatronics/src/install/system_controller/share/ament_index/resource_index/packages
[3.395s] copying package.xml -> /home/csanimatronics/CS_Animatronics/src/install/system_controller/share/system_controller
[3.395s] creating /home/csanimatronics/CS_Animatronics/src/install/system_controller/share/system_controller/msg
[3.395s] running install_egg_info
[3.423s] Copying ../build/system_controller/system_controller.egg-info to /home/csanimatronics/CS_Animatronics/src/install/system_controller/lib/python3.12/site-packages/system_controller-0.0.0-py3.12.egg-info
[3.424s] running install_scripts
[3.643s] Installing controller_publisher script to /home/csanimatronics/CS_Animatronics/src/install/system_controller/lib/system_controller
[3.643s] Installing system_controller script to /home/csanimatronics/CS_Animatronics/src/install/system_controller/lib/system_controller
[3.644s] writing list of installed files to '/home/csanimatronics/CS_Animatronics/src/build/system_controller/install.log'
[3.807s] Invoked command in '/home/csanimatronics/CS_Animatronics/src/system_controller' returned '0': AMENT_PREFIX_PATH=/home/csanimatronics/CS_Animatronics/src/install/motor_command_msg:${AMENT_PREFIX_PATH} CMAKE_PREFIX_PATH=/home/csanimatronics/CS_Animatronics/src/install/motor_command_msg:${CMAKE_PREFIX_PATH} DEBUGINFOD_URLS=https://debuginfod.ubuntu.com LD_LIBRARY_PATH=/home/csanimatronics/CS_Animatronics/src/install/motor_command_msg/lib:${LD_LIBRARY_PATH} PYTHONPATH=/home/csanimatronics/CS_Animatronics/src/build/system_controller/prefix_override:/usr/lib/python3/dist-packages/colcon_core/task/python/colcon_distutils_commands:/home/csanimatronics/CS_Animatronics/src/install/system_controller/lib/python3.12/site-packages:/home/csanimatronics/CS_Animatronics/src/install/motor_command_msg/lib/python3.12/site-packages:${PYTHONPATH} /usr/bin/python3 -W ignore:setup.py install is deprecated -W ignore:easy_install command is deprecated setup.py egg_info --egg-base ../build/system_controller build --build-base /home/csanimatronics/CS_Animatronics/src/build/system_controller/build install --record /home/csanimatronics/CS_Animatronics/src/build/system_controller/install.log --single-version-externally-managed install_data
