[2.955s] Invoking command in '/home/csanimatronics/CS_Animatronics/src/controller_publisher': DEBUGINFOD_URLS=https://debuginfod.ubuntu.com PYTHONPATH=/home/csanimatronics/CS_Animatronics/src/build/controller_publisher/prefix_override:/usr/lib/python3/dist-packages/colcon_core/task/python/colcon_distutils_commands:/home/csanimatronics/CS_Animatronics/src/install/controller_publisher/lib/python3.12/site-packages:${PYTHONPATH} /usr/bin/python3 -W ignore:setup.py install is deprecated -W ignore:easy_install command is deprecated setup.py egg_info --egg-base ../build/controller_publisher build --build-base /home/csanimatronics/CS_Animatronics/src/build/controller_publisher/build install --record /home/csanimatronics/CS_Animatronics/src/build/controller_publisher/install.log --single-version-externally-managed install_data
[4.675s] running egg_info
[4.675s] creating ../build/controller_publisher/controller_publisher.egg-info
[4.729s] writing ../build/controller_publisher/controller_publisher.egg-info/PKG-INFO
[4.731s] writing dependency_links to ../build/controller_publisher/controller_publisher.egg-info/dependency_links.txt
[4.734s] writing entry points to ../build/controller_publisher/controller_publisher.egg-info/entry_points.txt
[4.734s] writing requirements to ../build/controller_publisher/controller_publisher.egg-info/requires.txt
[4.735s] writing top-level names to ../build/controller_publisher/controller_publisher.egg-info/top_level.txt
[4.736s] writing manifest file '../build/controller_publisher/controller_publisher.egg-info/SOURCES.txt'
[4.870s] reading manifest file '../build/controller_publisher/controller_publisher.egg-info/SOURCES.txt'
[4.872s] writing manifest file '../build/controller_publisher/controller_publisher.egg-info/SOURCES.txt'
[4.873s] running build
[4.873s] running build_py
[4.874s] creating /home/csanimatronics/CS_Animatronics/src/build/controller_publisher/build
[4.875s] creating /home/csanimatronics/CS_Animatronics/src/build/controller_publisher/build/lib
[4.876s] creating /home/csanimatronics/CS_Animatronics/src/build/controller_publisher/build/lib/controller_publisher
[4.878s] copying controller_publisher/controller_publisher.py -> /home/csanimatronics/CS_Animatronics/src/build/controller_publisher/build/lib/controller_publisher
[4.878s] copying controller_publisher/__init__.py -> /home/csanimatronics/CS_Animatronics/src/build/controller_publisher/build/lib/controller_publisher
[4.882s] running install
[4.894s] running install_lib
[4.954s] creating /home/csanimatronics/CS_Animatronics/src/install/controller_publisher/lib/python3.12/site-packages/controller_publisher
[4.956s] copying /home/csanimatronics/CS_Animatronics/src/build/controller_publisher/build/lib/controller_publisher/controller_publisher.py -> /home/csanimatronics/CS_Animatronics/src/install/controller_publisher/lib/python3.12/site-packages/controller_publisher
[4.957s] copying /home/csanimatronics/CS_Animatronics/src/build/controller_publisher/build/lib/controller_publisher/__init__.py -> /home/csanimatronics/CS_Animatronics/src/install/controller_publisher/lib/python3.12/site-packages/controller_publisher
[4.965s] byte-compiling /home/csanimatronics/CS_Animatronics/src/install/controller_publisher/lib/python3.12/site-packages/controller_publisher/controller_publisher.py to controller_publisher.cpython-312.pyc
[4.966s] byte-compiling /home/csanimatronics/CS_Animatronics/src/install/controller_publisher/lib/python3.12/site-packages/controller_publisher/__init__.py to __init__.cpython-312.pyc
[4.967s] running install_data
[4.968s] creating /home/csanimatronics/CS_Animatronics/src/install/controller_publisher/share/ament_index
[4.969s] creating /home/csanimatronics/CS_Animatronics/src/install/controller_publisher/share/ament_index/resource_index
[4.970s] creating /home/csanimatronics/CS_Animatronics/src/install/controller_publisher/share/ament_index/resource_index/packages
[4.972s] copying resource/controller_publisher -> /home/csanimatronics/CS_Animatronics/src/install/controller_publisher/share/ament_index/resource_index/packages
[4.973s] copying package.xml -> /home/csanimatronics/CS_Animatronics/src/install/controller_publisher/share/controller_publisher
[4.974s] running install_egg_info
[5.057s] Copying ../build/controller_publisher/controller_publisher.egg-info to /home/csanimatronics/CS_Animatronics/src/install/controller_publisher/lib/python3.12/site-packages/controller_publisher-0.0.0-py3.12.egg-info
[5.060s] running install_scripts
[5.533s] Installing controller_publisher script to /home/csanimatronics/CS_Animatronics/src/install/controller_publisher/lib/controller_publisher
[5.533s] writing list of installed files to '/home/csanimatronics/CS_Animatronics/src/build/controller_publisher/install.log'
[5.779s] Invoked command in '/home/csanimatronics/CS_Animatronics/src/controller_publisher' returned '0': DEBUGINFOD_URLS=https://debuginfod.ubuntu.com PYTHONPATH=/home/csanimatronics/CS_Animatronics/src/build/controller_publisher/prefix_override:/usr/lib/python3/dist-packages/colcon_core/task/python/colcon_distutils_commands:/home/csanimatronics/CS_Animatronics/src/install/controller_publisher/lib/python3.12/site-packages:${PYTHONPATH} /usr/bin/python3 -W ignore:setup.py install is deprecated -W ignore:easy_install command is deprecated setup.py egg_info --egg-base ../build/controller_publisher build --build-base /home/csanimatronics/CS_Animatronics/src/build/controller_publisher/build install --record /home/csanimatronics/CS_Animatronics/src/build/controller_publisher/install.log --single-version-externally-managed install_data
