[0.015s] Invoking command in '/home/cvl/CS_Animatronics/src/build/motor_command_msg': CMAKE_PREFIX_PATH=${CMAKE_PREFIX_PATH}:/opt/ros/jazzy CONDA_PROMPT_MODIFIER=(base) DEBUGINFOD_URLS=https://debuginfod.ubuntu.com /usr/bin/cmake --build /home/cvl/CS_Animatronics/src/build/motor_command_msg -- -j20 -l20
[0.190s] [  2%] [34m[1mGenerating type hashes for ROS interfaces[0m
[0.191s] [  2%] Built target ament_cmake_python_copy_motor_command_msg
[0.192s] [  2%] Built target motor_command_msg__rosidl_generator_type_description
[0.199s] [  5%] [34m[1mGenerating C code for ROS interfaces[0m
[0.203s] running egg_info
[0.206s] [  8%] [34m[1mGenerating C++ code for ROS interfaces[0m
[0.218s] writing motor_command_msg.egg-info/PKG-INFO
[0.218s] writing dependency_links to motor_command_msg.egg-info/dependency_links.txt
[0.219s] writing top-level names to motor_command_msg.egg-info/top_level.txt
[0.255s] reading manifest file 'motor_command_msg.egg-info/SOURCES.txt'
[0.256s] writing manifest file 'motor_command_msg.egg-info/SOURCES.txt'
[0.282s] [  8%] Built target ament_cmake_python_build_motor_command_msg_egg
[0.393s] [  8%] Built target motor_command_msg__cpp
[0.414s] [ 17%] [32mBuilding C object CMakeFiles/motor_command_msg__rosidl_generator_c.dir/rosidl_generator_c/motor_command_msg/msg/detail/id_angle__type_support.c.o[0m
[0.414s] [ 17%] [32mBuilding C object CMakeFiles/motor_command_msg__rosidl_generator_c.dir/rosidl_generator_c/motor_command_msg/msg/detail/id_angle__functions.c.o[0m
[0.415s] [ 17%] [32mBuilding C object CMakeFiles/motor_command_msg__rosidl_generator_c.dir/rosidl_generator_c/motor_command_msg/msg/detail/id_angle__description.c.o[0m
[0.453s] [ 20%] [32m[1mLinking C shared library libmotor_command_msg__rosidl_generator_c.so[0m
[0.477s] [ 20%] Built target motor_command_msg__rosidl_generator_c
[0.484s] [ 35%] [34m[1mGenerating C type support dispatch for ROS interfaces[0m
[0.484s] [ 35%] [34m[1mGenerating C++ introspection for ROS interfaces[0m
[0.484s] [ 38%] [34m[1mGenerating C++ type support dispatch for ROS interfaces[0m
[0.484s] [ 35%] [34m[1mGenerating C type support for eProsima Fast-RTPS[0m
[0.484s] [ 38%] [34m[1mGenerating C++ type support for eProsima Fast-RTPS[0m
[0.484s] [ 38%] [34m[1mGenerating C introspection for ROS interfaces[0m
[0.686s] [ 41%] [32mBuilding CXX object CMakeFiles/motor_command_msg__rosidl_typesupport_introspection_cpp.dir/rosidl_typesupport_introspection_cpp/motor_command_msg/msg/detail/id_angle__type_support.cpp.o[0m
[0.693s] [ 47%] [32mBuilding CXX object CMakeFiles/motor_command_msg__rosidl_typesupport_c.dir/rosidl_typesupport_c/motor_command_msg/msg/id_angle__type_support.cpp.o[0m
[0.694s] [ 47%] [32mBuilding CXX object CMakeFiles/motor_command_msg__rosidl_typesupport_cpp.dir/rosidl_typesupport_cpp/motor_command_msg/msg/id_angle__type_support.cpp.o[0m
[0.709s] [ 50%] [32mBuilding CXX object CMakeFiles/motor_command_msg__rosidl_typesupport_fastrtps_c.dir/rosidl_typesupport_fastrtps_c/motor_command_msg/msg/detail/id_angle__type_support_c.cpp.o[0m
[0.716s] [ 52%] [32mBuilding C object CMakeFiles/motor_command_msg__rosidl_typesupport_introspection_c.dir/rosidl_typesupport_introspection_c/motor_command_msg/msg/detail/id_angle__type_support.c.o[0m
[0.726s] [ 55%] [32m[1mLinking CXX shared library libmotor_command_msg__rosidl_typesupport_c.so[0m
[0.733s] [ 58%] [32mBuilding CXX object CMakeFiles/motor_command_msg__rosidl_typesupport_fastrtps_cpp.dir/rosidl_typesupport_fastrtps_cpp/motor_command_msg/msg/detail/dds_fastrtps/id_angle__type_support.cpp.o[0m
[0.748s] [ 61%] [32m[1mLinking C shared library libmotor_command_msg__rosidl_typesupport_introspection_c.so[0m
[0.757s] [ 61%] Built target motor_command_msg__rosidl_typesupport_c
[0.774s] [ 61%] Built target motor_command_msg__rosidl_typesupport_introspection_c
[0.933s] [ 64%] [32m[1mLinking CXX shared library libmotor_command_msg__rosidl_typesupport_cpp.so[0m
[0.933s] [ 67%] [32m[1mLinking CXX shared library libmotor_command_msg__rosidl_typesupport_introspection_cpp.so[0m
[0.962s] [ 67%] Built target motor_command_msg__rosidl_typesupport_cpp
[0.993s] [ 67%] Built target motor_command_msg__rosidl_typesupport_introspection_cpp
[1.073s] [ 70%] [32m[1mLinking CXX shared library libmotor_command_msg__rosidl_typesupport_fastrtps_c.so[0m
[1.109s] [ 70%] Built target motor_command_msg__rosidl_typesupport_fastrtps_c
[1.121s] [ 73%] [32m[1mLinking CXX shared library libmotor_command_msg__rosidl_typesupport_fastrtps_cpp.so[0m
[1.179s] [ 73%] Built target motor_command_msg__rosidl_typesupport_fastrtps_cpp
[1.193s] [ 73%] Built target motor_command_msg
[1.207s] [ 76%] [34m[1mGenerating Python code for ROS interfaces[0m
[1.462s] [ 76%] Built target motor_command_msg__py
[1.476s] [ 79%] [32mBuilding C object CMakeFiles/motor_command_msg__rosidl_generator_py.dir/rosidl_generator_py/motor_command_msg/msg/_id_angle_s.c.o[0m
[1.591s] [ 82%] [32m[1mLinking C shared library libmotor_command_msg__rosidl_generator_py.so[0m
[1.618s] [ 82%] Built target motor_command_msg__rosidl_generator_py
[1.631s] [ 91%] [32mBuilding C object CMakeFiles/motor_command_msg_s__rosidl_typesupport_fastrtps_c.dir/rosidl_generator_py/motor_command_msg/_motor_command_msg_s.ep.rosidl_typesupport_fastrtps_c.c.o[0m
[1.631s] [ 91%] [32mBuilding C object CMakeFiles/motor_command_msg_s__rosidl_typesupport_introspection_c.dir/rosidl_generator_py/motor_command_msg/_motor_command_msg_s.ep.rosidl_typesupport_introspection_c.c.o[0m
[1.631s] [ 91%] [32mBuilding C object CMakeFiles/motor_command_msg_s__rosidl_typesupport_c.dir/rosidl_generator_py/motor_command_msg/_motor_command_msg_s.ep.rosidl_typesupport_c.c.o[0m
[1.702s] [100%] [32m[1mLinking C shared module rosidl_generator_py/motor_command_msg/motor_command_msg_s__rosidl_typesupport_c.so[0m
[1.703s] [100%] [32m[1mLinking C shared module rosidl_generator_py/motor_command_msg/motor_command_msg_s__rosidl_typesupport_introspection_c.so[0m
[1.703s] [100%] [32m[1mLinking C shared module rosidl_generator_py/motor_command_msg/motor_command_msg_s__rosidl_typesupport_fastrtps_c.so[0m
[1.722s] [100%] Built target motor_command_msg_s__rosidl_typesupport_c
[1.723s] [100%] Built target motor_command_msg_s__rosidl_typesupport_introspection_c
[1.723s] [100%] Built target motor_command_msg_s__rosidl_typesupport_fastrtps_c
[1.730s] Invoked command in '/home/cvl/CS_Animatronics/src/build/motor_command_msg' returned '0': CMAKE_PREFIX_PATH=${CMAKE_PREFIX_PATH}:/opt/ros/jazzy CONDA_PROMPT_MODIFIER=(base) DEBUGINFOD_URLS=https://debuginfod.ubuntu.com /usr/bin/cmake --build /home/cvl/CS_Animatronics/src/build/motor_command_msg -- -j20 -l20
[1.731s] Invoking command in '/home/cvl/CS_Animatronics/src/build/motor_command_msg': CMAKE_PREFIX_PATH=${CMAKE_PREFIX_PATH}:/opt/ros/jazzy CONDA_PROMPT_MODIFIER=(base) DEBUGINFOD_URLS=https://debuginfod.ubuntu.com /usr/bin/cmake --install /home/cvl/CS_Animatronics/src/build/motor_command_msg
[1.736s] -- Install configuration: ""
[1.736s] -- Installing: /home/cvl/CS_Animatronics/src/install/motor_command_msg/share/ament_index/resource_index/rosidl_interfaces/motor_command_msg
[1.736s] -- Installing: /home/cvl/CS_Animatronics/src/install/motor_command_msg/share/motor_command_msg/msg/IdAngle.json
[1.736s] -- Installing: /home/cvl/CS_Animatronics/src/install/motor_command_msg/include/motor_command_msg/motor_command_msg
[1.736s] -- Installing: /home/cvl/CS_Animatronics/src/install/motor_command_msg/include/motor_command_msg/motor_command_msg/msg
[1.736s] -- Installing: /home/cvl/CS_Animatronics/src/install/motor_command_msg/include/motor_command_msg/motor_command_msg/msg/id_angle.h
[1.737s] -- Installing: /home/cvl/CS_Animatronics/src/install/motor_command_msg/include/motor_command_msg/motor_command_msg/msg/detail
[1.737s] -- Installing: /home/cvl/CS_Animatronics/src/install/motor_command_msg/include/motor_command_msg/motor_command_msg/msg/detail/id_angle__functions.c
[1.737s] -- Installing: /home/cvl/CS_Animatronics/src/install/motor_command_msg/include/motor_command_msg/motor_command_msg/msg/detail/id_angle__type_support.c
[1.737s] -- Installing: /home/cvl/CS_Animatronics/src/install/motor_command_msg/include/motor_command_msg/motor_command_msg/msg/detail/id_angle__description.c
[1.737s] -- Installing: /home/cvl/CS_Animatronics/src/install/motor_command_msg/include/motor_command_msg/motor_command_msg/msg/detail/id_angle__type_support.h
[1.737s] -- Installing: /home/cvl/CS_Animatronics/src/install/motor_command_msg/include/motor_command_msg/motor_command_msg/msg/detail/id_angle__functions.h
[1.737s] -- Installing: /home/cvl/CS_Animatronics/src/install/motor_command_msg/include/motor_command_msg/motor_command_msg/msg/detail/id_angle__struct.h
[1.737s] -- Installing: /home/cvl/CS_Animatronics/src/install/motor_command_msg/include/motor_command_msg/motor_command_msg/msg/rosidl_generator_c__visibility_control.h
[1.737s] -- Installing: /home/cvl/CS_Animatronics/src/install/motor_command_msg/share/motor_command_msg/environment/library_path.sh
[1.737s] -- Installing: /home/cvl/CS_Animatronics/src/install/motor_command_msg/share/motor_command_msg/environment/library_path.dsv
[1.737s] -- Installing: /home/cvl/CS_Animatronics/src/install/motor_command_msg/lib/libmotor_command_msg__rosidl_generator_c.so
[1.737s] -- Set non-toolchain portion of runtime path of "/home/cvl/CS_Animatronics/src/install/motor_command_msg/lib/libmotor_command_msg__rosidl_generator_c.so" to ""
[1.738s] -- Up-to-date: /home/cvl/CS_Animatronics/src/install/motor_command_msg/include/motor_command_msg/motor_command_msg
[1.738s] -- Up-to-date: /home/cvl/CS_Animatronics/src/install/motor_command_msg/include/motor_command_msg/motor_command_msg/msg
[1.738s] -- Up-to-date: /home/cvl/CS_Animatronics/src/install/motor_command_msg/include/motor_command_msg/motor_command_msg/msg/detail
[1.738s] -- Installing: /home/cvl/CS_Animatronics/src/install/motor_command_msg/include/motor_command_msg/motor_command_msg/msg/detail/id_angle__rosidl_typesupport_fastrtps_c.h
[1.738s] -- Installing: /home/cvl/CS_Animatronics/src/install/motor_command_msg/include/motor_command_msg/motor_command_msg/msg/rosidl_typesupport_fastrtps_c__visibility_control.h
[1.738s] -- Installing: /home/cvl/CS_Animatronics/src/install/motor_command_msg/lib/libmotor_command_msg__rosidl_typesupport_fastrtps_c.so
[1.738s] -- Set non-toolchain portion of runtime path of "/home/cvl/CS_Animatronics/src/install/motor_command_msg/lib/libmotor_command_msg__rosidl_typesupport_fastrtps_c.so" to ""
[1.738s] -- Up-to-date: /home/cvl/CS_Animatronics/src/install/motor_command_msg/include/motor_command_msg/motor_command_msg
[1.738s] -- Up-to-date: /home/cvl/CS_Animatronics/src/install/motor_command_msg/include/motor_command_msg/motor_command_msg/msg
[1.738s] -- Installing: /home/cvl/CS_Animatronics/src/install/motor_command_msg/include/motor_command_msg/motor_command_msg/msg/id_angle.hpp
[1.738s] -- Up-to-date: /home/cvl/CS_Animatronics/src/install/motor_command_msg/include/motor_command_msg/motor_command_msg/msg/detail
[1.738s] -- Installing: /home/cvl/CS_Animatronics/src/install/motor_command_msg/include/motor_command_msg/motor_command_msg/msg/detail/id_angle__struct.hpp
[1.739s] -- Installing: /home/cvl/CS_Animatronics/src/install/motor_command_msg/include/motor_command_msg/motor_command_msg/msg/detail/id_angle__traits.hpp
[1.739s] -- Installing: /home/cvl/CS_Animatronics/src/install/motor_command_msg/include/motor_command_msg/motor_command_msg/msg/detail/id_angle__type_support.hpp
[1.739s] -- Installing: /home/cvl/CS_Animatronics/src/install/motor_command_msg/include/motor_command_msg/motor_command_msg/msg/detail/id_angle__builder.hpp
[1.739s] -- Installing: /home/cvl/CS_Animatronics/src/install/motor_command_msg/include/motor_command_msg/motor_command_msg/msg/rosidl_generator_cpp__visibility_control.hpp
[1.739s] -- Up-to-date: /home/cvl/CS_Animatronics/src/install/motor_command_msg/include/motor_command_msg/motor_command_msg
[1.739s] -- Up-to-date: /home/cvl/CS_Animatronics/src/install/motor_command_msg/include/motor_command_msg/motor_command_msg/msg
[1.739s] -- Up-to-date: /home/cvl/CS_Animatronics/src/install/motor_command_msg/include/motor_command_msg/motor_command_msg/msg/detail
[1.739s] -- Installing: /home/cvl/CS_Animatronics/src/install/motor_command_msg/include/motor_command_msg/motor_command_msg/msg/detail/id_angle__rosidl_typesupport_fastrtps_cpp.hpp
[1.739s] -- Installing: /home/cvl/CS_Animatronics/src/install/motor_command_msg/include/motor_command_msg/motor_command_msg/msg/detail/dds_fastrtps
[1.739s] -- Installing: /home/cvl/CS_Animatronics/src/install/motor_command_msg/include/motor_command_msg/motor_command_msg/msg/rosidl_typesupport_fastrtps_cpp__visibility_control.h
[1.739s] -- Installing: /home/cvl/CS_Animatronics/src/install/motor_command_msg/lib/libmotor_command_msg__rosidl_typesupport_fastrtps_cpp.so
[1.739s] -- Set non-toolchain portion of runtime path of "/home/cvl/CS_Animatronics/src/install/motor_command_msg/lib/libmotor_command_msg__rosidl_typesupport_fastrtps_cpp.so" to ""
[1.739s] -- Up-to-date: /home/cvl/CS_Animatronics/src/install/motor_command_msg/include/motor_command_msg/motor_command_msg
[1.740s] -- Up-to-date: /home/cvl/CS_Animatronics/src/install/motor_command_msg/include/motor_command_msg/motor_command_msg/msg
[1.740s] -- Up-to-date: /home/cvl/CS_Animatronics/src/install/motor_command_msg/include/motor_command_msg/motor_command_msg/msg/detail
[1.740s] -- Installing: /home/cvl/CS_Animatronics/src/install/motor_command_msg/include/motor_command_msg/motor_command_msg/msg/detail/id_angle__type_support.c
[1.740s] -- Installing: /home/cvl/CS_Animatronics/src/install/motor_command_msg/include/motor_command_msg/motor_command_msg/msg/detail/id_angle__rosidl_typesupport_introspection_c.h
[1.740s] -- Installing: /home/cvl/CS_Animatronics/src/install/motor_command_msg/include/motor_command_msg/motor_command_msg/msg/rosidl_typesupport_introspection_c__visibility_control.h
[1.740s] -- Installing: /home/cvl/CS_Animatronics/src/install/motor_command_msg/lib/libmotor_command_msg__rosidl_typesupport_introspection_c.so
[1.740s] -- Set non-toolchain portion of runtime path of "/home/cvl/CS_Animatronics/src/install/motor_command_msg/lib/libmotor_command_msg__rosidl_typesupport_introspection_c.so" to ""
[1.740s] -- Installing: /home/cvl/CS_Animatronics/src/install/motor_command_msg/lib/libmotor_command_msg__rosidl_typesupport_c.so
[1.740s] -- Set non-toolchain portion of runtime path of "/home/cvl/CS_Animatronics/src/install/motor_command_msg/lib/libmotor_command_msg__rosidl_typesupport_c.so" to ""
[1.740s] -- Up-to-date: /home/cvl/CS_Animatronics/src/install/motor_command_msg/include/motor_command_msg/motor_command_msg
[1.740s] -- Up-to-date: /home/cvl/CS_Animatronics/src/install/motor_command_msg/include/motor_command_msg/motor_command_msg/msg
[1.740s] -- Up-to-date: /home/cvl/CS_Animatronics/src/install/motor_command_msg/include/motor_command_msg/motor_command_msg/msg/detail
[1.740s] -- Installing: /home/cvl/CS_Animatronics/src/install/motor_command_msg/include/motor_command_msg/motor_command_msg/msg/detail/id_angle__rosidl_typesupport_introspection_cpp.hpp
[1.740s] -- Installing: /home/cvl/CS_Animatronics/src/install/motor_command_msg/include/motor_command_msg/motor_command_msg/msg/detail/id_angle__type_support.cpp
[1.741s] -- Installing: /home/cvl/CS_Animatronics/src/install/motor_command_msg/lib/libmotor_command_msg__rosidl_typesupport_introspection_cpp.so
[1.741s] -- Set non-toolchain portion of runtime path of "/home/cvl/CS_Animatronics/src/install/motor_command_msg/lib/libmotor_command_msg__rosidl_typesupport_introspection_cpp.so" to ""
[1.741s] -- Installing: /home/cvl/CS_Animatronics/src/install/motor_command_msg/lib/libmotor_command_msg__rosidl_typesupport_cpp.so
[1.741s] -- Set non-toolchain portion of runtime path of "/home/cvl/CS_Animatronics/src/install/motor_command_msg/lib/libmotor_command_msg__rosidl_typesupport_cpp.so" to ""
[1.741s] -- Installing: /home/cvl/CS_Animatronics/src/install/motor_command_msg/share/motor_command_msg/environment/pythonpath.sh
[1.741s] -- Installing: /home/cvl/CS_Animatronics/src/install/motor_command_msg/share/motor_command_msg/environment/pythonpath.dsv
[1.741s] -- Installing: /home/cvl/CS_Animatronics/src/install/motor_command_msg/lib/python3.13/site-packages/motor_command_msg-0.0.0-py3.13.egg-info
[1.741s] -- Installing: /home/cvl/CS_Animatronics/src/install/motor_command_msg/lib/python3.13/site-packages/motor_command_msg-0.0.0-py3.13.egg-info/PKG-INFO
[1.741s] -- Installing: /home/cvl/CS_Animatronics/src/install/motor_command_msg/lib/python3.13/site-packages/motor_command_msg-0.0.0-py3.13.egg-info/dependency_links.txt
[1.741s] -- Installing: /home/cvl/CS_Animatronics/src/install/motor_command_msg/lib/python3.13/site-packages/motor_command_msg-0.0.0-py3.13.egg-info/SOURCES.txt
[1.741s] -- Installing: /home/cvl/CS_Animatronics/src/install/motor_command_msg/lib/python3.13/site-packages/motor_command_msg-0.0.0-py3.13.egg-info/top_level.txt
[1.741s] -- Installing: /home/cvl/CS_Animatronics/src/install/motor_command_msg/lib/python3.13/site-packages/motor_command_msg
[1.741s] -- Installing: /home/cvl/CS_Animatronics/src/install/motor_command_msg/lib/python3.13/site-packages/motor_command_msg/__init__.py
[1.741s] -- Installing: /home/cvl/CS_Animatronics/src/install/motor_command_msg/lib/python3.13/site-packages/motor_command_msg/motor_command_msg_s__rosidl_typesupport_c.so
[1.742s] -- Installing: /home/cvl/CS_Animatronics/src/install/motor_command_msg/lib/python3.13/site-packages/motor_command_msg/_motor_command_msg_s.ep.rosidl_typesupport_c.c
[1.742s] -- Installing: /home/cvl/CS_Animatronics/src/install/motor_command_msg/lib/python3.13/site-packages/motor_command_msg/_motor_command_msg_s.ep.rosidl_typesupport_fastrtps_c.c
[1.742s] -- Installing: /home/cvl/CS_Animatronics/src/install/motor_command_msg/lib/python3.13/site-packages/motor_command_msg/motor_command_msg_s__rosidl_typesupport_fastrtps_c.so
[1.742s] -- Installing: /home/cvl/CS_Animatronics/src/install/motor_command_msg/lib/python3.13/site-packages/motor_command_msg/_motor_command_msg_s.ep.rosidl_typesupport_introspection_c.c
[1.742s] -- Installing: /home/cvl/CS_Animatronics/src/install/motor_command_msg/lib/python3.13/site-packages/motor_command_msg/msg
[1.742s] -- Installing: /home/cvl/CS_Animatronics/src/install/motor_command_msg/lib/python3.13/site-packages/motor_command_msg/msg/__init__.py
[1.742s] -- Installing: /home/cvl/CS_Animatronics/src/install/motor_command_msg/lib/python3.13/site-packages/motor_command_msg/msg/_id_angle_s.c
[1.742s] -- Installing: /home/cvl/CS_Animatronics/src/install/motor_command_msg/lib/python3.13/site-packages/motor_command_msg/msg/_id_angle.py
[1.742s] -- Installing: /home/cvl/CS_Animatronics/src/install/motor_command_msg/lib/python3.13/site-packages/motor_command_msg/motor_command_msg_s__rosidl_typesupport_introspection_c.so
[1.765s] Listing '/home/cvl/CS_Animatronics/src/install/motor_command_msg/lib/python3.13/site-packages/motor_command_msg'...
[1.765s] Compiling '/home/cvl/CS_Animatronics/src/install/motor_command_msg/lib/python3.13/site-packages/motor_command_msg/__init__.py'...
[1.765s] Listing '/home/cvl/CS_Animatronics/src/install/motor_command_msg/lib/python3.13/site-packages/motor_command_msg/msg'...
[1.765s] Compiling '/home/cvl/CS_Animatronics/src/install/motor_command_msg/lib/python3.13/site-packages/motor_command_msg/msg/__init__.py'...
[1.765s] Compiling '/home/cvl/CS_Animatronics/src/install/motor_command_msg/lib/python3.13/site-packages/motor_command_msg/msg/_id_angle.py'...
[1.768s] -- Installing: /home/cvl/CS_Animatronics/src/install/motor_command_msg/lib/python3.13/site-packages/motor_command_msg/motor_command_msg_s__rosidl_typesupport_fastrtps_c.so
[1.768s] -- Set non-toolchain portion of runtime path of "/home/cvl/CS_Animatronics/src/install/motor_command_msg/lib/python3.13/site-packages/motor_command_msg/motor_command_msg_s__rosidl_typesupport_fastrtps_c.so" to ""
[1.768s] -- Installing: /home/cvl/CS_Animatronics/src/install/motor_command_msg/lib/python3.13/site-packages/motor_command_msg/motor_command_msg_s__rosidl_typesupport_introspection_c.so
[1.768s] -- Set non-toolchain portion of runtime path of "/home/cvl/CS_Animatronics/src/install/motor_command_msg/lib/python3.13/site-packages/motor_command_msg/motor_command_msg_s__rosidl_typesupport_introspection_c.so" to ""
[1.769s] -- Installing: /home/cvl/CS_Animatronics/src/install/motor_command_msg/lib/python3.13/site-packages/motor_command_msg/motor_command_msg_s__rosidl_typesupport_c.so
[1.769s] -- Set non-toolchain portion of runtime path of "/home/cvl/CS_Animatronics/src/install/motor_command_msg/lib/python3.13/site-packages/motor_command_msg/motor_command_msg_s__rosidl_typesupport_c.so" to ""
[1.769s] -- Installing: /home/cvl/CS_Animatronics/src/install/motor_command_msg/lib/libmotor_command_msg__rosidl_generator_py.so
[1.769s] -- Set non-toolchain portion of runtime path of "/home/cvl/CS_Animatronics/src/install/motor_command_msg/lib/libmotor_command_msg__rosidl_generator_py.so" to ""
[1.769s] -- Installing: /home/cvl/CS_Animatronics/src/install/motor_command_msg/share/motor_command_msg/msg/IdAngle.idl
[1.769s] -- Installing: /home/cvl/CS_Animatronics/src/install/motor_command_msg/share/motor_command_msg/msg/IdAngle.msg
[1.769s] -- Installing: /home/cvl/CS_Animatronics/src/install/motor_command_msg/share/ament_index/resource_index/package_run_dependencies/motor_command_msg
[1.769s] -- Installing: /home/cvl/CS_Animatronics/src/install/motor_command_msg/share/ament_index/resource_index/parent_prefix_path/motor_command_msg
[1.769s] -- Installing: /home/cvl/CS_Animatronics/src/install/motor_command_msg/share/motor_command_msg/environment/ament_prefix_path.sh
[1.769s] -- Installing: /home/cvl/CS_Animatronics/src/install/motor_command_msg/share/motor_command_msg/environment/ament_prefix_path.dsv
[1.769s] -- Installing: /home/cvl/CS_Animatronics/src/install/motor_command_msg/share/motor_command_msg/environment/path.sh
[1.770s] -- Installing: /home/cvl/CS_Animatronics/src/install/motor_command_msg/share/motor_command_msg/environment/path.dsv
[1.770s] -- Installing: /home/cvl/CS_Animatronics/src/install/motor_command_msg/share/motor_command_msg/local_setup.bash
[1.770s] -- Installing: /home/cvl/CS_Animatronics/src/install/motor_command_msg/share/motor_command_msg/local_setup.sh
[1.770s] -- Installing: /home/cvl/CS_Animatronics/src/install/motor_command_msg/share/motor_command_msg/local_setup.zsh
[1.770s] -- Installing: /home/cvl/CS_Animatronics/src/install/motor_command_msg/share/motor_command_msg/local_setup.dsv
[1.770s] -- Up-to-date: /home/cvl/CS_Animatronics/src/install/motor_command_msg/share/motor_command_msg/package.dsv
[1.770s] -- Installing: /home/cvl/CS_Animatronics/src/install/motor_command_msg/share/ament_index/resource_index/packages/motor_command_msg
[1.770s] -- Installing: /home/cvl/CS_Animatronics/src/install/motor_command_msg/share/motor_command_msg/cmake/export_motor_command_msg__rosidl_generator_cExport.cmake
[1.770s] -- Installing: /home/cvl/CS_Animatronics/src/install/motor_command_msg/share/motor_command_msg/cmake/export_motor_command_msg__rosidl_generator_cExport-noconfig.cmake
[1.770s] -- Installing: /home/cvl/CS_Animatronics/src/install/motor_command_msg/share/motor_command_msg/cmake/export_motor_command_msg__rosidl_typesupport_fastrtps_cExport.cmake
[1.770s] -- Installing: /home/cvl/CS_Animatronics/src/install/motor_command_msg/share/motor_command_msg/cmake/export_motor_command_msg__rosidl_typesupport_fastrtps_cExport-noconfig.cmake
[1.771s] -- Installing: /home/cvl/CS_Animatronics/src/install/motor_command_msg/share/motor_command_msg/cmake/export_motor_command_msg__rosidl_generator_cppExport.cmake
[1.771s] -- Installing: /home/cvl/CS_Animatronics/src/install/motor_command_msg/share/motor_command_msg/cmake/export_motor_command_msg__rosidl_typesupport_fastrtps_cppExport.cmake
[1.771s] -- Installing: /home/cvl/CS_Animatronics/src/install/motor_command_msg/share/motor_command_msg/cmake/export_motor_command_msg__rosidl_typesupport_fastrtps_cppExport-noconfig.cmake
[1.771s] -- Installing: /home/cvl/CS_Animatronics/src/install/motor_command_msg/share/motor_command_msg/cmake/motor_command_msg__rosidl_typesupport_introspection_cExport.cmake
[1.771s] -- Installing: /home/cvl/CS_Animatronics/src/install/motor_command_msg/share/motor_command_msg/cmake/motor_command_msg__rosidl_typesupport_introspection_cExport-noconfig.cmake
[1.771s] -- Installing: /home/cvl/CS_Animatronics/src/install/motor_command_msg/share/motor_command_msg/cmake/motor_command_msg__rosidl_typesupport_cExport.cmake
[1.771s] -- Installing: /home/cvl/CS_Animatronics/src/install/motor_command_msg/share/motor_command_msg/cmake/motor_command_msg__rosidl_typesupport_cExport-noconfig.cmake
[1.771s] -- Installing: /home/cvl/CS_Animatronics/src/install/motor_command_msg/share/motor_command_msg/cmake/motor_command_msg__rosidl_typesupport_introspection_cppExport.cmake
[1.771s] -- Installing: /home/cvl/CS_Animatronics/src/install/motor_command_msg/share/motor_command_msg/cmake/motor_command_msg__rosidl_typesupport_introspection_cppExport-noconfig.cmake
[1.771s] -- Installing: /home/cvl/CS_Animatronics/src/install/motor_command_msg/share/motor_command_msg/cmake/motor_command_msg__rosidl_typesupport_cppExport.cmake
[1.771s] -- Installing: /home/cvl/CS_Animatronics/src/install/motor_command_msg/share/motor_command_msg/cmake/motor_command_msg__rosidl_typesupport_cppExport-noconfig.cmake
[1.772s] -- Installing: /home/cvl/CS_Animatronics/src/install/motor_command_msg/share/motor_command_msg/cmake/export_motor_command_msg__rosidl_generator_pyExport.cmake
[1.772s] -- Installing: /home/cvl/CS_Animatronics/src/install/motor_command_msg/share/motor_command_msg/cmake/export_motor_command_msg__rosidl_generator_pyExport-noconfig.cmake
[1.772s] -- Installing: /home/cvl/CS_Animatronics/src/install/motor_command_msg/share/motor_command_msg/cmake/rosidl_cmake-extras.cmake
[1.772s] -- Installing: /home/cvl/CS_Animatronics/src/install/motor_command_msg/share/motor_command_msg/cmake/ament_cmake_export_dependencies-extras.cmake
[1.772s] -- Installing: /home/cvl/CS_Animatronics/src/install/motor_command_msg/share/motor_command_msg/cmake/ament_cmake_export_include_directories-extras.cmake
[1.772s] -- Installing: /home/cvl/CS_Animatronics/src/install/motor_command_msg/share/motor_command_msg/cmake/ament_cmake_export_libraries-extras.cmake
[1.772s] -- Installing: /home/cvl/CS_Animatronics/src/install/motor_command_msg/share/motor_command_msg/cmake/ament_cmake_export_targets-extras.cmake
[1.772s] -- Installing: /home/cvl/CS_Animatronics/src/install/motor_command_msg/share/motor_command_msg/cmake/rosidl_cmake_export_typesupport_targets-extras.cmake
[1.772s] -- Installing: /home/cvl/CS_Animatronics/src/install/motor_command_msg/share/motor_command_msg/cmake/rosidl_cmake_export_typesupport_libraries-extras.cmake
[1.772s] -- Installing: /home/cvl/CS_Animatronics/src/install/motor_command_msg/share/motor_command_msg/cmake/motor_command_msgConfig.cmake
[1.772s] -- Installing: /home/cvl/CS_Animatronics/src/install/motor_command_msg/share/motor_command_msg/cmake/motor_command_msgConfig-version.cmake
[1.772s] -- Installing: /home/cvl/CS_Animatronics/src/install/motor_command_msg/share/motor_command_msg/package.xml
[1.774s] Invoked command in '/home/cvl/CS_Animatronics/src/build/motor_command_msg' returned '0': CMAKE_PREFIX_PATH=${CMAKE_PREFIX_PATH}:/opt/ros/jazzy CONDA_PROMPT_MODIFIER=(base) DEBUGINFOD_URLS=https://debuginfod.ubuntu.com /usr/bin/cmake --install /home/cvl/CS_Animatronics/src/build/motor_command_msg
