[0.814s] Invoking command in '/home/cvl/CS_Animatronics/src/motor_controller': DEBUGINFOD_URLS=https://debuginfod.ubuntu.com PYTHONPATH=/home/cvl/CS_Animatronics/src/build/motor_controller/prefix_override:/usr/lib/python3/dist-packages/colcon_core/task/python/colcon_distutils_commands:/home/cvl/CS_Animatronics/src/install/motor_controller/lib/python3.12/site-packages:${PYTHONPATH} /usr/bin/python3 -W ignore:setup.py install is deprecated -W ignore:easy_install command is deprecated setup.py egg_info --egg-base ../build/motor_controller build --build-base /home/cvl/CS_Animatronics/src/build/motor_controller/build install --record /home/cvl/CS_Animatronics/src/build/motor_controller/install.log --single-version-externally-managed install_data
[1.030s] running egg_info
[1.047s] writing ../build/motor_controller/motor_controller.egg-info/PKG-INFO
[1.047s] writing dependency_links to ../build/motor_controller/motor_controller.egg-info/dependency_links.txt
[1.047s] writing entry points to ../build/motor_controller/motor_controller.egg-info/entry_points.txt
[1.047s] writing requirements to ../build/motor_controller/motor_controller.egg-info/requires.txt
[1.047s] writing top-level names to ../build/motor_controller/motor_controller.egg-info/top_level.txt
[1.081s] reading manifest file '../build/motor_controller/motor_controller.egg-info/SOURCES.txt'
[1.081s] writing manifest file '../build/motor_controller/motor_controller.egg-info/SOURCES.txt'
[1.082s] running build
[1.082s] running build_py
[1.082s] running install
[1.086s] running install_lib
[1.104s] running install_data
[1.104s] running install_egg_info
[1.121s] removing '/home/cvl/CS_Animatronics/src/install/motor_controller/lib/python3.12/site-packages/motor_controller-0.0.0-py3.12.egg-info' (and everything under it)
[1.121s] Copying ../build/motor_controller/motor_controller.egg-info to /home/cvl/CS_Animatronics/src/install/motor_controller/lib/python3.12/site-packages/motor_controller-0.0.0-py3.12.egg-info
[1.122s] running install_scripts
[1.225s] Installing motor_controller script to /home/cvl/CS_Animatronics/src/install/motor_controller/lib/motor_controller
[1.225s] Installing system_controller script to /home/cvl/CS_Animatronics/src/install/motor_controller/lib/motor_controller
[1.225s] writing list of installed files to '/home/cvl/CS_Animatronics/src/build/motor_controller/install.log'
[1.244s] Invoked command in '/home/cvl/CS_Animatronics/src/motor_controller' returned '0': DEBUGINFOD_URLS=https://debuginfod.ubuntu.com PYTHONPATH=/home/cvl/CS_Animatronics/src/build/motor_controller/prefix_override:/usr/lib/python3/dist-packages/colcon_core/task/python/colcon_distutils_commands:/home/cvl/CS_Animatronics/src/install/motor_controller/lib/python3.12/site-packages:${PYTHONPATH} /usr/bin/python3 -W ignore:setup.py install is deprecated -W ignore:easy_install command is deprecated setup.py egg_info --egg-base ../build/motor_controller build --build-base /home/cvl/CS_Animatronics/src/build/motor_controller/build install --record /home/cvl/CS_Animatronics/src/build/motor_controller/install.log --single-version-externally-managed install_data
